<?xml version="1.0" encoding="ISO-8859-1" ?>
<link_info>
   <banner>TI ARM Linker PC v18.12.2.LTS</banner>
   <copyright>Copyright (c) 1996-2018 Texas Instruments Incorporated</copyright>
   <link_time>0x5dc31806</link_time>
   <link_errors>0x0</link_errors>
   <output_file>Lab9.out</output_file>
   <entry_point>
      <name>_c_int00_noargs</name>
      <address>0x1251</address>
   </entry_point>
   <input_file_list>
      <input_file id="fl-2">
         <path>.\</path>
         <kind>object</kind>
         <file>main.obj</file>
         <name>main.obj</name>
      </input_file>
      <input_file id="fl-3">
         <path>.\</path>
         <kind>object</kind>
         <file>system_msp432p401r.obj</file>
         <name>system_msp432p401r.obj</name>
      </input_file>
      <input_file id="fl-4">
         <path>.\Library\</path>
         <kind>object</kind>
         <file>Bump.obj</file>
         <name>Bump.obj</name>
      </input_file>
      <input_file id="fl-5">
         <path>.\Library\</path>
         <kind>object</kind>
         <file>Button.obj</file>
         <name>Button.obj</name>
      </input_file>
      <input_file id="fl-6">
         <path>.\Library\</path>
         <kind>object</kind>
         <file>Clock.obj</file>
         <name>Clock.obj</name>
      </input_file>
      <input_file id="fl-7">
         <path>.\Library\</path>
         <kind>object</kind>
         <file>Encoder.obj</file>
         <name>Encoder.obj</name>
      </input_file>
      <input_file id="fl-8">
         <path>.\Library\</path>
         <kind>object</kind>
         <file>HAL_I2C.obj</file>
         <name>HAL_I2C.obj</name>
      </input_file>
      <input_file id="fl-9">
         <path>.\Library\</path>
         <kind>object</kind>
         <file>HAL_OPT3001.obj</file>
         <name>HAL_OPT3001.obj</name>
      </input_file>
      <input_file id="fl-a">
         <path>.\Library\</path>
         <kind>object</kind>
         <file>Motor.obj</file>
         <name>Motor.obj</name>
      </input_file>
      <input_file id="fl-b">
         <path>.\Library\</path>
         <kind>object</kind>
         <file>Reflectance.obj</file>
         <name>Reflectance.obj</name>
      </input_file>
      <input_file id="fl-c">
         <path>.\ccs\</path>
         <kind>object</kind>
         <file>startup_msp432p401r_ccs.obj</file>
         <name>startup_msp432p401r_ccs.obj</name>
      </input_file>
      <input_file id="fl-16">
         <kind>object</kind>
         <file>&lt;internal&gt;</file>
         <name>&lt;internal&gt;</name>
      </input_file>
      <input_file id="fl-17">
         <path>C:\ti\simplelink_msp432p4_sdk_3_30_00_13\source\ti\devices\msp432p4xx\driverlib\ccs\</path>
         <kind>archive</kind>
         <file>msp432p4xx_driverlib.lib</file>
         <name>gpio.o</name>
      </input_file>
      <input_file id="fl-18">
         <path>C:\ti\simplelink_msp432p4_sdk_3_30_00_13\source\ti\devices\msp432p4xx\driverlib\ccs\</path>
         <kind>archive</kind>
         <file>msp432p4xx_driverlib.lib</file>
         <name>i2c.o</name>
      </input_file>
      <input_file id="fl-19">
         <path>C:\ti\simplelink_msp432p4_sdk_3_30_00_13\source\ti\devices\msp432p4xx\driverlib\ccs\</path>
         <kind>archive</kind>
         <file>msp432p4xx_driverlib.lib</file>
         <name>interrupt.o</name>
      </input_file>
      <input_file id="fl-1a">
         <path>C:\ti\simplelink_msp432p4_sdk_3_30_00_13\source\ti\devices\msp432p4xx\driverlib\ccs\</path>
         <kind>archive</kind>
         <file>msp432p4xx_driverlib.lib</file>
         <name>cpu.o</name>
      </input_file>
      <input_file id="fl-d0">
         <path>C:\ti\ccs910\ccs\tools\compiler\ti-cgt-arm_18.12.2.LTS\lib\</path>
         <kind>archive</kind>
         <file>rtsv7M4_T_le_v4SPD16_eabi.lib</file>
         <name>fd_cmp_t2.asm.obj</name>
      </input_file>
      <input_file id="fl-d1">
         <path>C:\ti\ccs910\ccs\tools\compiler\ti-cgt-arm_18.12.2.LTS\lib\</path>
         <kind>archive</kind>
         <file>rtsv7M4_T_le_v4SPD16_eabi.lib</file>
         <name>fd_div_t2.asm.obj</name>
      </input_file>
      <input_file id="fl-d2">
         <path>C:\ti\ccs910\ccs\tools\compiler\ti-cgt-arm_18.12.2.LTS\lib\</path>
         <kind>archive</kind>
         <file>rtsv7M4_T_le_v4SPD16_eabi.lib</file>
         <name>fd_toi_t2.asm.obj</name>
      </input_file>
      <input_file id="fl-d3">
         <path>C:\ti\ccs910\ccs\tools\compiler\ti-cgt-arm_18.12.2.LTS\lib\</path>
         <kind>archive</kind>
         <file>rtsv7M4_T_le_v4SPD16_eabi.lib</file>
         <name>fd_tos_t2.asm.obj</name>
      </input_file>
      <input_file id="fl-d4">
         <path>C:\ti\ccs910\ccs\tools\compiler\ti-cgt-arm_18.12.2.LTS\lib\</path>
         <kind>archive</kind>
         <file>rtsv7M4_T_le_v4SPD16_eabi.lib</file>
         <name>fs_tod_t2.asm.obj</name>
      </input_file>
      <input_file id="fl-d5">
         <path>C:\ti\ccs910\ccs\tools\compiler\ti-cgt-arm_18.12.2.LTS\lib\</path>
         <kind>archive</kind>
         <file>rtsv7M4_T_le_v4SPD16_eabi.lib</file>
         <name>i_tofd_t2.asm.obj</name>
      </input_file>
      <input_file id="fl-d6">
         <path>C:\ti\ccs910\ccs\tools\compiler\ti-cgt-arm_18.12.2.LTS\lib\</path>
         <kind>archive</kind>
         <file>rtsv7M4_T_le_v4SPD16_eabi.lib</file>
         <name>copy_zero_init.c.obj</name>
      </input_file>
      <input_file id="fl-d7">
         <path>C:\ti\ccs910\ccs\tools\compiler\ti-cgt-arm_18.12.2.LTS\lib\</path>
         <kind>archive</kind>
         <file>rtsv7M4_T_le_v4SPD16_eabi.lib</file>
         <name>copy_decompress_none.c.obj</name>
      </input_file>
      <input_file id="fl-d8">
         <path>C:\ti\ccs910\ccs\tools\compiler\ti-cgt-arm_18.12.2.LTS\lib\</path>
         <kind>archive</kind>
         <file>rtsv7M4_T_le_v4SPD16_eabi.lib</file>
         <name>copy_decompress_lzss.c.obj</name>
      </input_file>
      <input_file id="fl-d9">
         <path>C:\ti\ccs910\ccs\tools\compiler\ti-cgt-arm_18.12.2.LTS\lib\</path>
         <kind>archive</kind>
         <file>rtsv7M4_T_le_v4SPD16_eabi.lib</file>
         <name>boot_cortex_m.c.obj</name>
      </input_file>
      <input_file id="fl-da">
         <path>C:\ti\ccs910\ccs\tools\compiler\ti-cgt-arm_18.12.2.LTS\lib\</path>
         <kind>archive</kind>
         <file>rtsv7M4_T_le_v4SPD16_eabi.lib</file>
         <name>memset_t2.asm.obj</name>
      </input_file>
      <input_file id="fl-db">
         <path>C:\ti\ccs910\ccs\tools\compiler\ti-cgt-arm_18.12.2.LTS\lib\</path>
         <kind>archive</kind>
         <file>rtsv7M4_T_le_v4SPD16_eabi.lib</file>
         <name>memcpy_t2.asm.obj</name>
      </input_file>
      <input_file id="fl-dc">
         <path>C:\ti\ccs910\ccs\tools\compiler\ti-cgt-arm_18.12.2.LTS\lib\</path>
         <kind>archive</kind>
         <file>rtsv7M4_T_le_v4SPD16_eabi.lib</file>
         <name>autoinit.c.obj</name>
      </input_file>
      <input_file id="fl-dd">
         <path>C:\ti\ccs910\ccs\tools\compiler\ti-cgt-arm_18.12.2.LTS\lib\</path>
         <kind>archive</kind>
         <file>rtsv7M4_T_le_v4SPD16_eabi.lib</file>
         <name>pre_init.c.obj</name>
      </input_file>
      <input_file id="fl-de">
         <path>C:\ti\ccs910\ccs\tools\compiler\ti-cgt-arm_18.12.2.LTS\lib\</path>
         <kind>archive</kind>
         <file>rtsv7M4_T_le_v4SPD16_eabi.lib</file>
         <name>cpy_tbl.c.obj</name>
      </input_file>
      <input_file id="fl-df">
         <path>C:\ti\ccs910\ccs\tools\compiler\ti-cgt-arm_18.12.2.LTS\lib\</path>
         <kind>archive</kind>
         <file>rtsv7M4_T_le_v4SPD16_eabi.lib</file>
         <name>exit.c.obj</name>
      </input_file>
      <input_file id="fl-e0">
         <path>C:\ti\ccs910\ccs\tools\compiler\ti-cgt-arm_18.12.2.LTS\lib\</path>
         <kind>archive</kind>
         <file>rtsv7M4_T_le_v4SPD16_eabi.lib</file>
         <name>_lock.c.obj</name>
      </input_file>
      <input_file id="fl-e1">
         <path>C:\ti\ccs910\ccs\tools\compiler\ti-cgt-arm_18.12.2.LTS\lib\</path>
         <kind>archive</kind>
         <file>rtsv7M4_T_le_v4SPD16_eabi.lib</file>
         <name>args_main.c.obj</name>
      </input_file>
   </input_file_list>
   <object_component_list>
      <object_component id="oc-23">
         <name>.intvecs:retain</name>
         <load_address>0x0</load_address>
         <run_address>0x0</run_address>
         <size>0xe4</size>
         <input_file_ref idref="fl-c"/>
      </object_component>
      <object_component id="oc-a8">
         <name>.text:main</name>
         <load_address>0xe4</load_address>
         <run_address>0xe4</run_address>
         <size>0x4c8</size>
         <input_file_ref idref="fl-2"/>
      </object_component>
      <object_component id="oc-191">
         <name>.text:Clock_Init48MHz</name>
         <load_address>0x5ac</load_address>
         <run_address>0x5ac</run_address>
         <size>0x17c</size>
         <input_file_ref idref="fl-6"/>
      </object_component>
      <object_component id="oc-102">
         <name>.text:OPT3001_getLux</name>
         <load_address>0x728</load_address>
         <run_address>0x728</run_address>
         <size>0xd8</size>
         <input_file_ref idref="fl-9"/>
      </object_component>
      <object_component id="oc-ea">
         <name>.text:Initialize_System</name>
         <load_address>0x800</load_address>
         <run_address>0x800</run_address>
         <size>0xb8</size>
         <input_file_ref idref="fl-2"/>
      </object_component>
      <object_component id="oc-1a3">
         <name>.text:encoder_init</name>
         <load_address>0x8b8</load_address>
         <run_address>0x8b8</run_address>
         <size>0xb4</size>
         <input_file_ref idref="fl-7"/>
      </object_component>
      <object_component id="oc-fc">
         <name>.text:Bump_Read</name>
         <load_address>0x96c</load_address>
         <run_address>0x96c</run_address>
         <size>0xb0</size>
         <input_file_ref idref="fl-4"/>
      </object_component>
      <object_component id="oc-19d">
         <name>.text:motor_init</name>
         <load_address>0xa1c</load_address>
         <run_address>0xa1c</run_address>
         <size>0xb0</size>
         <input_file_ref idref="fl-a"/>
      </object_component>
      <object_component id="oc-34">
         <name>.text</name>
         <load_address>0xacc</load_address>
         <run_address>0xacc</run_address>
         <size>0x9c</size>
         <input_file_ref idref="fl-db"/>
      </object_component>
      <object_component id="oc-7c">
         <name>.text:PORT5_IRQHandler</name>
         <load_address>0xb68</load_address>
         <run_address>0xb68</run_address>
         <size>0x98</size>
         <input_file_ref idref="fl-7"/>
      </object_component>
      <object_component id="oc-1d1">
         <name>.text:I2C_read16</name>
         <load_address>0xc00</load_address>
         <run_address>0xc00</run_address>
         <size>0x8c</size>
         <input_file_ref idref="fl-8"/>
      </object_component>
      <object_component id="oc-1a9">
         <name>.text:button_init</name>
         <load_address>0xc8c</load_address>
         <run_address>0xc8c</run_address>
         <size>0x8c</size>
         <input_file_ref idref="fl-5"/>
      </object_component>
      <object_component id="oc-219">
         <name>.text:GPIO_setAsPeripheralModuleFunctionOutputPin</name>
         <load_address>0xd18</load_address>
         <run_address>0xd18</run_address>
         <size>0x88</size>
         <input_file_ref idref="fl-17"/>
      </object_component>
      <object_component id="oc-ba">
         <name>.text:SystemInit</name>
         <load_address>0xda0</load_address>
         <run_address>0xda0</run_address>
         <size>0x78</size>
         <input_file_ref idref="fl-3"/>
      </object_component>
      <object_component id="oc-2be">
         <name>.text:I2C_masterSendMultiByteFinish</name>
         <load_address>0xe18</load_address>
         <run_address>0xe18</run_address>
         <size>0x6c</size>
         <input_file_ref idref="fl-18"/>
      </object_component>
      <object_component id="oc-25f">
         <name>.text:I2C_masterSendMultiByteStart</name>
         <load_address>0xe84</load_address>
         <run_address>0xe84</run_address>
         <size>0x68</size>
         <input_file_ref idref="fl-18"/>
      </object_component>
      <object_component id="oc-14">
         <name>.text:decompress:lzss:__TI_decompress_lzss</name>
         <load_address>0xeec</load_address>
         <run_address>0xeec</run_address>
         <size>0x68</size>
         <input_file_ref idref="fl-d8"/>
      </object_component>
      <object_component id="oc-220">
         <name>.text:I2C_initMaster</name>
         <load_address>0xf54</load_address>
         <run_address>0xf54</run_address>
         <size>0x62</size>
         <input_file_ref idref="fl-18"/>
      </object_component>
      <object_component id="oc-6a">
         <name>.text:Default_Handler</name>
         <load_address>0xfb6</load_address>
         <run_address>0xfb6</run_address>
         <size>0x2</size>
         <input_file_ref idref="fl-c"/>
      </object_component>
      <object_component id="oc-f0">
         <name>.text:set_left_motor_pwm</name>
         <load_address>0xfb8</load_address>
         <run_address>0xfb8</run_address>
         <size>0x60</size>
         <input_file_ref idref="fl-a"/>
      </object_component>
      <object_component id="oc-f6">
         <name>.text:set_right_motor_pwm</name>
         <load_address>0x1018</load_address>
         <run_address>0x1018</run_address>
         <size>0x60</size>
         <input_file_ref idref="fl-a"/>
      </object_component>
      <object_component id="oc-197">
         <name>.text:Bump_Init</name>
         <load_address>0x1078</load_address>
         <run_address>0x1078</run_address>
         <size>0x5c</size>
         <input_file_ref idref="fl-4"/>
      </object_component>
      <object_component id="oc-236">
         <name>.text:I2C_write16</name>
         <load_address>0x10d4</load_address>
         <run_address>0x10d4</run_address>
         <size>0x48</size>
         <input_file_ref idref="fl-8"/>
      </object_component>
      <object_component id="oc-76">
         <name>.text:PORT1_IRQHandler</name>
         <load_address>0x111c</load_address>
         <run_address>0x111c</run_address>
         <size>0x44</size>
         <input_file_ref idref="fl-5"/>
      </object_component>
      <object_component id="oc-14e">
         <name>.text:__TI_auto_init_nobinit_nopinit:__TI_auto_init_nobinit_nopinit</name>
         <load_address>0x1160</load_address>
         <run_address>0x1160</run_address>
         <size>0x44</size>
         <input_file_ref idref="fl-dc"/>
      </object_component>
      <object_component id="oc-27d">
         <name>.text:I2C_masterReceiveMultiByteFinish</name>
         <load_address>0x11a4</load_address>
         <run_address>0x11a4</run_address>
         <size>0x40</size>
         <input_file_ref idref="fl-18"/>
      </object_component>
      <object_component id="oc-26b">
         <name>.text:I2C_masterSendMultiByteStop</name>
         <load_address>0x11e4</load_address>
         <run_address>0x11e4</run_address>
         <size>0x38</size>
         <input_file_ref idref="fl-18"/>
      </object_component>
      <object_component id="oc-2b8">
         <name>.text:I2C_masterSendMultiByteNext</name>
         <load_address>0x121c</load_address>
         <run_address>0x121c</run_address>
         <size>0x34</size>
         <input_file_ref idref="fl-18"/>
      </object_component>
      <object_component id="oc-52">
         <name>.text:_c_int00_noargs:_c_int00_noargs</name>
         <load_address>0x1250</load_address>
         <run_address>0x1250</run_address>
         <size>0x34</size>
         <input_file_ref idref="fl-d9"/>
      </object_component>
      <object_component id="oc-120">
         <name>.text:set_left_motor_direction</name>
         <load_address>0x1284</load_address>
         <run_address>0x1284</run_address>
         <size>0x30</size>
         <input_file_ref idref="fl-a"/>
      </object_component>
      <object_component id="oc-126">
         <name>.text:set_right_motor_direction</name>
         <load_address>0x12b4</load_address>
         <run_address>0x12b4</run_address>
         <size>0x30</size>
         <input_file_ref idref="fl-a"/>
      </object_component>
      <object_component id="oc-136">
         <name>.text:Clock_Delay1ms</name>
         <load_address>0x12e4</load_address>
         <run_address>0x12e4</run_address>
         <size>0x2c</size>
         <input_file_ref idref="fl-6"/>
      </object_component>
      <object_component id="oc-1b5">
         <name>.text:I2C_init</name>
         <load_address>0x1310</load_address>
         <run_address>0x1310</run_address>
         <size>0x20</size>
         <input_file_ref idref="fl-8"/>
      </object_component>
      <object_component id="oc-253">
         <name>.text:I2C_setMode</name>
         <load_address>0x1330</load_address>
         <run_address>0x1330</run_address>
         <size>0x1c</size>
         <input_file_ref idref="fl-18"/>
      </object_component>
      <object_component id="oc-1cb">
         <name>.text:I2C_setslave</name>
         <load_address>0x134c</load_address>
         <run_address>0x134c</run_address>
         <size>0x1c</size>
         <input_file_ref idref="fl-8"/>
      </object_component>
      <object_component id="oc-40">
         <name>.text:decompress:ZI:__TI_zero_init_nomemset:__TI_zero_init_nomemset</name>
         <load_address>0x1368</load_address>
         <run_address>0x1368</run_address>
         <size>0x1c</size>
         <input_file_ref idref="fl-d6"/>
      </object_component>
      <object_component id="oc-271">
         <name>.text:I2C_masterReceiveStart</name>
         <load_address>0x1384</load_address>
         <run_address>0x1384</run_address>
         <size>0x1a</size>
         <input_file_ref idref="fl-18"/>
      </object_component>
      <object_component id="oc-265">
         <name>.text:I2C_getInterruptStatus</name>
         <load_address>0x139e</load_address>
         <run_address>0x139e</run_address>
         <size>0x18</size>
         <input_file_ref idref="fl-18"/>
      </object_component>
      <object_component id="oc-259">
         <name>.text:I2C_isBusBusy</name>
         <load_address>0x13b8</load_address>
         <run_address>0x13b8</run_address>
         <size>0x18</size>
         <input_file_ref idref="fl-18"/>
      </object_component>
      <object_component id="oc-1af">
         <name>.text:Init_I2C_GPIO</name>
         <load_address>0x13d0</load_address>
         <run_address>0x13d0</run_address>
         <size>0x18</size>
         <input_file_ref idref="fl-8"/>
      </object_component>
      <object_component id="oc-10e">
         <name>.text:button_S1_pressed</name>
         <load_address>0x13e8</load_address>
         <run_address>0x13e8</run_address>
         <size>0x18</size>
         <input_file_ref idref="fl-5"/>
      </object_component>
      <object_component id="oc-108">
         <name>.text:button_S2_pressed</name>
         <load_address>0x1400</load_address>
         <run_address>0x1400</run_address>
         <size>0x18</size>
         <input_file_ref idref="fl-5"/>
      </object_component>
      <object_component id="oc-24c">
         <name>.text:I2C_clearInterruptFlag</name>
         <load_address>0x1418</load_address>
         <run_address>0x1418</run_address>
         <size>0x16</size>
         <input_file_ref idref="fl-18"/>
      </object_component>
      <object_component id="oc-226">
         <name>.text:I2C_disableModule</name>
         <load_address>0x142e</load_address>
         <run_address>0x142e</run_address>
         <size>0x16</size>
         <input_file_ref idref="fl-18"/>
      </object_component>
      <object_component id="oc-22c">
         <name>.text:I2C_enableModule</name>
         <load_address>0x1444</load_address>
         <run_address>0x1444</run_address>
         <size>0x16</size>
         <input_file_ref idref="fl-18"/>
      </object_component>
      <object_component id="oc-277">
         <name>.text:I2C_masterReceiveMultiByteNext</name>
         <load_address>0x145a</load_address>
         <run_address>0x145a</run_address>
         <size>0x14</size>
         <input_file_ref idref="fl-18"/>
      </object_component>
      <object_component id="oc-246">
         <name>.text:I2C_setSlaveAddress</name>
         <load_address>0x146e</load_address>
         <run_address>0x146e</run_address>
         <size>0x14</size>
         <input_file_ref idref="fl-18"/>
      </object_component>
      <object_component id="oc-1bb">
         <name>.text:OPT3001_init</name>
         <load_address>0x1482</load_address>
         <run_address>0x1482</run_address>
         <size>0x14</size>
         <input_file_ref idref="fl-9"/>
      </object_component>
      <object_component id="oc-70">
         <name>.text:SysTick_Handler</name>
         <load_address>0x1498</load_address>
         <run_address>0x1498</run_address>
         <size>0x10</size>
         <input_file_ref idref="fl-2"/>
      </object_component>
      <object_component id="oc-1a">
         <name>.text:decompress:none:__TI_decompress_none</name>
         <load_address>0x14a8</load_address>
         <run_address>0x14a8</run_address>
         <size>0xe</size>
         <input_file_ref idref="fl-d7"/>
      </object_component>
      <object_component id="oc-1ea">
         <name>.text:delay</name>
         <load_address>0x14b6</load_address>
         <run_address>0x14b6</run_address>
         <size>0xe</size>
         <input_file_ref idref="fl-6"/>
      </object_component>
      <object_component id="oc-64">
         <name>.text:Reset_Handler</name>
         <load_address>0x14c4</load_address>
         <run_address>0x14c4</run_address>
         <size>0xc</size>
         <input_file_ref idref="fl-c"/>
      </object_component>
      <object_component id="oc-114">
         <name>.text:get_left_motor_count</name>
         <load_address>0x14d0</load_address>
         <run_address>0x14d0</run_address>
         <size>0xc</size>
         <input_file_ref idref="fl-7"/>
      </object_component>
      <object_component id="oc-11a">
         <name>.text:get_right_motor_count</name>
         <load_address>0x14dc</load_address>
         <run_address>0x14dc</run_address>
         <size>0xc</size>
         <input_file_ref idref="fl-7"/>
      </object_component>
      <object_component id="oc-a2">
         <name>.text:_system_pre_init</name>
         <load_address>0x14e8</load_address>
         <run_address>0x14e8</run_address>
         <size>0x4</size>
         <input_file_ref idref="fl-dd"/>
      </object_component>
      <object_component id="oc-142">
         <name>.text:abort:abort</name>
         <load_address>0x14ec</load_address>
         <run_address>0x14ec</run_address>
         <size>0x4</size>
         <input_file_ref idref="fl-df"/>
      </object_component>
      <object_component id="oc-2a8">
         <name>.const:GPIO_PORT_TO_BASE</name>
         <load_address>0x14f0</load_address>
         <run_address>0x14f0</run_address>
         <size>0x30</size>
         <input_file_ref idref="fl-17"/>
      </object_component>
      <object_component id="oc-232">
         <name>.const:i2cConfig</name>
         <load_address>0x1520</load_address>
         <run_address>0x1520</run_address>
         <size>0x14</size>
         <input_file_ref idref="fl-8"/>
      </object_component>
      <object_component id="oc-322">
         <name>.cinit..data.load</name>
         <load_address>0x1538</load_address>
         <run_address>0x1538</run_address>
         <size>0x24</size>
      </object_component>
      <object_component id="oc-320">
         <name>__TI_handler_table</name>
         <load_address>0x155c</load_address>
         <run_address>0x155c</run_address>
         <size>0xc</size>
      </object_component>
      <object_component id="oc-323">
         <name>.cinit..bss.load</name>
         <load_address>0x1568</load_address>
         <run_address>0x1568</run_address>
         <size>0x8</size>
      </object_component>
      <object_component id="oc-321">
         <name>__TI_cinit_table</name>
         <load_address>0x1570</load_address>
         <run_address>0x1570</run_address>
         <size>0x10</size>
      </object_component>
      <object_component id="oc-2f5">
         <name>.binit</name>
         <load_address>0x0</load_address>
         <run_address>0x0</run_address>
         <size>0x0</size>
      </object_component>
      <object_component id="oc-c2">
         <name>.data</name>
         <load_address>0x20000048</load_address>
         <run_address>0x20000048</run_address>
         <size>0x9</size>
         <input_file_ref idref="fl-2"/>
      </object_component>
      <object_component id="oc-c6">
         <name>.data</name>
         <load_address>0x20000051</load_address>
         <run_address>0x20000051</run_address>
         <size>0x2</size>
         <input_file_ref idref="fl-5"/>
      </object_component>
      <object_component id="oc-1f0">
         <name>.data</name>
         <load_address>0x20000000</load_address>
         <run_address>0x20000000</run_address>
         <size>0x18</size>
         <input_file_ref idref="fl-6"/>
      </object_component>
      <object_component id="oc-cf">
         <name>.data</name>
         <load_address>0x20000054</load_address>
         <run_address>0x20000054</run_address>
         <size>0x8</size>
         <input_file_ref idref="fl-7"/>
      </object_component>
      <object_component id="oc-1c6">
         <name>.data:right_motor_pwm_config</name>
         <load_address>0x20000030</load_address>
         <run_address>0x20000030</run_address>
         <size>0x18</size>
         <input_file_ref idref="fl-a"/>
      </object_component>
      <object_component id="oc-1c2">
         <name>.data:left_motor_pwm_config</name>
         <load_address>0x20000018</load_address>
         <run_address>0x20000018</run_address>
         <size>0x18</size>
         <input_file_ref idref="fl-a"/>
      </object_component>
      <object_component id="oc-12c">
         <name>.common:bump_data</name>
         <uninitialized>true</uninitialized>
         <run_address>0x20000060</run_address>
         <size>0x1</size>
      </object_component>
      <object_component id="oc-12f">
         <name>.common:bump_data0</name>
         <uninitialized>true</uninitialized>
         <run_address>0x20000061</run_address>
         <size>0x1</size>
      </object_component>
      <object_component id="oc-130">
         <name>.common:bump_data1</name>
         <uninitialized>true</uninitialized>
         <run_address>0x20000062</run_address>
         <size>0x1</size>
      </object_component>
      <object_component id="oc-131">
         <name>.common:bump_data2</name>
         <uninitialized>true</uninitialized>
         <run_address>0x20000063</run_address>
         <size>0x1</size>
      </object_component>
      <object_component id="oc-132">
         <name>.common:bump_data3</name>
         <uninitialized>true</uninitialized>
         <run_address>0x20000064</run_address>
         <size>0x1</size>
      </object_component>
      <object_component id="oc-133">
         <name>.common:bump_data4</name>
         <uninitialized>true</uninitialized>
         <run_address>0x20000065</run_address>
         <size>0x1</size>
      </object_component>
      <object_component id="oc-134">
         <name>.common:bump_data5</name>
         <uninitialized>true</uninitialized>
         <run_address>0x20000066</run_address>
         <size>0x1</size>
      </object_component>
      <object_component id="oc-135">
         <name>.common:lux</name>
         <uninitialized>true</uninitialized>
         <run_address>0x2000005c</run_address>
         <size>0x4</size>
      </object_component>
      <object_component id="oc-26">
         <name>.stack</name>
         <uninitialized>true</uninitialized>
         <run_address>0x2000fe00</run_address>
         <size>0x4</size>
         <input_file_ref idref="fl-d9"/>
      </object_component>
      <object_component id="oc-324">
         <name>.stack</name>
         <uninitialized>true</uninitialized>
         <run_address>0x2000fe00</run_address>
         <size>0x0</size>
      </object_component>
      <object_component id="oc-12d">
         <name>.debug_info</name>
         <load_address>0x0</load_address>
         <run_address>0x0</run_address>
         <size>0x9b3</size>
         <input_file_ref idref="fl-2"/>
      </object_component>
      <object_component id="oc-c3">
         <name>.debug_info</name>
         <load_address>0x9b3</load_address>
         <run_address>0x9b3</run_address>
         <size>0x10c</size>
         <input_file_ref idref="fl-2"/>
      </object_component>
      <object_component id="oc-a9">
         <name>.debug_info</name>
         <load_address>0xabf</load_address>
         <run_address>0xabf</run_address>
         <size>0x6b4</size>
         <input_file_ref idref="fl-2"/>
      </object_component>
      <object_component id="oc-eb">
         <name>.debug_info</name>
         <load_address>0x1173</load_address>
         <run_address>0x1173</run_address>
         <size>0x204</size>
         <input_file_ref idref="fl-2"/>
      </object_component>
      <object_component id="oc-71">
         <name>.debug_info</name>
         <load_address>0x1377</load_address>
         <run_address>0x1377</run_address>
         <size>0x121</size>
         <input_file_ref idref="fl-2"/>
      </object_component>
      <object_component id="oc-183">
         <name>.debug_info</name>
         <load_address>0x1498</load_address>
         <run_address>0x1498</run_address>
         <size>0xf3</size>
         <input_file_ref idref="fl-2"/>
      </object_component>
      <object_component id="oc-d5">
         <name>.debug_info</name>
         <load_address>0x158b</load_address>
         <run_address>0x158b</run_address>
         <size>0x26b</size>
         <input_file_ref idref="fl-2"/>
      </object_component>
      <object_component id="oc-1e5">
         <name>.debug_info</name>
         <load_address>0x17f6</load_address>
         <run_address>0x17f6</run_address>
         <size>0x1028</size>
         <input_file_ref idref="fl-2"/>
      </object_component>
      <object_component id="oc-1e0">
         <name>.debug_info</name>
         <load_address>0x281e</load_address>
         <run_address>0x281e</run_address>
         <size>0x37e2</size>
         <input_file_ref idref="fl-2"/>
      </object_component>
      <object_component id="oc-2e3">
         <name>.debug_info</name>
         <load_address>0x6000</load_address>
         <run_address>0x6000</run_address>
         <size>0x9a</size>
         <input_file_ref idref="fl-2"/>
      </object_component>
      <object_component id="oc-23f">
         <name>.debug_info</name>
         <load_address>0x609a</load_address>
         <run_address>0x609a</run_address>
         <size>0x341</size>
         <input_file_ref idref="fl-2"/>
      </object_component>
      <object_component id="oc-13d">
         <name>.debug_info</name>
         <load_address>0x63db</load_address>
         <run_address>0x63db</run_address>
         <size>0x8b</size>
         <input_file_ref idref="fl-2"/>
      </object_component>
      <object_component id="oc-18a">
         <name>.debug_info</name>
         <load_address>0x6466</load_address>
         <run_address>0x6466</run_address>
         <size>0x297</size>
         <input_file_ref idref="fl-2"/>
      </object_component>
      <object_component id="oc-2ac">
         <name>.debug_info</name>
         <load_address>0x66fd</load_address>
         <run_address>0x66fd</run_address>
         <size>0xef</size>
         <input_file_ref idref="fl-2"/>
      </object_component>
      <object_component id="oc-ca">
         <name>.debug_info</name>
         <load_address>0x67ec</load_address>
         <run_address>0x67ec</run_address>
         <size>0xbb</size>
         <input_file_ref idref="fl-2"/>
      </object_component>
      <object_component id="oc-bb">
         <name>.debug_info</name>
         <load_address>0x68a7</load_address>
         <run_address>0x68a7</run_address>
         <size>0x141</size>
         <input_file_ref idref="fl-3"/>
      </object_component>
      <object_component id="oc-2f">
         <name>.debug_info</name>
         <load_address>0x69e8</load_address>
         <run_address>0x69e8</run_address>
         <size>0x84</size>
         <input_file_ref idref="fl-3"/>
      </object_component>
      <object_component id="oc-19a">
         <name>.debug_info</name>
         <load_address>0x6a6c</load_address>
         <run_address>0x6a6c</run_address>
         <size>0x154</size>
         <input_file_ref idref="fl-4"/>
      </object_component>
      <object_component id="oc-fd">
         <name>.debug_info</name>
         <load_address>0x6bc0</load_address>
         <run_address>0x6bc0</run_address>
         <size>0x16e</size>
         <input_file_ref idref="fl-4"/>
      </object_component>
      <object_component id="oc-c7">
         <name>.debug_info</name>
         <load_address>0x6d2e</load_address>
         <run_address>0x6d2e</run_address>
         <size>0x149</size>
         <input_file_ref idref="fl-5"/>
      </object_component>
      <object_component id="oc-1aa">
         <name>.debug_info</name>
         <load_address>0x6e77</load_address>
         <run_address>0x6e77</run_address>
         <size>0x173</size>
         <input_file_ref idref="fl-5"/>
      </object_component>
      <object_component id="oc-10f">
         <name>.debug_info</name>
         <load_address>0x6fea</load_address>
         <run_address>0x6fea</run_address>
         <size>0x144</size>
         <input_file_ref idref="fl-5"/>
      </object_component>
      <object_component id="oc-109">
         <name>.debug_info</name>
         <load_address>0x712e</load_address>
         <run_address>0x712e</run_address>
         <size>0x144</size>
         <input_file_ref idref="fl-5"/>
      </object_component>
      <object_component id="oc-77">
         <name>.debug_info</name>
         <load_address>0x7272</load_address>
         <run_address>0x7272</run_address>
         <size>0x162</size>
         <input_file_ref idref="fl-5"/>
      </object_component>
      <object_component id="oc-1f1">
         <name>.debug_info</name>
         <load_address>0x73d4</load_address>
         <run_address>0x73d4</run_address>
         <size>0x1a2</size>
         <input_file_ref idref="fl-6"/>
      </object_component>
      <object_component id="oc-192">
         <name>.debug_info</name>
         <load_address>0x7576</load_address>
         <run_address>0x7576</run_address>
         <size>0x139</size>
         <input_file_ref idref="fl-6"/>
      </object_component>
      <object_component id="oc-1eb">
         <name>.debug_info</name>
         <load_address>0x76af</load_address>
         <run_address>0x76af</run_address>
         <size>0x154</size>
         <input_file_ref idref="fl-6"/>
      </object_component>
      <object_component id="oc-137">
         <name>.debug_info</name>
         <load_address>0x7803</load_address>
         <run_address>0x7803</run_address>
         <size>0x15a</size>
         <input_file_ref idref="fl-6"/>
      </object_component>
      <object_component id="oc-d0">
         <name>.debug_info</name>
         <load_address>0x795d</load_address>
         <run_address>0x795d</run_address>
         <size>0x134</size>
         <input_file_ref idref="fl-7"/>
      </object_component>
      <object_component id="oc-1a5">
         <name>.debug_info</name>
         <load_address>0x7a91</load_address>
         <run_address>0x7a91</run_address>
         <size>0x18d</size>
         <input_file_ref idref="fl-7"/>
      </object_component>
      <object_component id="oc-116">
         <name>.debug_info</name>
         <load_address>0x7c1e</load_address>
         <run_address>0x7c1e</run_address>
         <size>0x14d</size>
         <input_file_ref idref="fl-7"/>
      </object_component>
      <object_component id="oc-11b">
         <name>.debug_info</name>
         <load_address>0x7d6b</load_address>
         <run_address>0x7d6b</run_address>
         <size>0x14f</size>
         <input_file_ref idref="fl-7"/>
      </object_component>
      <object_component id="oc-7e">
         <name>.debug_info</name>
         <load_address>0x7eba</load_address>
         <run_address>0x7eba</run_address>
         <size>0x181</size>
         <input_file_ref idref="fl-7"/>
      </object_component>
      <object_component id="oc-2b7">
         <name>.debug_info</name>
         <load_address>0x803b</load_address>
         <run_address>0x803b</run_address>
         <size>0x9ba</size>
         <input_file_ref idref="fl-8"/>
      </object_component>
      <object_component id="oc-233">
         <name>.debug_info</name>
         <load_address>0x89f5</load_address>
         <run_address>0x89f5</run_address>
         <size>0xf3</size>
         <input_file_ref idref="fl-8"/>
      </object_component>
      <object_component id="oc-1b0">
         <name>.debug_info</name>
         <load_address>0x8ae8</load_address>
         <run_address>0x8ae8</run_address>
         <size>0x19f</size>
         <input_file_ref idref="fl-8"/>
      </object_component>
      <object_component id="oc-1b6">
         <name>.debug_info</name>
         <load_address>0x8c87</load_address>
         <run_address>0x8c87</run_address>
         <size>0x175</size>
         <input_file_ref idref="fl-8"/>
      </object_component>
      <object_component id="oc-1d2">
         <name>.debug_info</name>
         <load_address>0x8dfc</load_address>
         <run_address>0x8dfc</run_address>
         <size>0x2e6</size>
         <input_file_ref idref="fl-8"/>
      </object_component>
      <object_component id="oc-237">
         <name>.debug_info</name>
         <load_address>0x90e2</load_address>
         <run_address>0x90e2</run_address>
         <size>0x249</size>
         <input_file_ref idref="fl-8"/>
      </object_component>
      <object_component id="oc-1cc">
         <name>.debug_info</name>
         <load_address>0x932b</load_address>
         <run_address>0x932b</run_address>
         <size>0x1a3</size>
         <input_file_ref idref="fl-8"/>
      </object_component>
      <object_component id="oc-1bd">
         <name>.debug_info</name>
         <load_address>0x94ce</load_address>
         <run_address>0x94ce</run_address>
         <size>0x16a</size>
         <input_file_ref idref="fl-9"/>
      </object_component>
      <object_component id="oc-103">
         <name>.debug_info</name>
         <load_address>0x9638</load_address>
         <run_address>0x9638</run_address>
         <size>0x1b1</size>
         <input_file_ref idref="fl-9"/>
      </object_component>
      <object_component id="oc-1c7">
         <name>.debug_info</name>
         <load_address>0x97e9</load_address>
         <run_address>0x97e9</run_address>
         <size>0x10b</size>
         <input_file_ref idref="fl-a"/>
      </object_component>
      <object_component id="oc-1c3">
         <name>.debug_info</name>
         <load_address>0x98f4</load_address>
         <run_address>0x98f4</run_address>
         <size>0x109</size>
         <input_file_ref idref="fl-a"/>
      </object_component>
      <object_component id="oc-19e">
         <name>.debug_info</name>
         <load_address>0x99fd</load_address>
         <run_address>0x99fd</run_address>
         <size>0x1a1</size>
         <input_file_ref idref="fl-a"/>
      </object_component>
      <object_component id="oc-f1">
         <name>.debug_info</name>
         <load_address>0x9b9e</load_address>
         <run_address>0x9b9e</run_address>
         <size>0x192</size>
         <input_file_ref idref="fl-a"/>
      </object_component>
      <object_component id="oc-f9">
         <name>.debug_info</name>
         <load_address>0x9d30</load_address>
         <run_address>0x9d30</run_address>
         <size>0x194</size>
         <input_file_ref idref="fl-a"/>
      </object_component>
      <object_component id="oc-122">
         <name>.debug_info</name>
         <load_address>0x9ec4</load_address>
         <run_address>0x9ec4</run_address>
         <size>0x178</size>
         <input_file_ref idref="fl-a"/>
      </object_component>
      <object_component id="oc-127">
         <name>.debug_info</name>
         <load_address>0xa03c</load_address>
         <run_address>0xa03c</run_address>
         <size>0x17a</size>
         <input_file_ref idref="fl-a"/>
      </object_component>
      <object_component id="oc-84">
         <name>.debug_info</name>
         <load_address>0xa1b6</load_address>
         <run_address>0xa1b6</run_address>
         <size>0x2e1</size>
         <input_file_ref idref="fl-c"/>
      </object_component>
      <object_component id="oc-24">
         <name>.debug_info</name>
         <load_address>0xa497</load_address>
         <run_address>0xa497</run_address>
         <size>0x10d</size>
         <input_file_ref idref="fl-c"/>
      </object_component>
      <object_component id="oc-65">
         <name>.debug_info</name>
         <load_address>0xa5a4</load_address>
         <run_address>0xa5a4</run_address>
         <size>0x170</size>
         <input_file_ref idref="fl-c"/>
      </object_component>
      <object_component id="oc-6e">
         <name>.debug_info</name>
         <load_address>0xa714</load_address>
         <run_address>0xa714</run_address>
         <size>0x158</size>
         <input_file_ref idref="fl-c"/>
      </object_component>
      <object_component id="oc-2e0">
         <name>.debug_info</name>
         <load_address>0xa86c</load_address>
         <run_address>0xa86c</run_address>
         <size>0x701</size>
         <input_file_ref idref="fl-17"/>
      </object_component>
      <object_component id="oc-2a9">
         <name>.debug_info</name>
         <load_address>0xaf6d</load_address>
         <run_address>0xaf6d</run_address>
         <size>0x135</size>
         <input_file_ref idref="fl-17"/>
      </object_component>
      <object_component id="oc-21a">
         <name>.debug_info</name>
         <load_address>0xb0a2</load_address>
         <run_address>0xb0a2</run_address>
         <size>0x2a5</size>
         <input_file_ref idref="fl-17"/>
      </object_component>
      <object_component id="oc-2e8">
         <name>.debug_info</name>
         <load_address>0xb347</load_address>
         <run_address>0xb347</run_address>
         <size>0x431a</size>
         <input_file_ref idref="fl-17"/>
      </object_component>
      <object_component id="oc-2b2">
         <name>.debug_info</name>
         <load_address>0xf661</load_address>
         <run_address>0xf661</run_address>
         <size>0x6f0</size>
         <input_file_ref idref="fl-18"/>
      </object_component>
      <object_component id="oc-222">
         <name>.debug_info</name>
         <load_address>0xfd51</load_address>
         <run_address>0xfd51</run_address>
         <size>0x23b</size>
         <input_file_ref idref="fl-18"/>
      </object_component>
      <object_component id="oc-22e">
         <name>.debug_info</name>
         <load_address>0xff8c</load_address>
         <run_address>0xff8c</run_address>
         <size>0x1ee</size>
         <input_file_ref idref="fl-18"/>
      </object_component>
      <object_component id="oc-228">
         <name>.debug_info</name>
         <load_address>0x1017a</load_address>
         <run_address>0x1017a</run_address>
         <size>0x1f0</size>
         <input_file_ref idref="fl-18"/>
      </object_component>
      <object_component id="oc-248">
         <name>.debug_info</name>
         <load_address>0x1036a</load_address>
         <run_address>0x1036a</run_address>
         <size>0x237</size>
         <input_file_ref idref="fl-18"/>
      </object_component>
      <object_component id="oc-255">
         <name>.debug_info</name>
         <load_address>0x105a1</load_address>
         <run_address>0x105a1</run_address>
         <size>0x207</size>
         <input_file_ref idref="fl-18"/>
      </object_component>
      <object_component id="oc-25b">
         <name>.debug_info</name>
         <load_address>0x107a8</load_address>
         <run_address>0x107a8</run_address>
         <size>0x1ec</size>
         <input_file_ref idref="fl-18"/>
      </object_component>
      <object_component id="oc-261">
         <name>.debug_info</name>
         <load_address>0x10994</load_address>
         <run_address>0x10994</run_address>
         <size>0x252</size>
         <input_file_ref idref="fl-18"/>
      </object_component>
      <object_component id="oc-2ba">
         <name>.debug_info</name>
         <load_address>0x10be6</load_address>
         <run_address>0x10be6</run_address>
         <size>0x232</size>
         <input_file_ref idref="fl-18"/>
      </object_component>
      <object_component id="oc-2c0">
         <name>.debug_info</name>
         <load_address>0x10e18</load_address>
         <run_address>0x10e18</run_address>
         <size>0x23a</size>
         <input_file_ref idref="fl-18"/>
      </object_component>
      <object_component id="oc-26d">
         <name>.debug_info</name>
         <load_address>0x11052</load_address>
         <run_address>0x11052</run_address>
         <size>0x207</size>
         <input_file_ref idref="fl-18"/>
      </object_component>
      <object_component id="oc-273">
         <name>.debug_info</name>
         <load_address>0x11259</load_address>
         <run_address>0x11259</run_address>
         <size>0x1fd</size>
         <input_file_ref idref="fl-18"/>
      </object_component>
      <object_component id="oc-279">
         <name>.debug_info</name>
         <load_address>0x11456</load_address>
         <run_address>0x11456</run_address>
         <size>0x211</size>
         <input_file_ref idref="fl-18"/>
      </object_component>
      <object_component id="oc-27f">
         <name>.debug_info</name>
         <load_address>0x11667</load_address>
         <run_address>0x11667</run_address>
         <size>0x215</size>
         <input_file_ref idref="fl-18"/>
      </object_component>
      <object_component id="oc-250">
         <name>.debug_info</name>
         <load_address>0x1187c</load_address>
         <run_address>0x1187c</run_address>
         <size>0x220</size>
         <input_file_ref idref="fl-18"/>
      </object_component>
      <object_component id="oc-269">
         <name>.debug_info</name>
         <load_address>0x11a9c</load_address>
         <run_address>0x11a9c</run_address>
         <size>0x224</size>
         <input_file_ref idref="fl-18"/>
      </object_component>
      <object_component id="oc-9b">
         <name>.debug_info</name>
         <load_address>0x11cc0</load_address>
         <run_address>0x11cc0</run_address>
         <size>0x2d5</size>
         <input_file_ref idref="fl-d6"/>
      </object_component>
      <object_component id="oc-41">
         <name>.debug_info</name>
         <load_address>0x11f95</load_address>
         <run_address>0x11f95</run_address>
         <size>0x1d3</size>
         <input_file_ref idref="fl-d6"/>
      </object_component>
      <object_component id="oc-96">
         <name>.debug_info</name>
         <load_address>0x12168</load_address>
         <run_address>0x12168</run_address>
         <size>0x46</size>
         <input_file_ref idref="fl-d6"/>
      </object_component>
      <object_component id="oc-e1">
         <name>.debug_info</name>
         <load_address>0x121ae</load_address>
         <run_address>0x121ae</run_address>
         <size>0x2c</size>
         <input_file_ref idref="fl-d6"/>
      </object_component>
      <object_component id="oc-3f">
         <name>.debug_info</name>
         <load_address>0x121da</load_address>
         <run_address>0x121da</run_address>
         <size>0x2a9</size>
         <input_file_ref idref="fl-d7"/>
      </object_component>
      <object_component id="oc-1d">
         <name>.debug_info</name>
         <load_address>0x12483</load_address>
         <run_address>0x12483</run_address>
         <size>0x1eb</size>
         <input_file_ref idref="fl-d7"/>
      </object_component>
      <object_component id="oc-3a">
         <name>.debug_info</name>
         <load_address>0x1266e</load_address>
         <run_address>0x1266e</run_address>
         <size>0x46</size>
         <input_file_ref idref="fl-d7"/>
      </object_component>
      <object_component id="oc-8e">
         <name>.debug_info</name>
         <load_address>0x126b4</load_address>
         <run_address>0x126b4</run_address>
         <size>0x2c</size>
         <input_file_ref idref="fl-d7"/>
      </object_component>
      <object_component id="oc-8c">
         <name>.debug_info</name>
         <load_address>0x126e0</load_address>
         <run_address>0x126e0</run_address>
         <size>0x29f</size>
         <input_file_ref idref="fl-d8"/>
      </object_component>
      <object_component id="oc-16">
         <name>.debug_info</name>
         <load_address>0x1297f</load_address>
         <run_address>0x1297f</run_address>
         <size>0x251</size>
         <input_file_ref idref="fl-d8"/>
      </object_component>
      <object_component id="oc-2a">
         <name>.debug_info</name>
         <load_address>0x12bd0</load_address>
         <run_address>0x12bd0</run_address>
         <size>0x60</size>
         <input_file_ref idref="fl-d8"/>
      </object_component>
      <object_component id="oc-da">
         <name>.debug_info</name>
         <load_address>0x12c30</load_address>
         <run_address>0x12c30</run_address>
         <size>0x46</size>
         <input_file_ref idref="fl-d8"/>
      </object_component>
      <object_component id="oc-87">
         <name>.debug_info</name>
         <load_address>0x12c76</load_address>
         <run_address>0x12c76</run_address>
         <size>0x39</size>
         <input_file_ref idref="fl-d8"/>
      </object_component>
      <object_component id="oc-27">
         <name>.debug_info</name>
         <load_address>0x12caf</load_address>
         <run_address>0x12caf</run_address>
         <size>0x10c</size>
         <input_file_ref idref="fl-d9"/>
      </object_component>
      <object_component id="oc-56">
         <name>.debug_info</name>
         <load_address>0x12dbb</load_address>
         <run_address>0x12dbb</run_address>
         <size>0x1aa</size>
         <input_file_ref idref="fl-d9"/>
      </object_component>
      <object_component id="oc-36">
         <name>.debug_info</name>
         <load_address>0x12f65</load_address>
         <run_address>0x12f65</run_address>
         <size>0x11a</size>
         <input_file_ref idref="fl-db"/>
      </object_component>
      <object_component id="oc-1ff">
         <name>.debug_info</name>
         <load_address>0x1307f</load_address>
         <run_address>0x1307f</run_address>
         <size>0x4b4</size>
         <input_file_ref idref="fl-dc"/>
      </object_component>
      <object_component id="oc-151">
         <name>.debug_info</name>
         <load_address>0x13533</load_address>
         <run_address>0x13533</run_address>
         <size>0x1a7</size>
         <input_file_ref idref="fl-dc"/>
      </object_component>
      <object_component id="oc-297">
         <name>.debug_info</name>
         <load_address>0x136da</load_address>
         <run_address>0x136da</run_address>
         <size>0x39</size>
         <input_file_ref idref="fl-dc"/>
      </object_component>
      <object_component id="oc-2d2">
         <name>.debug_info</name>
         <load_address>0x13713</load_address>
         <run_address>0x13713</run_address>
         <size>0x39</size>
         <input_file_ref idref="fl-dc"/>
      </object_component>
      <object_component id="oc-29c">
         <name>.debug_info</name>
         <load_address>0x1374c</load_address>
         <run_address>0x1374c</run_address>
         <size>0x39</size>
         <input_file_ref idref="fl-dc"/>
      </object_component>
      <object_component id="oc-2a1">
         <name>.debug_info</name>
         <load_address>0x13785</load_address>
         <run_address>0x13785</run_address>
         <size>0xcd</size>
         <input_file_ref idref="fl-dc"/>
      </object_component>
      <object_component id="oc-a3">
         <name>.debug_info</name>
         <load_address>0x13852</load_address>
         <run_address>0x13852</run_address>
         <size>0x154</size>
         <input_file_ref idref="fl-dd"/>
      </object_component>
      <object_component id="oc-144">
         <name>.debug_info</name>
         <load_address>0x139a6</load_address>
         <run_address>0x139a6</run_address>
         <size>0x123</size>
         <input_file_ref idref="fl-df"/>
      </object_component>
      <object_component id="oc-325">
         <name>.debug_info</name>
         <load_address>0x13ac9</load_address>
         <run_address>0x13ac9</run_address>
         <size>0xb5</size>
      </object_component>
      <object_component id="oc-1df">
         <name>.debug_line</name>
         <load_address>0x0</load_address>
         <run_address>0x0</run_address>
         <size>0xd1</size>
         <input_file_ref idref="fl-2"/>
      </object_component>
      <object_component id="oc-182">
         <name>.debug_line</name>
         <load_address>0xd1</load_address>
         <run_address>0xd1</run_address>
         <size>0x2d</size>
         <input_file_ref idref="fl-2"/>
      </object_component>
      <object_component id="oc-ac">
         <name>.debug_line</name>
         <load_address>0xfe</load_address>
         <run_address>0xfe</run_address>
         <size>0x15b</size>
         <input_file_ref idref="fl-2"/>
      </object_component>
      <object_component id="oc-ef">
         <name>.debug_line</name>
         <load_address>0x259</load_address>
         <run_address>0x259</run_address>
         <size>0x57</size>
         <input_file_ref idref="fl-2"/>
      </object_component>
      <object_component id="oc-75">
         <name>.debug_line</name>
         <load_address>0x2b0</load_address>
         <run_address>0x2b0</run_address>
         <size>0x45</size>
         <input_file_ref idref="fl-2"/>
      </object_component>
      <object_component id="oc-186">
         <name>.debug_line</name>
         <load_address>0x2f5</load_address>
         <run_address>0x2f5</run_address>
         <size>0x2d</size>
         <input_file_ref idref="fl-2"/>
      </object_component>
      <object_component id="oc-d8">
         <name>.debug_line</name>
         <load_address>0x322</load_address>
         <run_address>0x322</run_address>
         <size>0x6f</size>
         <input_file_ref idref="fl-2"/>
      </object_component>
      <object_component id="oc-1e8">
         <name>.debug_line</name>
         <load_address>0x391</load_address>
         <run_address>0x391</run_address>
         <size>0x78</size>
         <input_file_ref idref="fl-2"/>
      </object_component>
      <object_component id="oc-1e3">
         <name>.debug_line</name>
         <load_address>0x409</load_address>
         <run_address>0x409</run_address>
         <size>0x7b</size>
         <input_file_ref idref="fl-2"/>
      </object_component>
      <object_component id="oc-2e6">
         <name>.debug_line</name>
         <load_address>0x484</load_address>
         <run_address>0x484</run_address>
         <size>0x79</size>
         <input_file_ref idref="fl-2"/>
      </object_component>
      <object_component id="oc-242">
         <name>.debug_line</name>
         <load_address>0x4fd</load_address>
         <run_address>0x4fd</run_address>
         <size>0x7d</size>
         <input_file_ref idref="fl-2"/>
      </object_component>
      <object_component id="oc-140">
         <name>.debug_line</name>
         <load_address>0x57a</load_address>
         <run_address>0x57a</run_address>
         <size>0x20</size>
         <input_file_ref idref="fl-2"/>
      </object_component>
      <object_component id="oc-18d">
         <name>.debug_line</name>
         <load_address>0x59a</load_address>
         <run_address>0x59a</run_address>
         <size>0x73</size>
         <input_file_ref idref="fl-2"/>
      </object_component>
      <object_component id="oc-2af">
         <name>.debug_line</name>
         <load_address>0x60d</load_address>
         <run_address>0x60d</run_address>
         <size>0x6f</size>
         <input_file_ref idref="fl-2"/>
      </object_component>
      <object_component id="oc-cd">
         <name>.debug_line</name>
         <load_address>0x67c</load_address>
         <run_address>0x67c</run_address>
         <size>0x70</size>
         <input_file_ref idref="fl-2"/>
      </object_component>
      <object_component id="oc-be">
         <name>.debug_line</name>
         <load_address>0x6ec</load_address>
         <run_address>0x6ec</run_address>
         <size>0x66</size>
         <input_file_ref idref="fl-3"/>
      </object_component>
      <object_component id="oc-32">
         <name>.debug_line</name>
         <load_address>0x752</load_address>
         <run_address>0x752</run_address>
         <size>0x20</size>
         <input_file_ref idref="fl-3"/>
      </object_component>
      <object_component id="oc-198">
         <name>.debug_line</name>
         <load_address>0x772</load_address>
         <run_address>0x772</run_address>
         <size>0x51</size>
         <input_file_ref idref="fl-4"/>
      </object_component>
      <object_component id="oc-100">
         <name>.debug_line</name>
         <load_address>0x7c3</load_address>
         <run_address>0x7c3</run_address>
         <size>0x56</size>
         <input_file_ref idref="fl-4"/>
      </object_component>
      <object_component id="oc-189">
         <name>.debug_line</name>
         <load_address>0x819</load_address>
         <run_address>0x819</run_address>
         <size>0x37</size>
         <input_file_ref idref="fl-5"/>
      </object_component>
      <object_component id="oc-1ae">
         <name>.debug_line</name>
         <load_address>0x850</load_address>
         <run_address>0x850</run_address>
         <size>0x54</size>
         <input_file_ref idref="fl-5"/>
      </object_component>
      <object_component id="oc-113">
         <name>.debug_line</name>
         <load_address>0x8a4</load_address>
         <run_address>0x8a4</run_address>
         <size>0x53</size>
         <input_file_ref idref="fl-5"/>
      </object_component>
      <object_component id="oc-10d">
         <name>.debug_line</name>
         <load_address>0x8f7</load_address>
         <run_address>0x8f7</run_address>
         <size>0x53</size>
         <input_file_ref idref="fl-5"/>
      </object_component>
      <object_component id="oc-7b">
         <name>.debug_line</name>
         <load_address>0x94a</load_address>
         <run_address>0x94a</run_address>
         <size>0x5c</size>
         <input_file_ref idref="fl-5"/>
      </object_component>
      <object_component id="oc-286">
         <name>.debug_line</name>
         <load_address>0x9a6</load_address>
         <run_address>0x9a6</run_address>
         <size>0x36</size>
         <input_file_ref idref="fl-6"/>
      </object_component>
      <object_component id="oc-196">
         <name>.debug_line</name>
         <load_address>0x9dc</load_address>
         <run_address>0x9dc</run_address>
         <size>0x89</size>
         <input_file_ref idref="fl-6"/>
      </object_component>
      <object_component id="oc-1ee">
         <name>.debug_line</name>
         <load_address>0xa65</load_address>
         <run_address>0xa65</run_address>
         <size>0x4e</size>
         <input_file_ref idref="fl-6"/>
      </object_component>
      <object_component id="oc-13a">
         <name>.debug_line</name>
         <load_address>0xab3</load_address>
         <run_address>0xab3</run_address>
         <size>0x55</size>
         <input_file_ref idref="fl-6"/>
      </object_component>
      <object_component id="oc-190">
         <name>.debug_line</name>
         <load_address>0xb08</load_address>
         <run_address>0xb08</run_address>
         <size>0x38</size>
         <input_file_ref idref="fl-7"/>
      </object_component>
      <object_component id="oc-1a4">
         <name>.debug_line</name>
         <load_address>0xb40</load_address>
         <run_address>0xb40</run_address>
         <size>0x5a</size>
         <input_file_ref idref="fl-7"/>
      </object_component>
      <object_component id="oc-115">
         <name>.debug_line</name>
         <load_address>0xb9a</load_address>
         <run_address>0xb9a</run_address>
         <size>0x4d</size>
         <input_file_ref idref="fl-7"/>
      </object_component>
      <object_component id="oc-11e">
         <name>.debug_line</name>
         <load_address>0xbe7</load_address>
         <run_address>0xbe7</run_address>
         <size>0x4d</size>
         <input_file_ref idref="fl-7"/>
      </object_component>
      <object_component id="oc-7d">
         <name>.debug_line</name>
         <load_address>0xc34</load_address>
         <run_address>0xc34</run_address>
         <size>0x68</size>
         <input_file_ref idref="fl-7"/>
      </object_component>
      <object_component id="oc-2ee">
         <name>.debug_line</name>
         <load_address>0xc9c</load_address>
         <run_address>0xc9c</run_address>
         <size>0xd3</size>
         <input_file_ref idref="fl-8"/>
      </object_component>
      <object_component id="oc-2b6">
         <name>.debug_line</name>
         <load_address>0xd6f</load_address>
         <run_address>0xd6f</run_address>
         <size>0x38</size>
         <input_file_ref idref="fl-8"/>
      </object_component>
      <object_component id="oc-1b4">
         <name>.debug_line</name>
         <load_address>0xda7</load_address>
         <run_address>0xda7</run_address>
         <size>0x50</size>
         <input_file_ref idref="fl-8"/>
      </object_component>
      <object_component id="oc-1b9">
         <name>.debug_line</name>
         <load_address>0xdf7</load_address>
         <run_address>0xdf7</run_address>
         <size>0x53</size>
         <input_file_ref idref="fl-8"/>
      </object_component>
      <object_component id="oc-1d5">
         <name>.debug_line</name>
         <load_address>0xe4a</load_address>
         <run_address>0xe4a</run_address>
         <size>0x72</size>
         <input_file_ref idref="fl-8"/>
      </object_component>
      <object_component id="oc-23a">
         <name>.debug_line</name>
         <load_address>0xebc</load_address>
         <run_address>0xebc</run_address>
         <size>0x55</size>
         <input_file_ref idref="fl-8"/>
      </object_component>
      <object_component id="oc-1d0">
         <name>.debug_line</name>
         <load_address>0xf11</load_address>
         <run_address>0xf11</run_address>
         <size>0x52</size>
         <input_file_ref idref="fl-8"/>
      </object_component>
      <object_component id="oc-1c0">
         <name>.debug_line</name>
         <load_address>0xf63</load_address>
         <run_address>0xf63</run_address>
         <size>0x54</size>
         <input_file_ref idref="fl-9"/>
      </object_component>
      <object_component id="oc-106">
         <name>.debug_line</name>
         <load_address>0xfb7</load_address>
         <run_address>0xfb7</run_address>
         <size>0x84</size>
         <input_file_ref idref="fl-9"/>
      </object_component>
      <object_component id="oc-245">
         <name>.debug_line</name>
         <load_address>0x103b</load_address>
         <run_address>0x103b</run_address>
         <size>0x36</size>
         <input_file_ref idref="fl-a"/>
      </object_component>
      <object_component id="oc-23e">
         <name>.debug_line</name>
         <load_address>0x1071</load_address>
         <run_address>0x1071</run_address>
         <size>0x36</size>
         <input_file_ref idref="fl-a"/>
      </object_component>
      <object_component id="oc-1a1">
         <name>.debug_line</name>
         <load_address>0x10a7</load_address>
         <run_address>0x10a7</run_address>
         <size>0x57</size>
         <input_file_ref idref="fl-a"/>
      </object_component>
      <object_component id="oc-f4">
         <name>.debug_line</name>
         <load_address>0x10fe</load_address>
         <run_address>0x10fe</run_address>
         <size>0x5c</size>
         <input_file_ref idref="fl-a"/>
      </object_component>
      <object_component id="oc-f7">
         <name>.debug_line</name>
         <load_address>0x115a</load_address>
         <run_address>0x115a</run_address>
         <size>0x5c</size>
         <input_file_ref idref="fl-a"/>
      </object_component>
      <object_component id="oc-125">
         <name>.debug_line</name>
         <load_address>0x11b6</load_address>
         <run_address>0x11b6</run_address>
         <size>0x52</size>
         <input_file_ref idref="fl-a"/>
      </object_component>
      <object_component id="oc-12b">
         <name>.debug_line</name>
         <load_address>0x1208</load_address>
         <run_address>0x1208</run_address>
         <size>0x52</size>
         <input_file_ref idref="fl-a"/>
      </object_component>
      <object_component id="oc-d4">
         <name>.debug_line</name>
         <load_address>0x125a</load_address>
         <run_address>0x125a</run_address>
         <size>0x44</size>
         <input_file_ref idref="fl-c"/>
      </object_component>
      <object_component id="oc-83">
         <name>.debug_line</name>
         <load_address>0x129e</load_address>
         <run_address>0x129e</run_address>
         <size>0x44</size>
         <input_file_ref idref="fl-c"/>
      </object_component>
      <object_component id="oc-69">
         <name>.debug_line</name>
         <load_address>0x12e2</load_address>
         <run_address>0x12e2</run_address>
         <size>0x5d</size>
         <input_file_ref idref="fl-c"/>
      </object_component>
      <object_component id="oc-6b">
         <name>.debug_line</name>
         <load_address>0x133f</load_address>
         <run_address>0x133f</run_address>
         <size>0x59</size>
         <input_file_ref idref="fl-c"/>
      </object_component>
      <object_component id="oc-2f2">
         <name>.debug_line</name>
         <load_address>0x1398</load_address>
         <run_address>0x1398</run_address>
         <size>0x56</size>
         <input_file_ref idref="fl-17"/>
      </object_component>
      <object_component id="oc-2df">
         <name>.debug_line</name>
         <load_address>0x13ee</load_address>
         <run_address>0x13ee</run_address>
         <size>0x51</size>
         <input_file_ref idref="fl-17"/>
      </object_component>
      <object_component id="oc-21d">
         <name>.debug_line</name>
         <load_address>0x143f</load_address>
         <run_address>0x143f</run_address>
         <size>0x78</size>
         <input_file_ref idref="fl-17"/>
      </object_component>
      <object_component id="oc-2eb">
         <name>.debug_line</name>
         <load_address>0x14b7</load_address>
         <run_address>0x14b7</run_address>
         <size>0x51</size>
         <input_file_ref idref="fl-17"/>
      </object_component>
      <object_component id="oc-2e2">
         <name>.debug_line</name>
         <load_address>0x1508</load_address>
         <run_address>0x1508</run_address>
         <size>0x56</size>
         <input_file_ref idref="fl-18"/>
      </object_component>
      <object_component id="oc-225">
         <name>.debug_line</name>
         <load_address>0x155e</load_address>
         <run_address>0x155e</run_address>
         <size>0x70</size>
         <input_file_ref idref="fl-18"/>
      </object_component>
      <object_component id="oc-231">
         <name>.debug_line</name>
         <load_address>0x15ce</load_address>
         <run_address>0x15ce</run_address>
         <size>0x68</size>
         <input_file_ref idref="fl-18"/>
      </object_component>
      <object_component id="oc-22b">
         <name>.debug_line</name>
         <load_address>0x1636</load_address>
         <run_address>0x1636</run_address>
         <size>0x68</size>
         <input_file_ref idref="fl-18"/>
      </object_component>
      <object_component id="oc-24b">
         <name>.debug_line</name>
         <load_address>0x169e</load_address>
         <run_address>0x169e</run_address>
         <size>0x68</size>
         <input_file_ref idref="fl-18"/>
      </object_component>
      <object_component id="oc-258">
         <name>.debug_line</name>
         <load_address>0x1706</load_address>
         <run_address>0x1706</run_address>
         <size>0x68</size>
         <input_file_ref idref="fl-18"/>
      </object_component>
      <object_component id="oc-25e">
         <name>.debug_line</name>
         <load_address>0x176e</load_address>
         <run_address>0x176e</run_address>
         <size>0x68</size>
         <input_file_ref idref="fl-18"/>
      </object_component>
      <object_component id="oc-264">
         <name>.debug_line</name>
         <load_address>0x17d6</load_address>
         <run_address>0x17d6</run_address>
         <size>0x74</size>
         <input_file_ref idref="fl-18"/>
      </object_component>
      <object_component id="oc-2bd">
         <name>.debug_line</name>
         <load_address>0x184a</load_address>
         <run_address>0x184a</run_address>
         <size>0x71</size>
         <input_file_ref idref="fl-18"/>
      </object_component>
      <object_component id="oc-2c3">
         <name>.debug_line</name>
         <load_address>0x18bb</load_address>
         <run_address>0x18bb</run_address>
         <size>0x7f</size>
         <input_file_ref idref="fl-18"/>
      </object_component>
      <object_component id="oc-26f">
         <name>.debug_line</name>
         <load_address>0x193a</load_address>
         <run_address>0x193a</run_address>
         <size>0x71</size>
         <input_file_ref idref="fl-18"/>
      </object_component>
      <object_component id="oc-275">
         <name>.debug_line</name>
         <load_address>0x19ab</load_address>
         <run_address>0x19ab</run_address>
         <size>0x68</size>
         <input_file_ref idref="fl-18"/>
      </object_component>
      <object_component id="oc-27b">
         <name>.debug_line</name>
         <load_address>0x1a13</load_address>
         <run_address>0x1a13</run_address>
         <size>0x68</size>
         <input_file_ref idref="fl-18"/>
      </object_component>
      <object_component id="oc-281">
         <name>.debug_line</name>
         <load_address>0x1a7b</load_address>
         <run_address>0x1a7b</run_address>
         <size>0x70</size>
         <input_file_ref idref="fl-18"/>
      </object_component>
      <object_component id="oc-24e">
         <name>.debug_line</name>
         <load_address>0x1aeb</load_address>
         <run_address>0x1aeb</run_address>
         <size>0x68</size>
         <input_file_ref idref="fl-18"/>
      </object_component>
      <object_component id="oc-267">
         <name>.debug_line</name>
         <load_address>0x1b53</load_address>
         <run_address>0x1b53</run_address>
         <size>0x68</size>
         <input_file_ref idref="fl-18"/>
      </object_component>
      <object_component id="oc-e7">
         <name>.debug_line</name>
         <load_address>0x1bbb</load_address>
         <run_address>0x1bbb</run_address>
         <size>0x92</size>
         <input_file_ref idref="fl-d6"/>
      </object_component>
      <object_component id="oc-44">
         <name>.debug_line</name>
         <load_address>0x1c4d</load_address>
         <run_address>0x1c4d</run_address>
         <size>0x56</size>
         <input_file_ref idref="fl-d6"/>
      </object_component>
      <object_component id="oc-99">
         <name>.debug_line</name>
         <load_address>0x1ca3</load_address>
         <run_address>0x1ca3</run_address>
         <size>0x34</size>
         <input_file_ref idref="fl-d6"/>
      </object_component>
      <object_component id="oc-e4">
         <name>.debug_line</name>
         <load_address>0x1cd7</load_address>
         <run_address>0x1cd7</run_address>
         <size>0x92</size>
         <input_file_ref idref="fl-d6"/>
      </object_component>
      <object_component id="oc-94">
         <name>.debug_line</name>
         <load_address>0x1d69</load_address>
         <run_address>0x1d69</run_address>
         <size>0x20</size>
         <input_file_ref idref="fl-d7"/>
      </object_component>
      <object_component id="oc-1b">
         <name>.debug_line</name>
         <load_address>0x1d89</load_address>
         <run_address>0x1d89</run_address>
         <size>0x55</size>
         <input_file_ref idref="fl-d7"/>
      </object_component>
      <object_component id="oc-3d">
         <name>.debug_line</name>
         <load_address>0x1dde</load_address>
         <run_address>0x1dde</run_address>
         <size>0x3a</size>
         <input_file_ref idref="fl-d7"/>
      </object_component>
      <object_component id="oc-91">
         <name>.debug_line</name>
         <load_address>0x1e18</load_address>
         <run_address>0x1e18</run_address>
         <size>0x92</size>
         <input_file_ref idref="fl-d7"/>
      </object_component>
      <object_component id="oc-e0">
         <name>.debug_line</name>
         <load_address>0x1eaa</load_address>
         <run_address>0x1eaa</run_address>
         <size>0x20</size>
         <input_file_ref idref="fl-d8"/>
      </object_component>
      <object_component id="oc-19">
         <name>.debug_line</name>
         <load_address>0x1eca</load_address>
         <run_address>0x1eca</run_address>
         <size>0xa9</size>
         <input_file_ref idref="fl-d8"/>
      </object_component>
      <object_component id="oc-2d">
         <name>.debug_line</name>
         <load_address>0x1f73</load_address>
         <run_address>0x1f73</run_address>
         <size>0x3a</size>
         <input_file_ref idref="fl-d8"/>
      </object_component>
      <object_component id="oc-dd">
         <name>.debug_line</name>
         <load_address>0x1fad</load_address>
         <run_address>0x1fad</run_address>
         <size>0x9a</size>
         <input_file_ref idref="fl-d8"/>
      </object_component>
      <object_component id="oc-8a">
         <name>.debug_line</name>
         <load_address>0x2047</load_address>
         <run_address>0x2047</run_address>
         <size>0x96</size>
         <input_file_ref idref="fl-d8"/>
      </object_component>
      <object_component id="oc-86">
         <name>.debug_line</name>
         <load_address>0x20dd</load_address>
         <run_address>0x20dd</run_address>
         <size>0x33</size>
         <input_file_ref idref="fl-d9"/>
      </object_component>
      <object_component id="oc-55">
         <name>.debug_line</name>
         <load_address>0x2110</load_address>
         <run_address>0x2110</run_address>
         <size>0x45</size>
         <input_file_ref idref="fl-d9"/>
      </object_component>
      <object_component id="oc-35">
         <name>.debug_line</name>
         <load_address>0x2155</load_address>
         <run_address>0x2155</run_address>
         <size>0x88</size>
         <input_file_ref idref="fl-db"/>
      </object_component>
      <object_component id="oc-296">
         <name>.debug_line</name>
         <load_address>0x21dd</load_address>
         <run_address>0x21dd</run_address>
         <size>0xbf</size>
         <input_file_ref idref="fl-dc"/>
      </object_component>
      <object_component id="oc-14f">
         <name>.debug_line</name>
         <load_address>0x229c</load_address>
         <run_address>0x229c</run_address>
         <size>0x6f</size>
         <input_file_ref idref="fl-dc"/>
      </object_component>
      <object_component id="oc-29a">
         <name>.debug_line</name>
         <load_address>0x230b</load_address>
         <run_address>0x230b</run_address>
         <size>0x2e</size>
         <input_file_ref idref="fl-dc"/>
      </object_component>
      <object_component id="oc-2d5">
         <name>.debug_line</name>
         <load_address>0x2339</load_address>
         <run_address>0x2339</run_address>
         <size>0x9a</size>
         <input_file_ref idref="fl-dc"/>
      </object_component>
      <object_component id="oc-29f">
         <name>.debug_line</name>
         <load_address>0x23d3</load_address>
         <run_address>0x23d3</run_address>
         <size>0x97</size>
         <input_file_ref idref="fl-dc"/>
      </object_component>
      <object_component id="oc-2a4">
         <name>.debug_line</name>
         <load_address>0x246a</load_address>
         <run_address>0x246a</run_address>
         <size>0x93</size>
         <input_file_ref idref="fl-dc"/>
      </object_component>
      <object_component id="oc-a7">
         <name>.debug_line</name>
         <load_address>0x24fd</load_address>
         <run_address>0x24fd</run_address>
         <size>0x40</size>
         <input_file_ref idref="fl-dd"/>
      </object_component>
      <object_component id="oc-143">
         <name>.debug_line</name>
         <load_address>0x253d</load_address>
         <run_address>0x253d</run_address>
         <size>0x3c</size>
         <input_file_ref idref="fl-df"/>
      </object_component>
      <object_component id="oc-ad">
         <name>.debug_frame</name>
         <load_address>0x0</load_address>
         <run_address>0x0</run_address>
         <size>0x60</size>
[...]
         <name>__TI_prof_data_size</name>
         <value>0xffffffff</value>
      </symbol>
      <symbol id="sm-e1">
         <name>bump_data</name>
         <value>0x20000060</value>
      </symbol>
      <symbol id="sm-e2">
         <name>bump_data0</name>
         <value>0x20000061</value>
      </symbol>
      <symbol id="sm-e3">
         <name>bump_data1</name>
         <value>0x20000062</value>
      </symbol>
      <symbol id="sm-e4">
         <name>bump_data2</name>
         <value>0x20000063</value>
      </symbol>
      <symbol id="sm-e5">
         <name>bump_data3</name>
         <value>0x20000064</value>
      </symbol>
      <symbol id="sm-e6">
         <name>bump_data4</name>
         <value>0x20000065</value>
      </symbol>
      <symbol id="sm-e7">
         <name>bump_data5</name>
         <value>0x20000066</value>
      </symbol>
      <symbol id="sm-e8">
         <name>lux</name>
         <value>0x2000005c</value>
      </symbol>
      <symbol id="sm-e9">
         <name>SysTick_Handler</name>
         <value>0x1499</value>
         <object_component_ref idref="oc-70"/>
      </symbol>
      <symbol id="sm-ea">
         <name>Initialize_System</name>
         <value>0x801</value>
         <object_component_ref idref="oc-ea"/>
      </symbol>
      <symbol id="sm-eb">
         <name>tick</name>
         <value>0x20000048</value>
         <object_component_ref idref="oc-c2"/>
      </symbol>
      <symbol id="sm-ec">
         <name>state</name>
         <value>0x20000050</value>
         <object_component_ref idref="oc-c2"/>
      </symbol>
      <symbol id="sm-ed">
         <name>i</name>
         <value>0x2000004c</value>
         <object_component_ref idref="oc-c2"/>
      </symbol>
      <symbol id="sm-ee">
         <name>main</name>
         <value>0xe5</value>
         <object_component_ref idref="oc-a8"/>
      </symbol>
      <symbol id="sm-106">
         <name>SystemInit</name>
         <value>0xda1</value>
         <object_component_ref idref="oc-ba"/>
      </symbol>
      <symbol id="sm-11c">
         <name>Bump_Read</name>
         <value>0x96d</value>
         <object_component_ref idref="oc-fc"/>
      </symbol>
      <symbol id="sm-11d">
         <name>Bump_Init</name>
         <value>0x1079</value>
         <object_component_ref idref="oc-197"/>
      </symbol>
      <symbol id="sm-157">
         <name>button_S1_pressed</name>
         <value>0x13e9</value>
         <object_component_ref idref="oc-10e"/>
      </symbol>
      <symbol id="sm-158">
         <name>PORT1_IRQHandler</name>
         <value>0x111d</value>
         <object_component_ref idref="oc-76"/>
      </symbol>
      <symbol id="sm-159">
         <name>button_S1_pressed_flag</name>
         <value>0x20000051</value>
         <object_component_ref idref="oc-c6"/>
      </symbol>
      <symbol id="sm-15a">
         <name>button_init</name>
         <value>0xc8d</value>
         <object_component_ref idref="oc-1a9"/>
      </symbol>
      <symbol id="sm-15b">
         <name>button_S2_pressed</name>
         <value>0x1401</value>
         <object_component_ref idref="oc-108"/>
      </symbol>
      <symbol id="sm-15c">
         <name>button_S2_pressed_flag</name>
         <value>0x20000052</value>
         <object_component_ref idref="oc-c6"/>
      </symbol>
      <symbol id="sm-1a9">
         <name>Clock_Delay1ms</name>
         <value>0x12e5</value>
         <object_component_ref idref="oc-136"/>
      </symbol>
      <symbol id="sm-1aa">
         <name>Crystalstable</name>
         <value>0x20000014</value>
         <object_component_ref idref="oc-1f0"/>
      </symbol>
      <symbol id="sm-1ab">
         <name>Prewait</name>
         <value>0x20000004</value>
         <object_component_ref idref="oc-1f0"/>
      </symbol>
      <symbol id="sm-1ac">
         <name>IFlags</name>
         <value>0x20000010</value>
         <object_component_ref idref="oc-1f0"/>
      </symbol>
      <symbol id="sm-1ad">
         <name>ClockFrequency</name>
         <value>0x20000000</value>
         <object_component_ref idref="oc-1f0"/>
      </symbol>
      <symbol id="sm-1ae">
         <name>Postwait</name>
         <value>0x2000000c</value>
         <object_component_ref idref="oc-1f0"/>
      </symbol>
      <symbol id="sm-1af">
         <name>delay</name>
         <value>0x14b7</value>
         <object_component_ref idref="oc-1ea"/>
      </symbol>
      <symbol id="sm-1b0">
         <name>CPMwait</name>
         <value>0x20000008</value>
         <object_component_ref idref="oc-1f0"/>
      </symbol>
      <symbol id="sm-1b1">
         <name>Clock_Init48MHz</name>
         <value>0x5ad</value>
         <object_component_ref idref="oc-191"/>
      </symbol>
      <symbol id="sm-1eb">
         <name>left_motor_count</name>
         <value>0x20000054</value>
         <object_component_ref idref="oc-cf"/>
      </symbol>
      <symbol id="sm-1ec">
         <name>get_right_motor_count</name>
         <value>0x14dd</value>
         <object_component_ref idref="oc-11a"/>
      </symbol>
      <symbol id="sm-1ed">
         <name>get_left_motor_count</name>
         <value>0x14d1</value>
         <object_component_ref idref="oc-114"/>
      </symbol>
      <symbol id="sm-1ee">
         <name>encoder_init</name>
         <value>0x8b9</value>
         <object_component_ref idref="oc-1a3"/>
      </symbol>
      <symbol id="sm-1ef">
         <name>PORT5_IRQHandler</name>
         <value>0xb69</value>
         <object_component_ref idref="oc-7c"/>
      </symbol>
      <symbol id="sm-1f0">
         <name>right_motor_count</name>
         <value>0x20000058</value>
         <object_component_ref idref="oc-cf"/>
      </symbol>
      <symbol id="sm-231">
         <name>I2C_init</name>
         <value>0x1311</value>
         <object_component_ref idref="oc-1b5"/>
      </symbol>
      <symbol id="sm-232">
         <name>I2C_setslave</name>
         <value>0x134d</value>
         <object_component_ref idref="oc-1cb"/>
      </symbol>
      <symbol id="sm-233">
         <name>Init_I2C_GPIO</name>
         <value>0x13d1</value>
         <object_component_ref idref="oc-1af"/>
      </symbol>
      <symbol id="sm-234">
         <name>I2C_read16</name>
         <value>0xc01</value>
         <object_component_ref idref="oc-1d1"/>
      </symbol>
      <symbol id="sm-235">
         <name>I2C_write16</name>
         <value>0x10d5</value>
         <object_component_ref idref="oc-236"/>
      </symbol>
      <symbol id="sm-236">
         <name>i2cConfig</name>
         <value>0x1520</value>
         <object_component_ref idref="oc-232"/>
      </symbol>
      <symbol id="sm-259">
         <name>OPT3001_getLux</name>
         <value>0x729</value>
         <object_component_ref idref="oc-102"/>
      </symbol>
      <symbol id="sm-25a">
         <name>OPT3001_init</name>
         <value>0x1483</value>
         <object_component_ref idref="oc-1bb"/>
      </symbol>
      <symbol id="sm-2ae">
         <name>set_left_motor_direction</name>
         <value>0x1285</value>
         <object_component_ref idref="oc-120"/>
      </symbol>
      <symbol id="sm-2af">
         <name>set_right_motor_pwm</name>
         <value>0x1019</value>
         <object_component_ref idref="oc-f6"/>
      </symbol>
      <symbol id="sm-2b0">
         <name>motor_init</name>
         <value>0xa1d</value>
         <object_component_ref idref="oc-19d"/>
      </symbol>
      <symbol id="sm-2b1">
         <name>left_motor_pwm_config</name>
         <value>0x20000018</value>
         <object_component_ref idref="oc-1c2"/>
      </symbol>
      <symbol id="sm-2b2">
         <name>set_right_motor_direction</name>
         <value>0x12b5</value>
         <object_component_ref idref="oc-126"/>
      </symbol>
      <symbol id="sm-2b3">
         <name>set_left_motor_pwm</name>
         <value>0xfb9</value>
         <object_component_ref idref="oc-f0"/>
      </symbol>
      <symbol id="sm-2b4">
         <name>right_motor_pwm_config</name>
         <value>0x20000030</value>
         <object_component_ref idref="oc-1c6"/>
      </symbol>
      <symbol id="sm-2d1">
         <name>Reset_Handler</name>
         <value>0x14c5</value>
         <object_component_ref idref="oc-64"/>
      </symbol>
      <symbol id="sm-2d2">
         <name>Default_Handler</name>
         <value>0xfb7</value>
         <object_component_ref idref="oc-6a"/>
      </symbol>
      <symbol id="sm-2d3">
         <name>interruptVectors</name>
         <value>0x0</value>
         <object_component_ref idref="oc-23"/>
      </symbol>
      <symbol id="sm-2f3">
         <name>GPIO_setAsPeripheralModuleFunctionOutputPin</name>
         <value>0xd19</value>
         <object_component_ref idref="oc-219"/>
      </symbol>
      <symbol id="sm-392">
         <name>I2C_masterSendMultiByteStop</name>
         <value>0x11e5</value>
         <object_component_ref idref="oc-26b"/>
      </symbol>
      <symbol id="sm-393">
         <name>I2C_masterSendMultiByteFinish</name>
         <value>0xe19</value>
         <object_component_ref idref="oc-2be"/>
      </symbol>
      <symbol id="sm-394">
         <name>I2C_masterSendMultiByteNext</name>
         <value>0x121d</value>
         <object_component_ref idref="oc-2b8"/>
      </symbol>
      <symbol id="sm-395">
         <name>I2C_masterSendMultiByteStart</name>
         <value>0xe85</value>
         <object_component_ref idref="oc-25f"/>
      </symbol>
      <symbol id="sm-396">
         <name>I2C_masterReceiveMultiByteNext</name>
         <value>0x145b</value>
         <object_component_ref idref="oc-277"/>
      </symbol>
      <symbol id="sm-397">
         <name>I2C_getInterruptStatus</name>
         <value>0x139f</value>
         <object_component_ref idref="oc-265"/>
      </symbol>
      <symbol id="sm-398">
         <name>I2C_setMode</name>
         <value>0x1331</value>
         <object_component_ref idref="oc-253"/>
      </symbol>
      <symbol id="sm-399">
         <name>I2C_isBusBusy</name>
         <value>0x13b9</value>
         <object_component_ref idref="oc-259"/>
      </symbol>
      <symbol id="sm-39a">
         <name>I2C_masterReceiveMultiByteFinish</name>
         <value>0x11a5</value>
         <object_component_ref idref="oc-27d"/>
      </symbol>
      <symbol id="sm-39b">
         <name>I2C_enableModule</name>
         <value>0x1445</value>
         <object_component_ref idref="oc-22c"/>
      </symbol>
      <symbol id="sm-39c">
         <name>I2C_masterReceiveStart</name>
         <value>0x1385</value>
         <object_component_ref idref="oc-271"/>
      </symbol>
      <symbol id="sm-39d">
         <name>I2C_clearInterruptFlag</name>
         <value>0x1419</value>
         <object_component_ref idref="oc-24c"/>
      </symbol>
      <symbol id="sm-39e">
         <name>I2C_setSlaveAddress</name>
         <value>0x146f</value>
         <object_component_ref idref="oc-246"/>
      </symbol>
      <symbol id="sm-39f">
         <name>I2C_initMaster</name>
         <value>0xf55</value>
         <object_component_ref idref="oc-220"/>
      </symbol>
      <symbol id="sm-3a0">
         <name>I2C_disableModule</name>
         <value>0x142f</value>
         <object_component_ref idref="oc-226"/>
      </symbol>
      <symbol id="sm-3c1">
         <name>__TI_zero_init_nomemset</name>
         <value>0x1369</value>
         <object_component_ref idref="oc-40"/>
      </symbol>
      <symbol id="sm-3d8">
         <name>__TI_decompress_none</name>
         <value>0x14a9</value>
         <object_component_ref idref="oc-1a"/>
      </symbol>
      <symbol id="sm-3fb">
         <name>__TI_decompress_lzss</name>
         <value>0xeed</value>
         <object_component_ref idref="oc-14"/>
      </symbol>
      <symbol id="sm-40e">
         <name>__stack</name>
         <value>0x2000fe00</value>
         <object_component_ref idref="oc-26"/>
      </symbol>
      <symbol id="sm-40f">
         <name>_c_int00_noargs</name>
         <value>0x1251</value>
         <object_component_ref idref="oc-52"/>
      </symbol>
      <symbol id="sm-42b">
         <name>memcpy</name>
         <value>0xacd</value>
         <object_component_ref idref="oc-34"/>
      </symbol>
      <symbol id="sm-42c">
         <name>__aeabi_memcpy</name>
         <value>0xacd</value>
         <object_component_ref idref="oc-34"/>
      </symbol>
      <symbol id="sm-42d">
         <name>__aeabi_memcpy8</name>
         <value>0xacd</value>
         <object_component_ref idref="oc-34"/>
      </symbol>
      <symbol id="sm-42e">
         <name>__aeabi_memcpy4</name>
         <value>0xacd</value>
         <object_component_ref idref="oc-34"/>
      </symbol>
      <symbol id="sm-456">
         <name>__TI_auto_init_nobinit_nopinit</name>
         <value>0x1161</value>
         <object_component_ref idref="oc-14e"/>
      </symbol>
      <symbol id="sm-460">
         <name>_system_pre_init</name>
         <value>0x14e9</value>
         <object_component_ref idref="oc-a2"/>
      </symbol>
      <symbol id="sm-46c">
         <name>C$$EXIT</name>
         <value>0x14ed</value>
         <object_component_ref idref="oc-142"/>
      </symbol>
      <symbol id="sm-46d">
         <name>abort</name>
         <value>0x14ed</value>
         <object_component_ref idref="oc-142"/>
      </symbol>
      <symbol id="sm-470">
         <name>__TI_static_base__</name>
         <value>0x0</value>
      </symbol>
      <symbol id="sm-473">
         <name>__mpu_init</name>
         <value>0x0</value>
      </symbol>
      <symbol id="sm-474">
         <name>_system_post_cinit</name>
         <value>0x0</value>
      </symbol>
      <symbol id="sm-475">
         <name>NMI_Handler</name>
         <value>0xfb7</value>
      </symbol>
      <symbol id="sm-476">
         <name>HardFault_Handler</name>
         <value>0xfb7</value>
      </symbol>
      <symbol id="sm-477">
         <name>MemManage_Handler</name>
         <value>0xfb7</value>
      </symbol>
      <symbol id="sm-478">
         <name>BusFault_Handler</name>
         <value>0xfb7</value>
      </symbol>
      <symbol id="sm-479">
         <name>UsageFault_Handler</name>
         <value>0xfb7</value>
      </symbol>
      <symbol id="sm-47a">
         <name>SVC_Handler</name>
         <value>0xfb7</value>
      </symbol>
      <symbol id="sm-47b">
         <name>DebugMon_Handler</name>
         <value>0xfb7</value>
      </symbol>
      <symbol id="sm-47c">
         <name>PendSV_Handler</name>
         <value>0xfb7</value>
      </symbol>
      <symbol id="sm-47d">
         <name>SysTick_Handler</name>
         <value>0x1499</value>
      </symbol>
      <symbol id="sm-47e">
         <name>PSS_IRQHandler</name>
         <value>0xfb7</value>
      </symbol>
      <symbol id="sm-47f">
         <name>CS_IRQHandler</name>
         <value>0xfb7</value>
      </symbol>
      <symbol id="sm-480">
         <name>PCM_IRQHandler</name>
         <value>0xfb7</value>
      </symbol>
      <symbol id="sm-481">
         <name>WDT_A_IRQHandler</name>
         <value>0xfb7</value>
      </symbol>
      <symbol id="sm-482">
         <name>FPU_IRQHandler</name>
         <value>0xfb7</value>
      </symbol>
      <symbol id="sm-483">
         <name>FLCTL_IRQHandler</name>
         <value>0xfb7</value>
      </symbol>
      <symbol id="sm-484">
         <name>COMP_E0_IRQHandler</name>
         <value>0xfb7</value>
      </symbol>
      <symbol id="sm-485">
         <name>COMP_E1_IRQHandler</name>
         <value>0xfb7</value>
      </symbol>
      <symbol id="sm-486">
         <name>TA0_0_IRQHandler</name>
         <value>0xfb7</value>
      </symbol>
      <symbol id="sm-487">
         <name>TA0_N_IRQHandler</name>
         <value>0xfb7</value>
      </symbol>
      <symbol id="sm-488">
         <name>TA1_0_IRQHandler</name>
         <value>0xfb7</value>
      </symbol>
      <symbol id="sm-489">
         <name>TA1_N_IRQHandler</name>
         <value>0xfb7</value>
      </symbol>
      <symbol id="sm-48a">
         <name>TA2_0_IRQHandler</name>
         <value>0xfb7</value>
      </symbol>
      <symbol id="sm-48b">
         <name>TA2_N_IRQHandler</name>
         <value>0xfb7</value>
      </symbol>
      <symbol id="sm-48c">
         <name>TA3_0_IRQHandler</name>
         <value>0xfb7</value>
      </symbol>
      <symbol id="sm-48d">
         <name>TA3_N_IRQHandler</name>
         <value>0xfb7</value>
      </symbol>
      <symbol id="sm-48e">
         <name>EUSCIA0_IRQHandler</name>
         <value>0xfb7</value>
      </symbol>
      <symbol id="sm-48f">
         <name>EUSCIA1_IRQHandler</name>
         <value>0xfb7</value>
      </symbol>
      <symbol id="sm-490">
         <name>EUSCIA2_IRQHandler</name>
         <value>0xfb7</value>
      </symbol>
      <symbol id="sm-491">
         <name>EUSCIA3_IRQHandler</name>
         <value>0xfb7</value>
      </symbol>
      <symbol id="sm-492">
         <name>EUSCIB0_IRQHandler</name>
         <value>0xfb7</value>
      </symbol>
      <symbol id="sm-493">
         <name>EUSCIB1_IRQHandler</name>
         <value>0xfb7</value>
      </symbol>
      <symbol id="sm-494">
         <name>EUSCIB2_IRQHandler</name>
         <value>0xfb7</value>
      </symbol>
      <symbol id="sm-495">
         <name>EUSCIB3_IRQHandler</name>
         <value>0xfb7</value>
      </symbol>
      <symbol id="sm-496">
         <name>ADC14_IRQHandler</name>
         <value>0xfb7</value>
      </symbol>
      <symbol id="sm-497">
         <name>T32_INT1_IRQHandler</name>
         <value>0xfb7</value>
      </symbol>
      <symbol id="sm-498">
         <name>T32_INT2_IRQHandler</name>
         <value>0xfb7</value>
      </symbol>
      <symbol id="sm-499">
         <name>T32_INTC_IRQHandler</name>
         <value>0xfb7</value>
      </symbol>
      <symbol id="sm-49a">
         <name>AES256_IRQHandler</name>
         <value>0xfb7</value>
      </symbol>
      <symbol id="sm-49b">
         <name>RTC_C_IRQHandler</name>
         <value>0xfb7</value>
      </symbol>
      <symbol id="sm-49c">
         <name>DMA_ERR_IRQHandler</name>
         <value>0xfb7</value>
      </symbol>
      <symbol id="sm-49d">
         <name>DMA_INT3_IRQHandler</name>
         <value>0xfb7</value>
      </symbol>
      <symbol id="sm-49e">
         <name>DMA_INT2_IRQHandler</name>
         <value>0xfb7</value>
      </symbol>
      <symbol id="sm-49f">
         <name>DMA_INT1_IRQHandler</name>
         <value>0xfb7</value>
      </symbol>
      <symbol id="sm-4a0">
         <name>DMA_INT0_IRQHandler</name>
         <value>0xfb7</value>
      </symbol>
      <symbol id="sm-4a1">
         <name>PORT1_IRQHandler</name>
         <value>0x111d</value>
      </symbol>
      <symbol id="sm-4a2">
         <name>PORT2_IRQHandler</name>
         <value>0xfb7</value>
      </symbol>
      <symbol id="sm-4a3">
         <name>PORT3_IRQHandler</name>
         <value>0xfb7</value>
      </symbol>
      <symbol id="sm-4a4">
         <name>PORT4_IRQHandler</name>
         <value>0xfb7</value>
      </symbol>
      <symbol id="sm-4a5">
         <name>PORT5_IRQHandler</name>
         <value>0xb69</value>
      </symbol>
      <symbol id="sm-4a6">
         <name>PORT6_IRQHandler</name>
         <value>0xfb7</value>
      </symbol>
   </symbol_table>
   <title>Link successful</title>
</link_info>
