<?xml version="1.0" encoding="ISO-8859-1" ?>
<link_info>
   <banner>TI ARM Linker PC v18.12.3.LTS</banner>
   <copyright>Copyright (c) 1996-2018 Texas Instruments Incorporated</copyright>
   <link_time>0x5dcff943</link_time>
   <link_errors>0x0</link_errors>
   <output_file>Lab7.out</output_file>
   <entry_point>
      <name>_c_int00_noargs</name>
      <address>0x16a5</address>
   </entry_point>
   <input_file_list>
      <input_file id="fl-2">
         <path>.\</path>
         <kind>object</kind>
         <file>main.obj</file>
         <name>main.obj</name>
      </input_file>
      <input_file id="fl-3">
         <path>.\</path>
         <kind>object</kind>
         <file>system_msp432p401r.obj</file>
         <name>system_msp432p401r.obj</name>
      </input_file>
      <input_file id="fl-4">
         <path>.\Library\</path>
         <kind>object</kind>
         <file>Bump.obj</file>
         <name>Bump.obj</name>
      </input_file>
      <input_file id="fl-5">
         <path>.\Library\</path>
         <kind>object</kind>
         <file>Button.obj</file>
         <name>Button.obj</name>
      </input_file>
      <input_file id="fl-6">
         <path>.\Library\</path>
         <kind>object</kind>
         <file>Clock.obj</file>
         <name>Clock.obj</name>
      </input_file>
      <input_file id="fl-7">
         <path>.\Library\</path>
         <kind>object</kind>
         <file>Encoder.obj</file>
         <name>Encoder.obj</name>
      </input_file>
      <input_file id="fl-8">
         <path>.\Library\</path>
         <kind>object</kind>
         <file>HAL_I2C.obj</file>
         <name>HAL_I2C.obj</name>
      </input_file>
      <input_file id="fl-9">
         <path>.\Library\</path>
         <kind>object</kind>
         <file>HAL_OPT3001.obj</file>
         <name>HAL_OPT3001.obj</name>
      </input_file>
      <input_file id="fl-a">
         <path>.\Library\</path>
         <kind>object</kind>
         <file>Motor.obj</file>
         <name>Motor.obj</name>
      </input_file>
      <input_file id="fl-b">
         <path>.\Library\</path>
         <kind>object</kind>
         <file>Reflectance.obj</file>
         <name>Reflectance.obj</name>
      </input_file>
      <input_file id="fl-c">
         <path>.\ccs\</path>
         <kind>object</kind>
         <file>startup_msp432p401r_ccs.obj</file>
         <name>startup_msp432p401r_ccs.obj</name>
      </input_file>
      <input_file id="fl-16">
         <kind>object</kind>
         <file>&lt;internal&gt;</file>
         <name>&lt;internal&gt;</name>
      </input_file>
      <input_file id="fl-17">
         <path>C:\ti\simplelink_msp432p4_sdk_3_30_00_13\source\ti\devices\msp432p4xx\driverlib\ccs\</path>
         <kind>archive</kind>
         <file>msp432p4xx_driverlib.lib</file>
         <name>gpio.o</name>
      </input_file>
      <input_file id="fl-18">
         <path>C:\ti\simplelink_msp432p4_sdk_3_30_00_13\source\ti\devices\msp432p4xx\driverlib\ccs\</path>
         <kind>archive</kind>
         <file>msp432p4xx_driverlib.lib</file>
         <name>i2c.o</name>
      </input_file>
      <input_file id="fl-19">
         <path>C:\ti\simplelink_msp432p4_sdk_3_30_00_13\source\ti\devices\msp432p4xx\driverlib\ccs\</path>
         <kind>archive</kind>
         <file>msp432p4xx_driverlib.lib</file>
         <name>interrupt.o</name>
      </input_file>
      <input_file id="fl-1a">
         <path>C:\ti\simplelink_msp432p4_sdk_3_30_00_13\source\ti\devices\msp432p4xx\driverlib\ccs\</path>
         <kind>archive</kind>
         <file>msp432p4xx_driverlib.lib</file>
         <name>cpu.o</name>
      </input_file>
      <input_file id="fl-d0">
         <path>C:\ti\ccs920\ccs\tools\compiler\ti-cgt-arm_18.12.3.LTS\lib\</path>
         <kind>archive</kind>
         <file>rtsv7M4_T_le_v4SPD16_eabi.lib</file>
         <name>fd_cmp_t2.asm.obj</name>
      </input_file>
      <input_file id="fl-d1">
         <path>C:\ti\ccs920\ccs\tools\compiler\ti-cgt-arm_18.12.3.LTS\lib\</path>
         <kind>archive</kind>
         <file>rtsv7M4_T_le_v4SPD16_eabi.lib</file>
         <name>fd_div_t2.asm.obj</name>
      </input_file>
      <input_file id="fl-d2">
         <path>C:\ti\ccs920\ccs\tools\compiler\ti-cgt-arm_18.12.3.LTS\lib\</path>
         <kind>archive</kind>
         <file>rtsv7M4_T_le_v4SPD16_eabi.lib</file>
         <name>fd_toi_t2.asm.obj</name>
      </input_file>
      <input_file id="fl-d3">
         <path>C:\ti\ccs920\ccs\tools\compiler\ti-cgt-arm_18.12.3.LTS\lib\</path>
         <kind>archive</kind>
         <file>rtsv7M4_T_le_v4SPD16_eabi.lib</file>
         <name>fd_tos_t2.asm.obj</name>
      </input_file>
      <input_file id="fl-d4">
         <path>C:\ti\ccs920\ccs\tools\compiler\ti-cgt-arm_18.12.3.LTS\lib\</path>
         <kind>archive</kind>
         <file>rtsv7M4_T_le_v4SPD16_eabi.lib</file>
         <name>fs_tod_t2.asm.obj</name>
      </input_file>
      <input_file id="fl-d5">
         <path>C:\ti\ccs920\ccs\tools\compiler\ti-cgt-arm_18.12.3.LTS\lib\</path>
         <kind>archive</kind>
         <file>rtsv7M4_T_le_v4SPD16_eabi.lib</file>
         <name>i_tofd_t2.asm.obj</name>
      </input_file>
      <input_file id="fl-d6">
         <path>C:\ti\ccs920\ccs\tools\compiler\ti-cgt-arm_18.12.3.LTS\lib\</path>
         <kind>archive</kind>
         <file>rtsv7M4_T_le_v4SPD16_eabi.lib</file>
         <name>copy_zero_init.c.obj</name>
      </input_file>
      <input_file id="fl-d7">
         <path>C:\ti\ccs920\ccs\tools\compiler\ti-cgt-arm_18.12.3.LTS\lib\</path>
         <kind>archive</kind>
         <file>rtsv7M4_T_le_v4SPD16_eabi.lib</file>
         <name>copy_decompress_none.c.obj</name>
      </input_file>
      <input_file id="fl-d8">
         <path>C:\ti\ccs920\ccs\tools\compiler\ti-cgt-arm_18.12.3.LTS\lib\</path>
         <kind>archive</kind>
         <file>rtsv7M4_T_le_v4SPD16_eabi.lib</file>
         <name>copy_decompress_lzss.c.obj</name>
      </input_file>
      <input_file id="fl-d9">
         <path>C:\ti\ccs920\ccs\tools\compiler\ti-cgt-arm_18.12.3.LTS\lib\</path>
         <kind>archive</kind>
         <file>rtsv7M4_T_le_v4SPD16_eabi.lib</file>
         <name>rand.c.obj</name>
      </input_file>
      <input_file id="fl-da">
         <path>C:\ti\ccs920\ccs\tools\compiler\ti-cgt-arm_18.12.3.LTS\lib\</path>
         <kind>archive</kind>
         <file>rtsv7M4_T_le_v4SPD16_eabi.lib</file>
         <name>boot_cortex_m.c.obj</name>
      </input_file>
      <input_file id="fl-db">
         <path>C:\ti\ccs920\ccs\tools\compiler\ti-cgt-arm_18.12.3.LTS\lib\</path>
         <kind>archive</kind>
         <file>rtsv7M4_T_le_v4SPD16_eabi.lib</file>
         <name>memset_t2.asm.obj</name>
      </input_file>
      <input_file id="fl-dc">
         <path>C:\ti\ccs920\ccs\tools\compiler\ti-cgt-arm_18.12.3.LTS\lib\</path>
         <kind>archive</kind>
         <file>rtsv7M4_T_le_v4SPD16_eabi.lib</file>
         <name>memcpy_t2.asm.obj</name>
      </input_file>
      <input_file id="fl-dd">
         <path>C:\ti\ccs920\ccs\tools\compiler\ti-cgt-arm_18.12.3.LTS\lib\</path>
         <kind>archive</kind>
         <file>rtsv7M4_T_le_v4SPD16_eabi.lib</file>
         <name>autoinit.c.obj</name>
      </input_file>
      <input_file id="fl-de">
         <path>C:\ti\ccs920\ccs\tools\compiler\ti-cgt-arm_18.12.3.LTS\lib\</path>
         <kind>archive</kind>
         <file>rtsv7M4_T_le_v4SPD16_eabi.lib</file>
         <name>pre_init.c.obj</name>
      </input_file>
      <input_file id="fl-df">
         <path>C:\ti\ccs920\ccs\tools\compiler\ti-cgt-arm_18.12.3.LTS\lib\</path>
         <kind>archive</kind>
         <file>rtsv7M4_T_le_v4SPD16_eabi.lib</file>
         <name>cpy_tbl.c.obj</name>
      </input_file>
      <input_file id="fl-e0">
         <path>C:\ti\ccs920\ccs\tools\compiler\ti-cgt-arm_18.12.3.LTS\lib\</path>
         <kind>archive</kind>
         <file>rtsv7M4_T_le_v4SPD16_eabi.lib</file>
         <name>exit.c.obj</name>
      </input_file>
      <input_file id="fl-e1">
         <path>C:\ti\ccs920\ccs\tools\compiler\ti-cgt-arm_18.12.3.LTS\lib\</path>
         <kind>archive</kind>
         <file>rtsv7M4_T_le_v4SPD16_eabi.lib</file>
         <name>_lock.c.obj</name>
      </input_file>
      <input_file id="fl-e2">
         <path>C:\ti\ccs920\ccs\tools\compiler\ti-cgt-arm_18.12.3.LTS\lib\</path>
         <kind>archive</kind>
         <file>rtsv7M4_T_le_v4SPD16_eabi.lib</file>
         <name>args_main.c.obj</name>
      </input_file>
   </input_file_list>
   <object_component_list>
      <object_component id="oc-23">
         <name>.intvecs:retain</name>
         <load_address>0x0</load_address>
         <run_address>0x0</run_address>
         <size>0xe4</size>
         <input_file_ref idref="fl-c"/>
      </object_component>
      <object_component id="oc-a8">
         <name>.text:main</name>
         <load_address>0xe4</load_address>
         <run_address>0xe4</run_address>
         <size>0x8c0</size>
         <input_file_ref idref="fl-2"/>
      </object_component>
      <object_component id="oc-198">
         <name>.text:Clock_Init48MHz</name>
         <load_address>0x9a4</load_address>
         <run_address>0x9a4</run_address>
         <size>0x17c</size>
         <input_file_ref idref="fl-6"/>
      </object_component>
      <object_component id="oc-102">
         <name>.text:OPT3001_getLux</name>
         <load_address>0xb20</load_address>
         <run_address>0xb20</run_address>
         <size>0xd8</size>
         <input_file_ref idref="fl-9"/>
      </object_component>
      <object_component id="oc-ea">
         <name>.text:Initialize_System</name>
         <load_address>0xbf8</load_address>
         <run_address>0xbf8</run_address>
         <size>0xbc</size>
         <input_file_ref idref="fl-2"/>
      </object_component>
      <object_component id="oc-1b0">
         <name>.text:encoder_init</name>
         <load_address>0xcb4</load_address>
         <run_address>0xcb4</run_address>
         <size>0xb4</size>
         <input_file_ref idref="fl-7"/>
      </object_component>
      <object_component id="oc-fc">
         <name>.text:Bump_Read</name>
         <load_address>0xd68</load_address>
         <run_address>0xd68</run_address>
         <size>0xb0</size>
         <input_file_ref idref="fl-4"/>
      </object_component>
      <object_component id="oc-1aa">
         <name>.text:motor_init</name>
         <load_address>0xe18</load_address>
         <run_address>0xe18</run_address>
         <size>0xb0</size>
         <input_file_ref idref="fl-a"/>
      </object_component>
      <object_component id="oc-34">
         <name>.text</name>
         <load_address>0xec8</load_address>
         <run_address>0xec8</run_address>
         <size>0x9c</size>
         <input_file_ref idref="fl-dc"/>
      </object_component>
      <object_component id="oc-7c">
         <name>.text:PORT5_IRQHandler</name>
         <load_address>0xf64</load_address>
         <run_address>0xf64</run_address>
         <size>0x98</size>
         <input_file_ref idref="fl-7"/>
      </object_component>
      <object_component id="oc-1de">
         <name>.text:I2C_read16</name>
         <load_address>0xffc</load_address>
         <run_address>0xffc</run_address>
         <size>0x8c</size>
         <input_file_ref idref="fl-8"/>
      </object_component>
      <object_component id="oc-1b6">
         <name>.text:button_init</name>
         <load_address>0x1088</load_address>
         <run_address>0x1088</run_address>
         <size>0x8c</size>
         <input_file_ref idref="fl-5"/>
      </object_component>
      <object_component id="oc-22b">
         <name>.text:GPIO_setAsPeripheralModuleFunctionOutputPin</name>
         <load_address>0x1114</load_address>
         <run_address>0x1114</run_address>
         <size>0x88</size>
         <input_file_ref idref="fl-17"/>
      </object_component>
      <object_component id="oc-ba">
         <name>.text:SystemInit</name>
         <load_address>0x119c</load_address>
         <run_address>0x119c</run_address>
         <size>0x78</size>
         <input_file_ref idref="fl-3"/>
      </object_component>
      <object_component id="oc-2d2">
         <name>.text:I2C_masterSendMultiByteFinish</name>
         <load_address>0x1214</load_address>
         <run_address>0x1214</run_address>
         <size>0x6c</size>
         <input_file_ref idref="fl-18"/>
      </object_component>
      <object_component id="oc-271">
         <name>.text:I2C_masterSendMultiByteStart</name>
         <load_address>0x1280</load_address>
         <run_address>0x1280</run_address>
         <size>0x68</size>
         <input_file_ref idref="fl-18"/>
      </object_component>
      <object_component id="oc-14">
         <name>.text:decompress:lzss:__TI_decompress_lzss</name>
         <load_address>0x12e8</load_address>
         <run_address>0x12e8</run_address>
         <size>0x68</size>
         <input_file_ref idref="fl-d8"/>
      </object_component>
      <object_component id="oc-232">
         <name>.text:I2C_initMaster</name>
         <load_address>0x1350</load_address>
         <run_address>0x1350</run_address>
         <size>0x62</size>
         <input_file_ref idref="fl-18"/>
      </object_component>
      <object_component id="oc-6a">
         <name>.text:Default_Handler</name>
         <load_address>0x13b2</load_address>
         <run_address>0x13b2</run_address>
         <size>0x2</size>
         <input_file_ref idref="fl-c"/>
      </object_component>
      <object_component id="oc-f0">
         <name>.text:set_left_motor_pwm</name>
         <load_address>0x13b4</load_address>
         <run_address>0x13b4</run_address>
         <size>0x60</size>
         <input_file_ref idref="fl-a"/>
      </object_component>
      <object_component id="oc-f6">
         <name>.text:set_right_motor_pwm</name>
         <load_address>0x1414</load_address>
         <run_address>0x1414</run_address>
         <size>0x60</size>
         <input_file_ref idref="fl-a"/>
      </object_component>
      <object_component id="oc-1a4">
         <name>.text:Bump_Init</name>
         <load_address>0x1474</load_address>
         <run_address>0x1474</run_address>
         <size>0x5c</size>
         <input_file_ref idref="fl-4"/>
      </object_component>
      <object_component id="oc-19e">
         <name>.text:Reflectance_Init</name>
         <load_address>0x14d0</load_address>
         <run_address>0x14d0</run_address>
         <size>0x58</size>
         <input_file_ref idref="fl-b"/>
      </object_component>
      <object_component id="oc-248">
         <name>.text:I2C_write16</name>
         <load_address>0x1528</load_address>
         <run_address>0x1528</run_address>
         <size>0x48</size>
         <input_file_ref idref="fl-8"/>
      </object_component>
      <object_component id="oc-76">
         <name>.text:PORT1_IRQHandler</name>
         <load_address>0x1570</load_address>
         <run_address>0x1570</run_address>
         <size>0x44</size>
         <input_file_ref idref="fl-5"/>
      </object_component>
      <object_component id="oc-155">
         <name>.text:__TI_auto_init_nobinit_nopinit:__TI_auto_init_nobinit_nopinit</name>
         <load_address>0x15b4</load_address>
         <run_address>0x15b4</run_address>
         <size>0x44</size>
         <input_file_ref idref="fl-dd"/>
      </object_component>
      <object_component id="oc-28f">
         <name>.text:I2C_masterReceiveMultiByteFinish</name>
         <load_address>0x15f8</load_address>
         <run_address>0x15f8</run_address>
         <size>0x40</size>
         <input_file_ref idref="fl-18"/>
      </object_component>
      <object_component id="oc-27d">
         <name>.text:I2C_masterSendMultiByteStop</name>
         <load_address>0x1638</load_address>
         <run_address>0x1638</run_address>
         <size>0x38</size>
         <input_file_ref idref="fl-18"/>
      </object_component>
      <object_component id="oc-2cc">
         <name>.text:I2C_masterSendMultiByteNext</name>
         <load_address>0x1670</load_address>
         <run_address>0x1670</run_address>
         <size>0x34</size>
         <input_file_ref idref="fl-18"/>
      </object_component>
      <object_component id="oc-52">
         <name>.text:_c_int00_noargs:_c_int00_noargs</name>
         <load_address>0x16a4</load_address>
         <run_address>0x16a4</run_address>
         <size>0x34</size>
         <input_file_ref idref="fl-da"/>
      </object_component>
      <object_component id="oc-12c">
         <name>.text:rand</name>
         <load_address>0x16d8</load_address>
         <run_address>0x16d8</run_address>
         <size>0x34</size>
         <input_file_ref idref="fl-d9"/>
      </object_component>
      <object_component id="oc-120">
         <name>.text:set_left_motor_direction</name>
         <load_address>0x170c</load_address>
         <run_address>0x170c</run_address>
         <size>0x30</size>
         <input_file_ref idref="fl-a"/>
      </object_component>
      <object_component id="oc-126">
         <name>.text:set_right_motor_direction</name>
         <load_address>0x173c</load_address>
         <run_address>0x173c</run_address>
         <size>0x30</size>
         <input_file_ref idref="fl-a"/>
      </object_component>
      <object_component id="oc-13d">
         <name>.text:Clock_Delay1ms</name>
         <load_address>0x176c</load_address>
         <run_address>0x176c</run_address>
         <size>0x2c</size>
         <input_file_ref idref="fl-6"/>
      </object_component>
      <object_component id="oc-1c2">
         <name>.text:I2C_init</name>
         <load_address>0x1798</load_address>
         <run_address>0x1798</run_address>
         <size>0x20</size>
         <input_file_ref idref="fl-8"/>
      </object_component>
      <object_component id="oc-265">
         <name>.text:I2C_setMode</name>
         <load_address>0x17b8</load_address>
         <run_address>0x17b8</run_address>
         <size>0x1c</size>
         <input_file_ref idref="fl-18"/>
      </object_component>
      <object_component id="oc-1d8">
         <name>.text:I2C_setslave</name>
         <load_address>0x17d4</load_address>
         <run_address>0x17d4</run_address>
         <size>0x1c</size>
         <input_file_ref idref="fl-8"/>
      </object_component>
      <object_component id="oc-40">
         <name>.text:decompress:ZI:__TI_zero_init_nomemset:__TI_zero_init_nomemset</name>
         <load_address>0x17f0</load_address>
         <run_address>0x17f0</run_address>
         <size>0x1c</size>
         <input_file_ref idref="fl-d6"/>
      </object_component>
      <object_component id="oc-283">
         <name>.text:I2C_masterReceiveStart</name>
         <load_address>0x180c</load_address>
         <run_address>0x180c</run_address>
         <size>0x1a</size>
         <input_file_ref idref="fl-18"/>
      </object_component>
      <object_component id="oc-277">
         <name>.text:I2C_getInterruptStatus</name>
         <load_address>0x1826</load_address>
         <run_address>0x1826</run_address>
         <size>0x18</size>
         <input_file_ref idref="fl-18"/>
      </object_component>
      <object_component id="oc-296">
         <name>.text:_nop</name>
         <load_address>0x183e</load_address>
         <run_address>0x183e</run_address>
         <size>0x2</size>
         <input_file_ref idref="fl-e1"/>
      </object_component>
      <object_component id="oc-26b">
         <name>.text:I2C_isBusBusy</name>
         <load_address>0x1840</load_address>
         <run_address>0x1840</run_address>
         <size>0x18</size>
         <input_file_ref idref="fl-18"/>
      </object_component>
      <object_component id="oc-1bc">
         <name>.text:Init_I2C_GPIO</name>
         <load_address>0x1858</load_address>
         <run_address>0x1858</run_address>
         <size>0x18</size>
         <input_file_ref idref="fl-8"/>
      </object_component>
      <object_component id="oc-10e">
         <name>.text:button_S1_pressed</name>
         <load_address>0x1870</load_address>
         <run_address>0x1870</run_address>
         <size>0x18</size>
         <input_file_ref idref="fl-5"/>
      </object_component>
      <object_component id="oc-108">
         <name>.text:button_S2_pressed</name>
         <load_address>0x1888</load_address>
         <run_address>0x1888</run_address>
         <size>0x18</size>
         <input_file_ref idref="fl-5"/>
      </object_component>
      <object_component id="oc-25e">
         <name>.text:I2C_clearInterruptFlag</name>
         <load_address>0x18a0</load_address>
         <run_address>0x18a0</run_address>
         <size>0x16</size>
         <input_file_ref idref="fl-18"/>
      </object_component>
      <object_component id="oc-238">
         <name>.text:I2C_disableModule</name>
         <load_address>0x18b6</load_address>
         <run_address>0x18b6</run_address>
         <size>0x16</size>
         <input_file_ref idref="fl-18"/>
      </object_component>
      <object_component id="oc-23e">
         <name>.text:I2C_enableModule</name>
         <load_address>0x18cc</load_address>
         <run_address>0x18cc</run_address>
         <size>0x16</size>
         <input_file_ref idref="fl-18"/>
      </object_component>
      <object_component id="oc-289">
         <name>.text:I2C_masterReceiveMultiByteNext</name>
         <load_address>0x18e2</load_address>
         <run_address>0x18e2</run_address>
         <size>0x14</size>
         <input_file_ref idref="fl-18"/>
      </object_component>
      <object_component id="oc-258">
         <name>.text:I2C_setSlaveAddress</name>
         <load_address>0x18f6</load_address>
         <run_address>0x18f6</run_address>
         <size>0x14</size>
         <input_file_ref idref="fl-18"/>
      </object_component>
      <object_component id="oc-1c8">
         <name>.text:OPT3001_init</name>
         <load_address>0x190a</load_address>
         <run_address>0x190a</run_address>
         <size>0x14</size>
         <input_file_ref idref="fl-9"/>
      </object_component>
      <object_component id="oc-70">
         <name>.text:SysTick_Handler</name>
         <load_address>0x1920</load_address>
         <run_address>0x1920</run_address>
         <size>0x10</size>
         <input_file_ref idref="fl-2"/>
      </object_component>
      <object_component id="oc-1a">
         <name>.text:decompress:none:__TI_decompress_none</name>
         <load_address>0x1930</load_address>
         <run_address>0x1930</run_address>
         <size>0xe</size>
         <input_file_ref idref="fl-d7"/>
      </object_component>
      <object_component id="oc-1fe">
         <name>.text:delay</name>
         <load_address>0x193e</load_address>
         <run_address>0x193e</run_address>
         <size>0xe</size>
         <input_file_ref idref="fl-6"/>
      </object_component>
      <object_component id="oc-64">
         <name>.text:Reset_Handler</name>
         <load_address>0x194c</load_address>
         <run_address>0x194c</run_address>
         <size>0xc</size>
         <input_file_ref idref="fl-c"/>
      </object_component>
      <object_component id="oc-114">
         <name>.text:get_left_motor_count</name>
         <load_address>0x1958</load_address>
         <run_address>0x1958</run_address>
         <size>0xc</size>
         <input_file_ref idref="fl-7"/>
      </object_component>
      <object_component id="oc-11a">
         <name>.text:get_right_motor_count</name>
         <load_address>0x1964</load_address>
         <run_address>0x1964</run_address>
         <size>0xc</size>
         <input_file_ref idref="fl-7"/>
      </object_component>
      <object_component id="oc-a2">
         <name>.text:_system_pre_init</name>
         <load_address>0x1970</load_address>
         <run_address>0x1970</run_address>
         <size>0x4</size>
         <input_file_ref idref="fl-de"/>
      </object_component>
      <object_component id="oc-149">
         <name>.text:abort:abort</name>
         <load_address>0x1974</load_address>
         <run_address>0x1974</run_address>
         <size>0x4</size>
         <input_file_ref idref="fl-e0"/>
      </object_component>
      <object_component id="oc-2bc">
         <name>.const:GPIO_PORT_TO_BASE</name>
         <load_address>0x1978</load_address>
         <run_address>0x1978</run_address>
         <size>0x30</size>
         <input_file_ref idref="fl-17"/>
      </object_component>
      <object_component id="oc-244">
         <name>.const:i2cConfig</name>
         <load_address>0x19a8</load_address>
         <run_address>0x19a8</run_address>
         <size>0x14</size>
         <input_file_ref idref="fl-8"/>
      </object_component>
      <object_component id="oc-336">
         <name>.cinit..data.load</name>
         <load_address>0x19c0</load_address>
         <run_address>0x19c0</run_address>
         <size>0x2d</size>
      </object_component>
      <object_component id="oc-334">
         <name>__TI_handler_table</name>
         <load_address>0x19f0</load_address>
         <run_address>0x19f0</run_address>
         <size>0xc</size>
      </object_component>
      <object_component id="oc-337">
         <name>.cinit..bss.load</name>
         <load_address>0x1a00</load_address>
         <run_address>0x1a00</run_address>
         <size>0x8</size>
      </object_component>
      <object_component id="oc-335">
         <name>__TI_cinit_table</name>
         <load_address>0x1a08</load_address>
         <run_address>0x1a08</run_address>
         <size>0x10</size>
      </object_component>
      <object_component id="oc-309">
         <name>.binit</name>
         <load_address>0x0</load_address>
         <run_address>0x0</run_address>
         <size>0x0</size>
      </object_component>
      <object_component id="oc-c2">
         <name>.data</name>
         <load_address>0x20000048</load_address>
         <run_address>0x20000048</run_address>
         <size>0x9</size>
         <input_file_ref idref="fl-2"/>
      </object_component>
      <object_component id="oc-c6">
         <name>.data</name>
         <load_address>0x20000051</load_address>
         <run_address>0x20000051</run_address>
         <size>0x2</size>
         <input_file_ref idref="fl-5"/>
      </object_component>
      <object_component id="oc-204">
         <name>.data</name>
         <load_address>0x20000000</load_address>
         <run_address>0x20000000</run_address>
         <size>0x18</size>
         <input_file_ref idref="fl-6"/>
      </object_component>
      <object_component id="oc-cf">
         <name>.data</name>
         <load_address>0x2000005c</load_address>
         <run_address>0x2000005c</run_address>
         <size>0x8</size>
         <input_file_ref idref="fl-7"/>
      </object_component>
      <object_component id="oc-1d3">
         <name>.data:right_motor_pwm_config</name>
         <load_address>0x20000030</load_address>
         <run_address>0x20000030</run_address>
         <size>0x18</size>
         <input_file_ref idref="fl-a"/>
      </object_component>
      <object_component id="oc-1cf">
         <name>.data:left_motor_pwm_config</name>
         <load_address>0x20000018</load_address>
         <run_address>0x20000018</run_address>
         <size>0x18</size>
         <input_file_ref idref="fl-a"/>
      </object_component>
      <object_component id="oc-1ee">
         <name>.data</name>
         <load_address>0x20000064</load_address>
         <run_address>0x20000064</run_address>
         <size>0x4</size>
         <input_file_ref idref="fl-d9"/>
      </object_component>
      <object_component id="oc-1eb">
         <name>.data:$O1$$</name>
         <load_address>0x20000054</load_address>
         <run_address>0x20000054</run_address>
         <size>0x8</size>
         <input_file_ref idref="fl-e1"/>
      </object_component>
      <object_component id="oc-132">
         <name>.common:bump_data</name>
         <uninitialized>true</uninitialized>
         <run_address>0x20000070</run_address>
         <size>0x1</size>
      </object_component>
      <object_component id="oc-135">
         <name>.common:bump_data0</name>
         <uninitialized>true</uninitialized>
         <run_address>0x20000071</run_address>
         <size>0x1</size>
      </object_component>
      <object_component id="oc-136">
         <name>.common:bump_data1</name>
         <uninitialized>true</uninitialized>
         <run_address>0x20000072</run_address>
         <size>0x1</size>
      </object_component>
      <object_component id="oc-137">
         <name>.common:bump_data2</name>
         <uninitialized>true</uninitialized>
         <run_address>0x20000073</run_address>
         <size>0x1</size>
      </object_component>
      <object_component id="oc-138">
         <name>.common:bump_data3</name>
         <uninitialized>true</uninitialized>
         <run_address>0x20000074</run_address>
         <size>0x1</size>
      </object_component>
      <object_component id="oc-139">
         <name>.common:bump_data4</name>
         <uninitialized>true</uninitialized>
         <run_address>0x20000075</run_address>
         <size>0x1</size>
      </object_component>
      <object_component id="oc-13a">
         <name>.common:bump_data5</name>
         <uninitialized>true</uninitialized>
         <run_address>0x20000076</run_address>
         <size>0x1</size>
      </object_component>
      <object_component id="oc-13c">
         <name>.common:mouse</name>
         <uninitialized>true</uninitialized>
         <run_address>0x2000006c</run_address>
         <size>0x4</size>
      </object_component>
      <object_component id="oc-13b">
         <name>.common:lux</name>
         <uninitialized>true</uninitialized>
         <run_address>0x20000068</run_address>
         <size>0x4</size>
      </object_component>
      <object_component id="oc-26">
         <name>.stack</name>
         <uninitialized>true</uninitialized>
         <run_address>0x2000fe00</run_address>
         <size>0x4</size>
         <input_file_ref idref="fl-da"/>
      </object_component>
      <object_component id="oc-338">
         <name>.stack</name>
         <uninitialized>true</uninitialized>
         <run_address>0x2000fe00</run_address>
         <size>0x0</size>
      </object_component>
      <object_component id="oc-133">
         <name>.debug_info</name>
         <load_address>0x0</load_address>
         <run_address>0x0</run_address>
         <size>0xa2e</size>
         <input_file_ref idref="fl-2"/>
      </object_component>
      <object_component id="oc-c3">
         <name>.debug_info</name>
         <load_address>0xa2e</load_address>
         <run_address>0xa2e</run_address>
         <size>0x121</size>
         <input_file_ref idref="fl-2"/>
      </object_component>
      <object_component id="oc-ac">
         <name>.debug_info</name>
         <load_address>0xb4f</load_address>
         <run_address>0xb4f</run_address>
         <size>0xc33</size>
         <input_file_ref idref="fl-2"/>
      </object_component>
      <object_component id="oc-ee">
         <name>.debug_info</name>
         <load_address>0x1782</load_address>
         <run_address>0x1782</run_address>
         <size>0x230</size>
         <input_file_ref idref="fl-2"/>
      </object_component>
      <object_component id="oc-74">
         <name>.debug_info</name>
         <load_address>0x19b2</load_address>
         <run_address>0x19b2</run_address>
         <size>0x136</size>
         <input_file_ref idref="fl-2"/>
      </object_component>
      <object_component id="oc-18a">
         <name>.debug_info</name>
         <load_address>0x1ae8</load_address>
         <run_address>0x1ae8</run_address>
         <size>0x14d</size>
         <input_file_ref idref="fl-2"/>
      </object_component>
      <object_component id="oc-d5">
         <name>.debug_info</name>
         <load_address>0x1c35</load_address>
         <run_address>0x1c35</run_address>
         <size>0x26b</size>
         <input_file_ref idref="fl-2"/>
      </object_component>
      <object_component id="oc-1f9">
         <name>.debug_info</name>
         <load_address>0x1ea0</load_address>
         <run_address>0x1ea0</run_address>
         <size>0x1028</size>
         <input_file_ref idref="fl-2"/>
      </object_component>
      <object_component id="oc-1f4">
         <name>.debug_info</name>
         <load_address>0x2ec8</load_address>
         <run_address>0x2ec8</run_address>
         <size>0x37e2</size>
         <input_file_ref idref="fl-2"/>
      </object_component>
      <object_component id="oc-2f7">
         <name>.debug_info</name>
         <load_address>0x66aa</load_address>
         <run_address>0x66aa</run_address>
         <size>0x9a</size>
         <input_file_ref idref="fl-2"/>
      </object_component>
      <object_component id="oc-251">
         <name>.debug_info</name>
         <load_address>0x6744</load_address>
         <run_address>0x6744</run_address>
         <size>0x341</size>
         <input_file_ref idref="fl-2"/>
      </object_component>
      <object_component id="oc-144">
         <name>.debug_info</name>
         <load_address>0x6a85</load_address>
         <run_address>0x6a85</run_address>
         <size>0x8b</size>
         <input_file_ref idref="fl-2"/>
      </object_component>
      <object_component id="oc-191">
         <name>.debug_info</name>
         <load_address>0x6b10</load_address>
         <run_address>0x6b10</run_address>
         <size>0x297</size>
         <input_file_ref idref="fl-2"/>
      </object_component>
      <object_component id="oc-2c0">
         <name>.debug_info</name>
         <load_address>0x6da7</load_address>
         <run_address>0x6da7</run_address>
         <size>0xef</size>
         <input_file_ref idref="fl-2"/>
      </object_component>
      <object_component id="oc-ca">
         <name>.debug_info</name>
         <load_address>0x6e96</load_address>
         <run_address>0x6e96</run_address>
         <size>0xbb</size>
         <input_file_ref idref="fl-2"/>
      </object_component>
      <object_component id="oc-bc">
         <name>.debug_info</name>
         <load_address>0x6f51</load_address>
         <run_address>0x6f51</run_address>
         <size>0x156</size>
         <input_file_ref idref="fl-3"/>
      </object_component>
      <object_component id="oc-2f">
         <name>.debug_info</name>
         <load_address>0x70a7</load_address>
         <run_address>0x70a7</run_address>
         <size>0x84</size>
         <input_file_ref idref="fl-3"/>
      </object_component>
      <object_component id="oc-1a6">
         <name>.debug_info</name>
         <load_address>0x712b</load_address>
         <run_address>0x712b</run_address>
         <size>0x169</size>
         <input_file_ref idref="fl-4"/>
      </object_component>
      <object_component id="oc-fd">
         <name>.debug_info</name>
         <load_address>0x7294</load_address>
         <run_address>0x7294</run_address>
         <size>0x183</size>
         <input_file_ref idref="fl-4"/>
      </object_component>
      <object_component id="oc-c7">
         <name>.debug_info</name>
         <load_address>0x7417</load_address>
         <run_address>0x7417</run_address>
         <size>0x15e</size>
         <input_file_ref idref="fl-5"/>
      </object_component>
      <object_component id="oc-1b8">
         <name>.debug_info</name>
         <load_address>0x7575</load_address>
         <run_address>0x7575</run_address>
         <size>0x188</size>
         <input_file_ref idref="fl-5"/>
      </object_component>
      <object_component id="oc-10f">
         <name>.debug_info</name>
         <load_address>0x76fd</load_address>
         <run_address>0x76fd</run_address>
         <size>0x159</size>
         <input_file_ref idref="fl-5"/>
      </object_component>
      <object_component id="oc-109">
         <name>.debug_info</name>
         <load_address>0x7856</load_address>
         <run_address>0x7856</run_address>
         <size>0x159</size>
         <input_file_ref idref="fl-5"/>
      </object_component>
      <object_component id="oc-78">
         <name>.debug_info</name>
         <load_address>0x79af</load_address>
         <run_address>0x79af</run_address>
         <size>0x177</size>
         <input_file_ref idref="fl-5"/>
      </object_component>
      <object_component id="oc-205">
         <name>.debug_info</name>
         <load_address>0x7b26</load_address>
         <run_address>0x7b26</run_address>
         <size>0x1b7</size>
         <input_file_ref idref="fl-6"/>
      </object_component>
      <object_component id="oc-19b">
         <name>.debug_info</name>
         <load_address>0x7cdd</load_address>
         <run_address>0x7cdd</run_address>
         <size>0x14e</size>
         <input_file_ref idref="fl-6"/>
      </object_component>
      <object_component id="oc-202">
         <name>.debug_info</name>
         <load_address>0x7e2b</load_address>
         <run_address>0x7e2b</run_address>
         <size>0x169</size>
         <input_file_ref idref="fl-6"/>
      </object_component>
      <object_component id="oc-141">
         <name>.debug_info</name>
         <load_address>0x7f94</load_address>
         <run_address>0x7f94</run_address>
         <size>0x16f</size>
         <input_file_ref idref="fl-6"/>
      </object_component>
      <object_component id="oc-d0">
         <name>.debug_info</name>
         <load_address>0x8103</load_address>
         <run_address>0x8103</run_address>
         <size>0x149</size>
         <input_file_ref idref="fl-7"/>
      </object_component>
      <object_component id="oc-1b1">
         <name>.debug_info</name>
         <load_address>0x824c</load_address>
         <run_address>0x824c</run_address>
         <size>0x1a2</size>
         <input_file_ref idref="fl-7"/>
      </object_component>
      <object_component id="oc-115">
         <name>.debug_info</name>
         <load_address>0x83ee</load_address>
         <run_address>0x83ee</run_address>
         <size>0x162</size>
         <input_file_ref idref="fl-7"/>
      </object_component>
      <object_component id="oc-11d">
         <name>.debug_info</name>
         <load_address>0x8550</load_address>
         <run_address>0x8550</run_address>
         <size>0x164</size>
         <input_file_ref idref="fl-7"/>
      </object_component>
      <object_component id="oc-7f">
         <name>.debug_info</name>
         <load_address>0x86b4</load_address>
         <run_address>0x86b4</run_address>
         <size>0x196</size>
         <input_file_ref idref="fl-7"/>
      </object_component>
      <object_component id="oc-2cb">
         <name>.debug_info</name>
         <load_address>0x884a</load_address>
         <run_address>0x884a</run_address>
         <size>0x9cf</size>
         <input_file_ref idref="fl-8"/>
      </object_component>
      <object_component id="oc-245">
         <name>.debug_info</name>
         <load_address>0x9219</load_address>
         <run_address>0x9219</run_address>
         <size>0x108</size>
         <input_file_ref idref="fl-8"/>
      </object_component>
      <object_component id="oc-1be">
         <name>.debug_info</name>
         <load_address>0x9321</load_address>
         <run_address>0x9321</run_address>
         <size>0x1b4</size>
         <input_file_ref idref="fl-8"/>
      </object_component>
      <object_component id="oc-1c5">
         <name>.debug_info</name>
         <load_address>0x94d5</load_address>
         <run_address>0x94d5</run_address>
         <size>0x18a</size>
         <input_file_ref idref="fl-8"/>
      </object_component>
      <object_component id="oc-1e0">
         <name>.debug_info</name>
         <load_address>0x965f</load_address>
         <run_address>0x965f</run_address>
         <size>0x2fb</size>
         <input_file_ref idref="fl-8"/>
      </object_component>
      <object_component id="oc-24b">
         <name>.debug_info</name>
         <load_address>0x995a</load_address>
         <run_address>0x995a</run_address>
         <size>0x25e</size>
         <input_file_ref idref="fl-8"/>
      </object_component>
      <object_component id="oc-1d9">
         <name>.debug_info</name>
         <load_address>0x9bb8</load_address>
         <run_address>0x9bb8</run_address>
         <size>0x1b8</size>
         <input_file_ref idref="fl-8"/>
      </object_component>
      <object_component id="oc-1c9">
         <name>.debug_info</name>
         <load_address>0x9d70</load_address>
         <run_address>0x9d70</run_address>
         <size>0x17f</size>
         <input_file_ref idref="fl-9"/>
      </object_component>
      <object_component id="oc-103">
         <name>.debug_info</name>
         <load_address>0x9eef</load_address>
         <run_address>0x9eef</run_address>
         <size>0x1c6</size>
         <input_file_ref idref="fl-9"/>
      </object_component>
      <object_component id="oc-1d4">
         <name>.debug_info</name>
         <load_address>0xa0b5</load_address>
         <run_address>0xa0b5</run_address>
         <size>0x120</size>
         <input_file_ref idref="fl-a"/>
      </object_component>
      <object_component id="oc-1d0">
         <name>.debug_info</name>
         <load_address>0xa1d5</load_address>
         <run_address>0xa1d5</run_address>
         <size>0x11e</size>
         <input_file_ref idref="fl-a"/>
      </object_component>
      <object_component id="oc-1ac">
         <name>.debug_info</name>
         <load_address>0xa2f3</load_address>
         <run_address>0xa2f3</run_address>
         <size>0x1b6</size>
         <input_file_ref idref="fl-a"/>
      </object_component>
      <object_component id="oc-f1">
         <name>.debug_info</name>
         <load_address>0xa4a9</load_address>
         <run_address>0xa4a9</run_address>
         <size>0x1a7</size>
         <input_file_ref idref="fl-a"/>
      </object_component>
      <object_component id="oc-f8">
         <name>.debug_info</name>
         <load_address>0xa650</load_address>
         <run_address>0xa650</run_address>
         <size>0x1a9</size>
         <input_file_ref idref="fl-a"/>
      </object_component>
      <object_component id="oc-122">
         <name>.debug_info</name>
         <load_address>0xa7f9</load_address>
         <run_address>0xa7f9</run_address>
         <size>0x18d</size>
         <input_file_ref idref="fl-a"/>
      </object_component>
      <object_component id="oc-127">
         <name>.debug_info</name>
         <load_address>0xa986</load_address>
         <run_address>0xa986</run_address>
         <size>0x18f</size>
         <input_file_ref idref="fl-a"/>
      </object_component>
      <object_component id="oc-1a1">
         <name>.debug_info</name>
         <load_address>0xab15</load_address>
         <run_address>0xab15</run_address>
         <size>0x162</size>
         <input_file_ref idref="fl-b"/>
      </object_component>
      <object_component id="oc-84">
         <name>.debug_info</name>
         <load_address>0xac77</load_address>
         <run_address>0xac77</run_address>
         <size>0x2f6</size>
         <input_file_ref idref="fl-c"/>
      </object_component>
      <object_component id="oc-24">
         <name>.debug_info</name>
         <load_address>0xaf6d</load_address>
         <run_address>0xaf6d</run_address>
         <size>0x122</size>
         <input_file_ref idref="fl-c"/>
      </object_component>
      <object_component id="oc-66">
         <name>.debug_info</name>
         <load_address>0xb08f</load_address>
         <run_address>0xb08f</run_address>
         <size>0x185</size>
         <input_file_ref idref="fl-c"/>
      </object_component>
      <object_component id="oc-6b">
         <name>.debug_info</name>
         <load_address>0xb214</load_address>
         <run_address>0xb214</run_address>
         <size>0x16d</size>
         <input_file_ref idref="fl-c"/>
      </object_component>
      <object_component id="oc-2f4">
         <name>.debug_info</name>
         <load_address>0xb381</load_address>
         <run_address>0xb381</run_address>
         <size>0x701</size>
         <input_file_ref idref="fl-17"/>
      </object_component>
      <object_component id="oc-2bd">
         <name>.debug_info</name>
         <load_address>0xba82</load_address>
         <run_address>0xba82</run_address>
         <size>0x135</size>
         <input_file_ref idref="fl-17"/>
      </object_component>
      <object_component id="oc-22d">
         <name>.debug_info</name>
         <load_address>0xbbb7</load_address>
         <run_address>0xbbb7</run_address>
         <size>0x2a5</size>
         <input_file_ref idref="fl-17"/>
      </object_component>
      <object_component id="oc-2fc">
         <name>.debug_info</name>
         <load_address>0xbe5c</load_address>
         <run_address>0xbe5c</run_address>
         <size>0x431a</size>
         <input_file_ref idref="fl-17"/>
      </object_component>
      <object_component id="oc-2c6">
         <name>.debug_info</name>
         <load_address>0x10176</load_address>
         <run_address>0x10176</run_address>
         <size>0x6f0</size>
         <input_file_ref idref="fl-18"/>
      </object_component>
      <object_component id="oc-234">
         <name>.debug_info</name>
         <load_address>0x10866</load_address>
         <run_address>0x10866</run_address>
         <size>0x23b</size>
         <input_file_ref idref="fl-18"/>
      </object_component>
      <object_component id="oc-240">
         <name>.debug_info</name>
         <load_address>0x10aa1</load_address>
         <run_address>0x10aa1</run_address>
         <size>0x1ee</size>
         <input_file_ref idref="fl-18"/>
      </object_component>
      <object_component id="oc-23a">
         <name>.debug_info</name>
         <load_address>0x10c8f</load_address>
         <run_address>0x10c8f</run_address>
         <size>0x1f0</size>
         <input_file_ref idref="fl-18"/>
      </object_component>
      <object_component id="oc-25a">
         <name>.debug_info</name>
         <load_address>0x10e7f</load_address>
         <run_address>0x10e7f</run_address>
         <size>0x237</size>
         <input_file_ref idref="fl-18"/>
      </object_component>
      <object_component id="oc-267">
         <name>.debug_info</name>
         <load_address>0x110b6</load_address>
         <run_address>0x110b6</run_address>
         <size>0x207</size>
         <input_file_ref idref="fl-18"/>
      </object_component>
      <object_component id="oc-26d">
         <name>.debug_info</name>
         <load_address>0x112bd</load_address>
         <run_address>0x112bd</run_address>
         <size>0x1ec</size>
         <input_file_ref idref="fl-18"/>
      </object_component>
      <object_component id="oc-273">
         <name>.debug_info</name>
         <load_address>0x114a9</load_address>
         <run_address>0x114a9</run_address>
         <size>0x252</size>
         <input_file_ref idref="fl-18"/>
      </object_component>
      <object_component id="oc-2ce">
         <name>.debug_info</name>
         <load_address>0x116fb</load_address>
         <run_address>0x116fb</run_address>
         <size>0x232</size>
         <input_file_ref idref="fl-18"/>
      </object_component>
      <object_component id="oc-2d4">
         <name>.debug_info</name>
         <load_address>0x1192d</load_address>
         <run_address>0x1192d</run_address>
         <size>0x23a</size>
         <input_file_ref idref="fl-18"/>
      </object_component>
      <object_component id="oc-27f">
         <name>.debug_info</name>
         <load_address>0x11b67</load_address>
         <run_address>0x11b67</run_address>
         <size>0x207</size>
         <input_file_ref idref="fl-18"/>
      </object_component>
      <object_component id="oc-285">
         <name>.debug_info</name>
         <load_address>0x11d6e</load_address>
         <run_address>0x11d6e</run_address>
         <size>0x1fd</size>
         <input_file_ref idref="fl-18"/>
      </object_component>
      <object_component id="oc-28b">
         <name>.debug_info</name>
         <load_address>0x11f6b</load_address>
         <run_address>0x11f6b</run_address>
         <size>0x211</size>
         <input_file_ref idref="fl-18"/>
      </object_component>
      <object_component id="oc-292">
         <name>.debug_info</name>
         <load_address>0x1217c</load_address>
         <run_address>0x1217c</run_address>
         <size>0x215</size>
         <input_file_ref idref="fl-18"/>
      </object_component>
      <object_component id="oc-261">
         <name>.debug_info</name>
         <load_address>0x12391</load_address>
         <run_address>0x12391</run_address>
         <size>0x220</size>
         <input_file_ref idref="fl-18"/>
      </object_component>
      <object_component id="oc-27a">
         <name>.debug_info</name>
         <load_address>0x125b1</load_address>
         <run_address>0x125b1</run_address>
         <size>0x224</size>
         <input_file_ref idref="fl-18"/>
      </object_component>
      <object_component id="oc-9b">
         <name>.debug_info</name>
         <load_address>0x127d5</load_address>
         <run_address>0x127d5</run_address>
         <size>0x2d5</size>
         <input_file_ref idref="fl-d6"/>
      </object_component>
      <object_component id="oc-43">
         <name>.debug_info</name>
         <load_address>0x12aaa</load_address>
         <run_address>0x12aaa</run_address>
         <size>0x1d3</size>
         <input_file_ref idref="fl-d6"/>
      </object_component>
      <object_component id="oc-96">
         <name>.debug_info</name>
         <load_address>0x12c7d</load_address>
         <run_address>0x12c7d</run_address>
         <size>0x46</size>
         <input_file_ref idref="fl-d6"/>
      </object_component>
      <object_component id="oc-e1">
         <name>.debug_info</name>
         <load_address>0x12cc3</load_address>
         <run_address>0x12cc3</run_address>
         <size>0x2c</size>
         <input_file_ref idref="fl-d6"/>
      </object_component>
      <object_component id="oc-3f">
         <name>.debug_info</name>
         <load_address>0x12cef</load_address>
         <run_address>0x12cef</run_address>
         <size>0x2a9</size>
         <input_file_ref idref="fl-d7"/>
      </object_component>
      <object_component id="oc-1e">
         <name>.debug_info</name>
         <load_address>0x12f98</load_address>
         <run_address>0x12f98</run_address>
         <size>0x1eb</size>
         <input_file_ref idref="fl-d7"/>
      </object_component>
      <object_component id="oc-3a">
         <name>.debug_info</name>
         <load_address>0x13183</load_address>
         <run_address>0x13183</run_address>
         <size>0x46</size>
         <input_file_ref idref="fl-d7"/>
      </object_component>
      <object_component id="oc-8e">
         <name>.debug_info</name>
         <load_address>0x131c9</load_address>
         <run_address>0x131c9</run_address>
         <size>0x2c</size>
         <input_file_ref idref="fl-d7"/>
      </object_component>
      <object_component id="oc-8c">
         <name>.debug_info</name>
         <load_address>0x131f5</load_address>
         <run_address>0x131f5</run_address>
         <size>0x29f</size>
         <input_file_ref idref="fl-d8"/>
      </object_component>
      <object_component id="oc-16">
         <name>.debug_info</name>
         <load_address>0x13494</load_address>
         <run_address>0x13494</run_address>
         <size>0x251</size>
         <input_file_ref idref="fl-d8"/>
      </object_component>
      <object_component id="oc-2a">
         <name>.debug_info</name>
         <load_address>0x136e5</load_address>
         <run_address>0x136e5</run_address>
         <size>0x60</size>
         <input_file_ref idref="fl-d8"/>
      </object_component>
      <object_component id="oc-da">
         <name>.debug_info</name>
         <load_address>0x13745</load_address>
         <run_address>0x13745</run_address>
         <size>0x46</size>
         <input_file_ref idref="fl-d8"/>
      </object_component>
      <object_component id="oc-87">
         <name>.debug_info</name>
         <load_address>0x1378b</load_address>
         <run_address>0x1378b</run_address>
         <size>0x39</size>
         <input_file_ref idref="fl-d8"/>
      </object_component>
      <object_component id="oc-1ef">
         <name>.debug_info</name>
         <load_address>0x137c4</load_address>
         <run_address>0x137c4</run_address>
         <size>0xfc</size>
         <input_file_ref idref="fl-d9"/>
      </object_component>
      <object_component id="oc-12e">
         <name>.debug_info</name>
         <load_address>0x138c0</load_address>
         <run_address>0x138c0</run_address>
         <size>0x13e</size>
         <input_file_ref idref="fl-d9"/>
      </object_component>
      <object_component id="oc-27">
         <name>.debug_info</name>
         <load_address>0x139fe</load_address>
         <run_address>0x139fe</run_address>
         <size>0x10c</size>
         <input_file_ref idref="fl-da"/>
      </object_component>
      <object_component id="oc-54">
         <name>.debug_info</name>
         <load_address>0x13b0a</load_address>
         <run_address>0x13b0a</run_address>
         <size>0x1aa</size>
         <input_file_ref idref="fl-da"/>
      </object_component>
      <object_component id="oc-35">
         <name>.debug_info</name>
         <load_address>0x13cb4</load_address>
         <run_address>0x13cb4</run_address>
         <size>0x11a</size>
         <input_file_ref idref="fl-dc"/>
      </object_component>
      <object_component id="oc-210">
         <name>.debug_info</name>
         <load_address>0x13dce</load_address>
         <run_address>0x13dce</run_address>
         <size>0x4b4</size>
         <input_file_ref idref="fl-dd"/>
      </object_component>
      <object_component id="oc-156">
         <name>.debug_info</name>
         <load_address>0x14282</load_address>
         <run_address>0x14282</run_address>
         <size>0x1a7</size>
         <input_file_ref idref="fl-dd"/>
      </object_component>
      <object_component id="oc-2ab">
         <name>.debug_info</name>
         <load_address>0x14429</load_address>
         <run_address>0x14429</run_address>
         <size>0x39</size>
         <input_file_ref idref="fl-dd"/>
      </object_component>
      <object_component id="oc-2e6">
         <name>.debug_info</name>
         <load_address>0x14462</load_address>
         <run_address>0x14462</run_address>
         <size>0x39</size>
         <input_file_ref idref="fl-dd"/>
      </object_component>
      <object_component id="oc-2b0">
         <name>.debug_info</name>
         <load_address>0x1449b</load_address>
         <run_address>0x1449b</run_address>
         <size>0x39</size>
         <input_file_ref idref="fl-dd"/>
      </object_component>
      <object_component id="oc-2b5">
         <name>.debug_info</name>
         <load_address>0x144d4</load_address>
         <run_address>0x144d4</run_address>
         <size>0xcd</size>
         <input_file_ref idref="fl-dd"/>
      </object_component>
      <object_component id="oc-a5">
         <name>.debug_info</name>
         <load_address>0x145a1</load_address>
         <run_address>0x145a1</run_address>
         <size>0x154</size>
         <input_file_ref idref="fl-de"/>
      </object_component>
      <object_component id="oc-14c">
         <name>.debug_info</name>
         <load_address>0x146f5</load_address>
         <run_address>0x146f5</run_address>
         <size>0x123</size>
         <input_file_ref idref="fl-e0"/>
      </object_component>
      <object_component id="oc-29e">
         <name>.debug_info</name>
         <load_address>0x14818</load_address>
         <run_address>0x14818</run_address>
         <size>0x2ca</size>
         <input_file_ref idref="fl-e1"/>
      </object_component>
      <object_component id="oc-1ec">
         <name>.debug_info</name>
         <load_address>0x14ae2</load_address>
         <run_address>0x14ae2</run_address>
         <size>0x11f</size>
         <input_file_ref idref="fl-e1"/>
      </object_component>
      <object_component id="oc-297">
         <name>.debug_info</name>
         <load_address>0x14c01</load_address>
         <run_address>0x14c01</run_address>
         <size>0x12f</size>
         <input_file_ref idref="fl-e1"/>
      </object_component>
      <object_component id="oc-339">
         <name>.debug_info</name>
         <load_address>0x14d30</load_address>
         <run_address>0x14d30</run_address>
         <size>0xca</size>
      </object_component>
      <object_component id="oc-1f3">
         <name>.debug_line</name>
         <load_address>0x0</load_address>
         <run_address>0x0</run_address>
         <size>0xb9</size>
         <input_file_ref idref="fl-2"/>
      </object_component>
      <object_component id="oc-189">
         <name>.debug_line</name>
         <load_address>0xb9</load_address>
         <run_address>0xb9</run_address>
         <size>0x2d</size>
         <input_file_ref idref="fl-2"/>
      </object_component>
      <object_component id="oc-a9">
         <name>.debug_line</name>
         <load_address>0xe6</load_address>
         <run_address>0xe6</run_address>
         <size>0x225</size>
         <input_file_ref idref="fl-2"/>
      </object_component>
      <object_component id="oc-eb">
         <name>.debug_line</name>
         <load_address>0x30b</load_address>
         <run_address>0x30b</run_address>
         <size>0x58</size>
         <input_file_ref idref="fl-2"/>
      </object_component>
      <object_component id="oc-71">
         <name>.debug_line</name>
         <load_address>0x363</load_address>
         <run_address>0x363</run_address>
         <size>0x45</size>
         <input_file_ref idref="fl-2"/>
      </object_component>
      <object_component id="oc-18d">
         <name>.debug_line</name>
         <load_address>0x3a8</load_address>
         <run_address>0x3a8</run_address>
         <size>0x2d</size>
         <input_file_ref idref="fl-2"/>
      </object_component>
      <object_component id="oc-d8">
         <name>.debug_line</name>
         <load_address>0x3d5</load_address>
         <run_address>0x3d5</run_address>
         <size>0x6f</size>
         <input_file_ref idref="fl-2"/>
      </object_component>
      <object_component id="oc-1fc">
         <name>.debug_line</name>
         <load_address>0x444</load_address>
         <run_address>0x444</run_address>
         <size>0x78</size>
         <input_file_ref idref="fl-2"/>
      </object_component>
      <object_component id="oc-1f7">
         <name>.debug_line</name>
         <load_address>0x4bc</load_address>
         <run_address>0x4bc</run_address>
         <size>0x7b</size>
         <input_file_ref idref="fl-2"/>
      </object_component>
      <object_component id="oc-2fa">
         <name>.debug_line</name>
         <load_address>0x537</load_address>
         <run_address>0x537</run_address>
         <size>0x79</size>
         <input_file_ref idref="fl-2"/>
      </object_component>
      <object_component id="oc-254">
         <name>.debug_line</name>
         <load_address>0x5b0</load_address>
         <run_address>0x5b0</run_address>
         <size>0x7d</size>
         <input_file_ref idref="fl-2"/>
      </object_component>
      <object_component id="oc-147">
         <name>.debug_line</name>
         <load_address>0x62d</load_address>
         <run_address>0x62d</run_address>
         <size>0x20</size>
         <input_file_ref idref="fl-2"/>
      </object_component>
      <object_component id="oc-194">
         <name>.debug_line</name>
         <load_address>0x64d</load_address>
         <run_address>0x64d</run_address>
         <size>0x73</size>
         <input_file_ref idref="fl-2"/>
      </object_component>
      <object_component id="oc-2c3">
         <name>.debug_line</name>
         <load_address>0x6c0</load_address>
         <run_address>0x6c0</run_address>
         <size>0x6f</size>
         <input_file_ref idref="fl-2"/>
      </object_component>
      <object_component id="oc-cd">
         <name>.debug_line</name>
         <load_address>0x72f</load_address>
         <run_address>0x72f</run_address>
         <size>0x70</size>
         <input_file_ref idref="fl-2"/>
      </object_component>
      <object_component id="oc-bb">
         <name>.debug_line</name>
         <load_address>0x79f</load_address>
         <run_address>0x79f</run_address>
         <size>0x66</size>
         <input_file_ref idref="fl-3"/>
      </object_component>
      <object_component id="oc-32">
         <name>.debug_line</name>
         <load_address>0x805</load_address>
         <run_address>0x805</run_address>
         <size>0x20</size>
         <input_file_ref idref="fl-3"/>
      </object_component>
      <object_component id="oc-1a5">
         <name>.debug_line</name>
         <load_address>0x825</load_address>
         <run_address>0x825</run_address>
         <size>0x51</size>
         <input_file_ref idref="fl-4"/>
      </object_component>
      <object_component id="oc-100">
         <name>.debug_line</name>
         <load_address>0x876</load_address>
         <run_address>0x876</run_address>
         <size>0x56</size>
         <input_file_ref idref="fl-4"/>
      </object_component>
      <object_component id="oc-190">
         <name>.debug_line</name>
         <load_address>0x8cc</load_address>
         <run_address>0x8cc</run_address>
         <size>0x37</size>
         <input_file_ref idref="fl-5"/>
      </object_component>
      <object_component id="oc-1b7">
         <name>.debug_line</name>
         <load_address>0x903</load_address>
         <run_address>0x903</run_address>
         <size>0x54</size>
         <input_file_ref idref="fl-5"/>
      </object_component>
      <object_component id="oc-112">
         <name>.debug_line</name>
         <load_address>0x957</load_address>
         <run_address>0x957</run_address>
         <size>0x53</size>
         <input_file_ref idref="fl-5"/>
      </object_component>
      <object_component id="oc-10c">
         <name>.debug_line</name>
         <load_address>0x9aa</load_address>
         <run_address>0x9aa</run_address>
         <size>0x53</size>
         <input_file_ref idref="fl-5"/>
      </object_component>
      <object_component id="oc-77">
         <name>.debug_line</name>
         <load_address>0x9fd</load_address>
         <run_address>0x9fd</run_address>
         <size>0x5c</size>
         <input_file_ref idref="fl-5"/>
      </object_component>
      <object_component id="oc-2a4">
         <name>.debug_line</name>
         <load_address>0xa59</load_address>
         <run_address>0xa59</run_address>
         <size>0x36</size>
         <input_file_ref idref="fl-6"/>
      </object_component>
      <object_component id="oc-19d">
         <name>.debug_line</name>
         <load_address>0xa8f</load_address>
         <run_address>0xa8f</run_address>
         <size>0x89</size>
         <input_file_ref idref="fl-6"/>
      </object_component>
      <object_component id="oc-200">
         <name>.debug_line</name>
         <load_address>0xb18</load_address>
         <run_address>0xb18</run_address>
         <size>0x4e</size>
         <input_file_ref idref="fl-6"/>
      </object_component>
      <object_component id="oc-140">
         <name>.debug_line</name>
         <load_address>0xb66</load_address>
         <run_address>0xb66</run_address>
         <size>0x55</size>
         <input_file_ref idref="fl-6"/>
      </object_component>
      <object_component id="oc-197">
         <name>.debug_line</name>
         <load_address>0xbbb</load_address>
         <run_address>0xbbb</run_address>
         <size>0x38</size>
         <input_file_ref idref="fl-7"/>
      </object_component>
      <object_component id="oc-1b4">
         <name>.debug_line</name>
         <load_address>0xbf3</load_address>
         <run_address>0xbf3</run_address>
         <size>0x5a</size>
         <input_file_ref idref="fl-7"/>
      </object_component>
      <object_component id="oc-118">
         <name>.debug_line</name>
         <load_address>0xc4d</load_address>
         <run_address>0xc4d</run_address>
         <size>0x4d</size>
         <input_file_ref idref="fl-7"/>
      </object_component>
      <object_component id="oc-11b">
         <name>.debug_line</name>
         <load_address>0xc9a</load_address>
         <run_address>0xc9a</run_address>
         <size>0x4d</size>
         <input_file_ref idref="fl-7"/>
      </object_component>
      <object_component id="oc-7e">
         <name>.debug_line</name>
         <load_address>0xce7</load_address>
         <run_address>0xce7</run_address>
         <size>0x68</size>
         <input_file_ref idref="fl-7"/>
      </object_component>
      <object_component id="oc-302">
         <name>.debug_line</name>
         <load_address>0xd4f</load_address>
         <run_address>0xd4f</run_address>
         <size>0xd3</size>
         <input_file_ref idref="fl-8"/>
      </object_component>
      <object_component id="oc-2ca">
         <name>.debug_line</name>
         <load_address>0xe22</load_address>
         <run_address>0xe22</run_address>
         <size>0x38</size>
         <input_file_ref idref="fl-8"/>
      </object_component>
      <object_component id="oc-1c1">
         <name>.debug_line</name>
         <load_address>0xe5a</load_address>
         <run_address>0xe5a</run_address>
         <size>0x50</size>
         <input_file_ref idref="fl-8"/>
      </object_component>
      <object_component id="oc-1c4">
         <name>.debug_line</name>
         <load_address>0xeaa</load_address>
         <run_address>0xeaa</run_address>
         <size>0x53</size>
         <input_file_ref idref="fl-8"/>
      </object_component>
      <object_component id="oc-1e3">
         <name>.debug_line</name>
         <load_address>0xefd</load_address>
         <run_address>0xefd</run_address>
         <size>0x72</size>
         <input_file_ref idref="fl-8"/>
      </object_component>
      <object_component id="oc-24a">
         <name>.debug_line</name>
         <load_address>0xf6f</load_address>
         <run_address>0xf6f</run_address>
         <size>0x55</size>
         <input_file_ref idref="fl-8"/>
      </object_component>
      <object_component id="oc-1dc">
         <name>.debug_line</name>
         <load_address>0xfc4</load_address>
         <run_address>0xfc4</run_address>
         <size>0x52</size>
         <input_file_ref idref="fl-8"/>
      </object_component>
      <object_component id="oc-1cd">
         <name>.debug_line</name>
         <load_address>0x1016</load_address>
         <run_address>0x1016</run_address>
         <size>0x54</size>
         <input_file_ref idref="fl-9"/>
      </object_component>
      <object_component id="oc-107">
         <name>.debug_line</name>
         <load_address>0x106a</load_address>
         <run_address>0x106a</run_address>
         <size>0x84</size>
         <input_file_ref idref="fl-9"/>
      </object_component>
      <object_component id="oc-257">
         <name>.debug_line</name>
         <load_address>0x10ee</load_address>
         <run_address>0x10ee</run_address>
         <size>0x36</size>
         <input_file_ref idref="fl-a"/>
      </object_component>
      <object_component id="oc-250">
         <name>.debug_line</name>
         <load_address>0x1124</load_address>
         <run_address>0x1124</run_address>
         <size>0x36</size>
         <input_file_ref idref="fl-a"/>
      </object_component>
      <object_component id="oc-1ab">
         <name>.debug_line</name>
         <load_address>0x115a</load_address>
         <run_address>0x115a</run_address>
         <size>0x57</size>
         <input_file_ref idref="fl-a"/>
      </object_component>
      <object_component id="oc-f4">
         <name>.debug_line</name>
         <load_address>0x11b1</load_address>
         <run_address>0x11b1</run_address>
         <size>0x5c</size>
         <input_file_ref idref="fl-a"/>
      </object_component>
      <object_component id="oc-f7">
         <name>.debug_line</name>
         <load_address>0x120d</load_address>
         <run_address>0x120d</run_address>
         <size>0x5c</size>
         <input_file_ref idref="fl-a"/>
      </object_component>
      <object_component id="oc-121">
         <name>.debug_line</name>
         <load_address>0x1269</load_address>
         <run_address>0x1269</run_address>
         <size>0x52</size>
         <input_file_ref idref="fl-a"/>
      </object_component>
      <object_component id="oc-12a">
         <name>.debug_line</name>
         <load_address>0x12bb</load_address>
         <run_address>0x12bb</run_address>
         <size>0x52</size>
         <input_file_ref idref="fl-a"/>
      </object_component>
      <object_component id="oc-19f">
         <name>.debug_line</name>
         <load_address>0x130d</load_address>
         <run_address>0x130d</run_address>
         <size>0x59</size>
         <input_file_ref idref="fl-b"/>
      </object_component>
      <object_component id="oc-d4">
         <name>.debug_line</name>
         <load_address>0x1366</load_address>
         <run_address>0x1366</run_address>
         <size>0x44</size>
         <input_file_ref idref="fl-c"/>
      </object_component>
      <object_component id="oc-83">
         <name>.debug_line</name>
         <load_address>0x13aa</load_address>
         <run_address>0x13aa</run_address>
         <size>0x44</size>
         <input_file_ref idref="fl-c"/>
      </object_component>
      <object_component id="oc-65">
         <name>.debug_line</name>
         <load_address>0x13ee</load_address>
         <run_address>0x13ee</run_address>
         <size>0x5d</size>
         <input_file_ref idref="fl-c"/>
      </object_component>
      <object_component id="oc-6e">
         <name>.debug_line</name>
         <load_address>0x144b</load_address>
         <run_address>0x144b</run_address>
         <size>0x59</size>
         <input_file_ref idref="fl-c"/>
      </object_component>
      <object_component id="oc-306">
         <name>.debug_line</name>
         <load_address>0x14a4</load_address>
         <run_address>0x14a4</run_address>
         <size>0x56</size>
         <input_file_ref idref="fl-17"/>
      </object_component>
      <object_component id="oc-2f3">
         <name>.debug_line</name>
         <load_address>0x14fa</load_address>
         <run_address>0x14fa</run_address>
         <size>0x51</size>
         <input_file_ref idref="fl-17"/>
      </object_component>
      <object_component id="oc-22f">
         <name>.debug_line</name>
         <load_address>0x154b</load_address>
         <run_address>0x154b</run_address>
         <size>0x78</size>
         <input_file_ref idref="fl-17"/>
      </object_component>
      <object_component id="oc-2ff">
         <name>.debug_line</name>
         <load_address>0x15c3</load_address>
         <run_address>0x15c3</run_address>
         <size>0x51</size>
         <input_file_ref idref="fl-17"/>
      </object_component>
      <object_component id="oc-2f6">
         <name>.debug_line</name>
         <load_address>0x1614</load_address>
         <run_address>0x1614</run_address>
         <size>0x56</size>
         <input_file_ref idref="fl-18"/>
      </object_component>
      <object_component id="oc-236">
         <name>.debug_line</name>
         <load_address>0x166a</load_address>
         <run_address>0x166a</run_address>
         <size>0x70</size>
         <input_file_ref idref="fl-18"/>
      </object_component>
      <object_component id="oc-242">
         <name>.debug_line</name>
         <load_address>0x16da</load_address>
         <run_address>0x16da</run_address>
         <size>0x68</size>
         <input_file_ref idref="fl-18"/>
      </object_component>
      <object_component id="oc-23c">
         <name>.debug_line</name>
         <load_address>0x1742</load_address>
         <run_address>0x1742</run_address>
         <size>0x68</size>
         <input_file_ref idref="fl-18"/>
      </object_component>
      <object_component id="oc-25c">
         <name>.debug_line</name>
         <load_address>0x17aa</load_address>
         <run_address>0x17aa</run_address>
         <size>0x68</size>
         <input_file_ref idref="fl-18"/>
      </object_component>
      <object_component id="oc-269">
         <name>.debug_line</name>
         <load_address>0x1812</load_address>
         <run_address>0x1812</run_address>
         <size>0x68</size>
         <input_file_ref idref="fl-18"/>
      </object_component>
      <object_component id="oc-26f">
         <name>.debug_line</name>
         <load_address>0x187a</load_address>
         <run_address>0x187a</run_address>
         <size>0x68</size>
         <input_file_ref idref="fl-18"/>
      </object_component>
      <object_component id="oc-275">
         <name>.debug_line</name>
         <load_address>0x18e2</load_address>
         <run_address>0x18e2</run_address>
         <size>0x74</size>
         <input_file_ref idref="fl-18"/>
      </object_component>
      <object_component id="oc-2d0">
         <name>.debug_line</name>
         <load_address>0x1956</load_address>
         <run_address>0x1956</run_address>
         <size>0x71</size>
         <input_file_ref idref="fl-18"/>
      </object_component>
      <object_component id="oc-2d7">
         <name>.debug_line</name>
         <load_address>0x19c7</load_address>
         <run_address>0x19c7</run_address>
         <size>0x7f</size>
         <input_file_ref idref="fl-18"/>
      </object_component>
      <object_component id="oc-282">
         <name>.debug_line</name>
         <load_address>0x1a46</load_address>
         <run_address>0x1a46</run_address>
         <size>0x71</size>
         <input_file_ref idref="fl-18"/>
      </object_component>
      <object_component id="oc-288">
         <name>.debug_line</name>
         <load_address>0x1ab7</load_address>
         <run_address>0x1ab7</run_address>
         <size>0x68</size>
         <input_file_ref idref="fl-18"/>
      </object_component>
      <object_component id="oc-28e">
         <name>.debug_line</name>
         <load_address>0x1b1f</load_address>
         <run_address>0x1b1f</run_address>
         <size>0x68</size>
         <input_file_ref idref="fl-18"/>
      </object_component>
      <object_component id="oc-294">
         <name>.debug_line</name>
         <load_address>0x1b87</load_address>
         <run_address>0x1b87</run_address>
         <size>0x70</size>
         <input_file_ref idref="fl-18"/>
      </object_component>
      <object_component id="oc-263">
         <name>.debug_line</name>
         <load_address>0x1bf7</load_address>
         <run_address>0x1bf7</run_address>
         <size>0x68</size>
         <input_file_ref idref="fl-18"/>
      </object_component>
      <object_component id="oc-27c">
         <name>.debug_line</name>
         <load_address>0x1c5f</load_address>
         <run_address>0x1c5f</run_address>
         <size>0x68</size>
         <input_file_ref idref="fl-18"/>
      </object_component>
      <object_component id="oc-e7">
         <name>.debug_line</name>
         <load_address>0x1cc7</load_address>
         <run_address>0x1cc7</run_address>
         <size>0x92</size>
         <input_file_ref idref="fl-d6"/>
      </object_component>
      <object_component id="oc-45">
         <name>.debug_line</name>
         <load_address>0x1d59</load_address>
         <run_address>0x1d59</run_address>
         <size>0x56</size>
         <input_file_ref idref="fl-d6"/>
      </object_component>
      <object_component id="oc-99">
         <name>.debug_line</name>
         <load_address>0x1daf</load_address>
         <run_address>0x1daf</run_address>
         <size>0x34</size>
         <input_file_ref idref="fl-d6"/>
      </object_component>
      <object_component id="oc-e4">
         <name>.debug_line</name>
         <load_address>0x1de3</load_address>
         <run_address>0x1de3</run_address>
         <size>0x92</size>
         <input_file_ref idref="fl-d6"/>
      </object_component>
      <object_component id="oc-94">
         <name>.debug_line</name>
         <load_address>0x1e75</load_address>
         <run_address>0x1e75</run_address>
         <size>0x20</size>
         <input_file_ref idref="fl-d7"/>
      </object_component>
      <object_component id="oc-1c">
         <name>.debug_line</name>
         <load_address>0x1e95</load_address>
         <run_address>0x1e95</run_address>
         <size>0x55</size>
         <input_file_ref idref="fl-d7"/>
      </object_component>
      <object_component id="oc-3d">
         <name>.debug_line</name>
         <load_address>0x1eea</load_address>
         <run_address>0x1eea</run_address>
         <size>0x3a</size>
         <input_file_ref idref="fl-d7"/>
      </object_component>
      <object_component id="oc-91">
         <name>.debug_line</name>
         <load_address>0x1f24</load_address>
         <run_address>0x1f24</run_address>
         <size>0x92</size>
         <input_file_ref idref="fl-d7"/>
      </object_component>
      <object_component id="oc-e0">
         <name>.debug_line</name>
         <load_address>0x1fb6</load_address>
         <run_address>0x1fb6</run_address>
         <size>0x20</size>
         <input_file_ref idref="fl-d8"/>
      </object_component>
      <object_component id="oc-19">
         <name>.debug_line</name>
         <load_address>0x1fd6</load_address>
         <run_address>0x1fd6</run_address>
         <size>0xa9</size>
         <input_file_ref idref="fl-d8"/>
      </object_component>
      <object_component id="oc-2d">
         <name>.debug_line</name>
         <load_address>0x207f</load_address>
         <run_address>0x207f</run_address>
         <size>0x3a</size>
[...]
      </symbol>
      <symbol id="sm-11c">
         <name>lux</name>
         <value>0x20000068</value>
      </symbol>
      <symbol id="sm-11d">
         <name>SysTick_Handler</name>
         <value>0x1921</value>
         <object_component_ref idref="oc-70"/>
      </symbol>
      <symbol id="sm-11e">
         <name>Initialize_System</name>
         <value>0xbf9</value>
         <object_component_ref idref="oc-ea"/>
      </symbol>
      <symbol id="sm-11f">
         <name>tick</name>
         <value>0x20000048</value>
         <object_component_ref idref="oc-c2"/>
      </symbol>
      <symbol id="sm-120">
         <name>state</name>
         <value>0x20000050</value>
         <object_component_ref idref="oc-c2"/>
      </symbol>
      <symbol id="sm-121">
         <name>i</name>
         <value>0x2000004c</value>
         <object_component_ref idref="oc-c2"/>
      </symbol>
      <symbol id="sm-122">
         <name>main</name>
         <value>0xe5</value>
         <object_component_ref idref="oc-a8"/>
      </symbol>
      <symbol id="sm-13a">
         <name>SystemInit</name>
         <value>0x119d</value>
         <object_component_ref idref="oc-ba"/>
      </symbol>
      <symbol id="sm-150">
         <name>Bump_Read</name>
         <value>0xd69</value>
         <object_component_ref idref="oc-fc"/>
      </symbol>
      <symbol id="sm-151">
         <name>Bump_Init</name>
         <value>0x1475</value>
         <object_component_ref idref="oc-1a4"/>
      </symbol>
      <symbol id="sm-18b">
         <name>button_S1_pressed</name>
         <value>0x1871</value>
         <object_component_ref idref="oc-10e"/>
      </symbol>
      <symbol id="sm-18c">
         <name>PORT1_IRQHandler</name>
         <value>0x1571</value>
         <object_component_ref idref="oc-76"/>
      </symbol>
      <symbol id="sm-18d">
         <name>button_S1_pressed_flag</name>
         <value>0x20000051</value>
         <object_component_ref idref="oc-c6"/>
      </symbol>
      <symbol id="sm-18e">
         <name>button_init</name>
         <value>0x1089</value>
         <object_component_ref idref="oc-1b6"/>
      </symbol>
      <symbol id="sm-18f">
         <name>button_S2_pressed</name>
         <value>0x1889</value>
         <object_component_ref idref="oc-108"/>
      </symbol>
      <symbol id="sm-190">
         <name>button_S2_pressed_flag</name>
         <value>0x20000052</value>
         <object_component_ref idref="oc-c6"/>
      </symbol>
      <symbol id="sm-1dd">
         <name>Clock_Delay1ms</name>
         <value>0x176d</value>
         <object_component_ref idref="oc-13d"/>
      </symbol>
      <symbol id="sm-1de">
         <name>Crystalstable</name>
         <value>0x20000014</value>
         <object_component_ref idref="oc-204"/>
      </symbol>
      <symbol id="sm-1df">
         <name>Prewait</name>
         <value>0x20000004</value>
         <object_component_ref idref="oc-204"/>
      </symbol>
      <symbol id="sm-1e0">
         <name>IFlags</name>
         <value>0x20000010</value>
         <object_component_ref idref="oc-204"/>
      </symbol>
      <symbol id="sm-1e1">
         <name>ClockFrequency</name>
         <value>0x20000000</value>
         <object_component_ref idref="oc-204"/>
      </symbol>
      <symbol id="sm-1e2">
         <name>Postwait</name>
         <value>0x2000000c</value>
         <object_component_ref idref="oc-204"/>
      </symbol>
      <symbol id="sm-1e3">
         <name>delay</name>
         <value>0x193f</value>
         <object_component_ref idref="oc-1fe"/>
      </symbol>
      <symbol id="sm-1e4">
         <name>CPMwait</name>
         <value>0x20000008</value>
         <object_component_ref idref="oc-204"/>
      </symbol>
      <symbol id="sm-1e5">
         <name>Clock_Init48MHz</name>
         <value>0x9a5</value>
         <object_component_ref idref="oc-198"/>
      </symbol>
      <symbol id="sm-21f">
         <name>left_motor_count</name>
         <value>0x2000005c</value>
         <object_component_ref idref="oc-cf"/>
      </symbol>
      <symbol id="sm-220">
         <name>get_right_motor_count</name>
         <value>0x1965</value>
         <object_component_ref idref="oc-11a"/>
      </symbol>
      <symbol id="sm-221">
         <name>get_left_motor_count</name>
         <value>0x1959</value>
         <object_component_ref idref="oc-114"/>
      </symbol>
      <symbol id="sm-222">
         <name>encoder_init</name>
         <value>0xcb5</value>
         <object_component_ref idref="oc-1b0"/>
      </symbol>
      <symbol id="sm-223">
         <name>PORT5_IRQHandler</name>
         <value>0xf65</value>
         <object_component_ref idref="oc-7c"/>
      </symbol>
      <symbol id="sm-224">
         <name>right_motor_count</name>
         <value>0x20000060</value>
         <object_component_ref idref="oc-cf"/>
      </symbol>
      <symbol id="sm-265">
         <name>I2C_init</name>
         <value>0x1799</value>
         <object_component_ref idref="oc-1c2"/>
      </symbol>
      <symbol id="sm-266">
         <name>I2C_setslave</name>
         <value>0x17d5</value>
         <object_component_ref idref="oc-1d8"/>
      </symbol>
      <symbol id="sm-267">
         <name>Init_I2C_GPIO</name>
         <value>0x1859</value>
         <object_component_ref idref="oc-1bc"/>
      </symbol>
      <symbol id="sm-268">
         <name>I2C_read16</name>
         <value>0xffd</value>
         <object_component_ref idref="oc-1de"/>
      </symbol>
      <symbol id="sm-269">
         <name>I2C_write16</name>
         <value>0x1529</value>
         <object_component_ref idref="oc-248"/>
      </symbol>
      <symbol id="sm-26a">
         <name>i2cConfig</name>
         <value>0x19a8</value>
         <object_component_ref idref="oc-244"/>
      </symbol>
      <symbol id="sm-28d">
         <name>OPT3001_getLux</name>
         <value>0xb21</value>
         <object_component_ref idref="oc-102"/>
      </symbol>
      <symbol id="sm-28e">
         <name>OPT3001_init</name>
         <value>0x190b</value>
         <object_component_ref idref="oc-1c8"/>
      </symbol>
      <symbol id="sm-2e2">
         <name>set_left_motor_direction</name>
         <value>0x170d</value>
         <object_component_ref idref="oc-120"/>
      </symbol>
      <symbol id="sm-2e3">
         <name>set_right_motor_pwm</name>
         <value>0x1415</value>
         <object_component_ref idref="oc-f6"/>
      </symbol>
      <symbol id="sm-2e4">
         <name>motor_init</name>
         <value>0xe19</value>
         <object_component_ref idref="oc-1aa"/>
      </symbol>
      <symbol id="sm-2e5">
         <name>left_motor_pwm_config</name>
         <value>0x20000018</value>
         <object_component_ref idref="oc-1cf"/>
      </symbol>
      <symbol id="sm-2e6">
         <name>set_right_motor_direction</name>
         <value>0x173d</value>
         <object_component_ref idref="oc-126"/>
      </symbol>
      <symbol id="sm-2e7">
         <name>set_left_motor_pwm</name>
         <value>0x13b5</value>
         <object_component_ref idref="oc-f0"/>
      </symbol>
      <symbol id="sm-2e8">
         <name>right_motor_pwm_config</name>
         <value>0x20000030</value>
         <object_component_ref idref="oc-1d3"/>
      </symbol>
      <symbol id="sm-2fa">
         <name>Reflectance_Init</name>
         <value>0x14d1</value>
         <object_component_ref idref="oc-19e"/>
      </symbol>
      <symbol id="sm-316">
         <name>Reset_Handler</name>
         <value>0x194d</value>
         <object_component_ref idref="oc-64"/>
      </symbol>
      <symbol id="sm-317">
         <name>Default_Handler</name>
         <value>0x13b3</value>
         <object_component_ref idref="oc-6a"/>
      </symbol>
      <symbol id="sm-318">
         <name>interruptVectors</name>
         <value>0x0</value>
         <object_component_ref idref="oc-23"/>
      </symbol>
      <symbol id="sm-338">
         <name>GPIO_setAsPeripheralModuleFunctionOutputPin</name>
         <value>0x1115</value>
         <object_component_ref idref="oc-22b"/>
      </symbol>
      <symbol id="sm-3d7">
         <name>I2C_masterSendMultiByteStop</name>
         <value>0x1639</value>
         <object_component_ref idref="oc-27d"/>
      </symbol>
      <symbol id="sm-3d8">
         <name>I2C_masterSendMultiByteFinish</name>
         <value>0x1215</value>
         <object_component_ref idref="oc-2d2"/>
      </symbol>
      <symbol id="sm-3d9">
         <name>I2C_masterSendMultiByteNext</name>
         <value>0x1671</value>
         <object_component_ref idref="oc-2cc"/>
      </symbol>
      <symbol id="sm-3da">
         <name>I2C_masterSendMultiByteStart</name>
         <value>0x1281</value>
         <object_component_ref idref="oc-271"/>
      </symbol>
      <symbol id="sm-3db">
         <name>I2C_masterReceiveMultiByteNext</name>
         <value>0x18e3</value>
         <object_component_ref idref="oc-289"/>
      </symbol>
      <symbol id="sm-3dc">
         <name>I2C_getInterruptStatus</name>
         <value>0x1827</value>
         <object_component_ref idref="oc-277"/>
      </symbol>
      <symbol id="sm-3dd">
         <name>I2C_setMode</name>
         <value>0x17b9</value>
         <object_component_ref idref="oc-265"/>
      </symbol>
      <symbol id="sm-3de">
         <name>I2C_isBusBusy</name>
         <value>0x1841</value>
         <object_component_ref idref="oc-26b"/>
      </symbol>
      <symbol id="sm-3df">
         <name>I2C_masterReceiveMultiByteFinish</name>
         <value>0x15f9</value>
         <object_component_ref idref="oc-28f"/>
      </symbol>
      <symbol id="sm-3e0">
         <name>I2C_enableModule</name>
         <value>0x18cd</value>
         <object_component_ref idref="oc-23e"/>
      </symbol>
      <symbol id="sm-3e1">
         <name>I2C_masterReceiveStart</name>
         <value>0x180d</value>
         <object_component_ref idref="oc-283"/>
      </symbol>
      <symbol id="sm-3e2">
         <name>I2C_clearInterruptFlag</name>
         <value>0x18a1</value>
         <object_component_ref idref="oc-25e"/>
      </symbol>
      <symbol id="sm-3e3">
         <name>I2C_setSlaveAddress</name>
         <value>0x18f7</value>
         <object_component_ref idref="oc-258"/>
      </symbol>
      <symbol id="sm-3e4">
         <name>I2C_initMaster</name>
         <value>0x1351</value>
         <object_component_ref idref="oc-232"/>
      </symbol>
      <symbol id="sm-3e5">
         <name>I2C_disableModule</name>
         <value>0x18b7</value>
         <object_component_ref idref="oc-238"/>
      </symbol>
      <symbol id="sm-406">
         <name>__TI_zero_init_nomemset</name>
         <value>0x17f1</value>
         <object_component_ref idref="oc-40"/>
      </symbol>
      <symbol id="sm-41d">
         <name>__TI_decompress_none</name>
         <value>0x1931</value>
         <object_component_ref idref="oc-1a"/>
      </symbol>
      <symbol id="sm-440">
         <name>__TI_decompress_lzss</name>
         <value>0x12e9</value>
         <object_component_ref idref="oc-14"/>
      </symbol>
      <symbol id="sm-456">
         <name>rand</name>
         <value>0x16d9</value>
         <object_component_ref idref="oc-12c"/>
      </symbol>
      <symbol id="sm-469">
         <name>__stack</name>
         <value>0x2000fe00</value>
         <object_component_ref idref="oc-26"/>
      </symbol>
      <symbol id="sm-46a">
         <name>_c_int00_noargs</name>
         <value>0x16a5</value>
         <object_component_ref idref="oc-52"/>
      </symbol>
      <symbol id="sm-486">
         <name>memcpy</name>
         <value>0xec9</value>
         <object_component_ref idref="oc-34"/>
      </symbol>
      <symbol id="sm-487">
         <name>__aeabi_memcpy</name>
         <value>0xec9</value>
         <object_component_ref idref="oc-34"/>
      </symbol>
      <symbol id="sm-488">
         <name>__aeabi_memcpy8</name>
         <value>0xec9</value>
         <object_component_ref idref="oc-34"/>
      </symbol>
      <symbol id="sm-489">
         <name>__aeabi_memcpy4</name>
         <value>0xec9</value>
         <object_component_ref idref="oc-34"/>
      </symbol>
      <symbol id="sm-4b1">
         <name>__TI_auto_init_nobinit_nopinit</name>
         <value>0x15b5</value>
         <object_component_ref idref="oc-155"/>
      </symbol>
      <symbol id="sm-4bb">
         <name>_system_pre_init</name>
         <value>0x1971</value>
         <object_component_ref idref="oc-a2"/>
      </symbol>
      <symbol id="sm-4c7">
         <name>C$$EXIT</name>
         <value>0x1975</value>
         <object_component_ref idref="oc-149"/>
      </symbol>
      <symbol id="sm-4c8">
         <name>abort</name>
         <value>0x1975</value>
         <object_component_ref idref="oc-149"/>
      </symbol>
      <symbol id="sm-4dd">
         <name>_nop</name>
         <value>0x183f</value>
         <object_component_ref idref="oc-296"/>
      </symbol>
      <symbol id="sm-4de">
         <name>_lock</name>
         <value>0x20000054</value>
         <object_component_ref idref="oc-1eb"/>
      </symbol>
      <symbol id="sm-4df">
         <name>_unlock</name>
         <value>0x20000058</value>
         <object_component_ref idref="oc-1eb"/>
      </symbol>
      <symbol id="sm-4e1">
         <name>__TI_static_base__</name>
         <value>0x0</value>
      </symbol>
      <symbol id="sm-4e4">
         <name>__mpu_init</name>
         <value>0x0</value>
      </symbol>
      <symbol id="sm-4e5">
         <name>_system_post_cinit</name>
         <value>0x0</value>
      </symbol>
      <symbol id="sm-4e6">
         <name>NMI_Handler</name>
         <value>0x13b3</value>
      </symbol>
      <symbol id="sm-4e7">
         <name>HardFault_Handler</name>
         <value>0x13b3</value>
      </symbol>
      <symbol id="sm-4e8">
         <name>MemManage_Handler</name>
         <value>0x13b3</value>
      </symbol>
      <symbol id="sm-4e9">
         <name>BusFault_Handler</name>
         <value>0x13b3</value>
      </symbol>
      <symbol id="sm-4ea">
         <name>UsageFault_Handler</name>
         <value>0x13b3</value>
      </symbol>
      <symbol id="sm-4eb">
         <name>SVC_Handler</name>
         <value>0x13b3</value>
      </symbol>
      <symbol id="sm-4ec">
         <name>DebugMon_Handler</name>
         <value>0x13b3</value>
      </symbol>
      <symbol id="sm-4ed">
         <name>PendSV_Handler</name>
         <value>0x13b3</value>
      </symbol>
      <symbol id="sm-4ee">
         <name>SysTick_Handler</name>
         <value>0x1921</value>
      </symbol>
      <symbol id="sm-4ef">
         <name>PSS_IRQHandler</name>
         <value>0x13b3</value>
      </symbol>
      <symbol id="sm-4f0">
         <name>CS_IRQHandler</name>
         <value>0x13b3</value>
      </symbol>
      <symbol id="sm-4f1">
         <name>PCM_IRQHandler</name>
         <value>0x13b3</value>
      </symbol>
      <symbol id="sm-4f2">
         <name>WDT_A_IRQHandler</name>
         <value>0x13b3</value>
      </symbol>
      <symbol id="sm-4f3">
         <name>FPU_IRQHandler</name>
         <value>0x13b3</value>
      </symbol>
      <symbol id="sm-4f4">
         <name>FLCTL_IRQHandler</name>
         <value>0x13b3</value>
      </symbol>
      <symbol id="sm-4f5">
         <name>COMP_E0_IRQHandler</name>
         <value>0x13b3</value>
      </symbol>
      <symbol id="sm-4f6">
         <name>COMP_E1_IRQHandler</name>
         <value>0x13b3</value>
      </symbol>
      <symbol id="sm-4f7">
         <name>TA0_0_IRQHandler</name>
         <value>0x13b3</value>
      </symbol>
      <symbol id="sm-4f8">
         <name>TA0_N_IRQHandler</name>
         <value>0x13b3</value>
      </symbol>
      <symbol id="sm-4f9">
         <name>TA1_0_IRQHandler</name>
         <value>0x13b3</value>
      </symbol>
      <symbol id="sm-4fa">
         <name>TA1_N_IRQHandler</name>
         <value>0x13b3</value>
      </symbol>
      <symbol id="sm-4fb">
         <name>TA2_0_IRQHandler</name>
         <value>0x13b3</value>
      </symbol>
      <symbol id="sm-4fc">
         <name>TA2_N_IRQHandler</name>
         <value>0x13b3</value>
      </symbol>
      <symbol id="sm-4fd">
         <name>TA3_0_IRQHandler</name>
         <value>0x13b3</value>
      </symbol>
      <symbol id="sm-4fe">
         <name>TA3_N_IRQHandler</name>
         <value>0x13b3</value>
      </symbol>
      <symbol id="sm-4ff">
         <name>EUSCIA0_IRQHandler</name>
         <value>0x13b3</value>
      </symbol>
      <symbol id="sm-500">
         <name>EUSCIA1_IRQHandler</name>
         <value>0x13b3</value>
      </symbol>
      <symbol id="sm-501">
         <name>EUSCIA2_IRQHandler</name>
         <value>0x13b3</value>
      </symbol>
      <symbol id="sm-502">
         <name>EUSCIA3_IRQHandler</name>
         <value>0x13b3</value>
      </symbol>
      <symbol id="sm-503">
         <name>EUSCIB0_IRQHandler</name>
         <value>0x13b3</value>
      </symbol>
      <symbol id="sm-504">
         <name>EUSCIB1_IRQHandler</name>
         <value>0x13b3</value>
      </symbol>
      <symbol id="sm-505">
         <name>EUSCIB2_IRQHandler</name>
         <value>0x13b3</value>
      </symbol>
      <symbol id="sm-506">
         <name>EUSCIB3_IRQHandler</name>
         <value>0x13b3</value>
      </symbol>
      <symbol id="sm-507">
         <name>ADC14_IRQHandler</name>
         <value>0x13b3</value>
      </symbol>
      <symbol id="sm-508">
         <name>T32_INT1_IRQHandler</name>
         <value>0x13b3</value>
      </symbol>
      <symbol id="sm-509">
         <name>T32_INT2_IRQHandler</name>
         <value>0x13b3</value>
      </symbol>
      <symbol id="sm-50a">
         <name>T32_INTC_IRQHandler</name>
         <value>0x13b3</value>
      </symbol>
      <symbol id="sm-50b">
         <name>AES256_IRQHandler</name>
         <value>0x13b3</value>
      </symbol>
      <symbol id="sm-50c">
         <name>RTC_C_IRQHandler</name>
         <value>0x13b3</value>
      </symbol>
      <symbol id="sm-50d">
         <name>DMA_ERR_IRQHandler</name>
         <value>0x13b3</value>
      </symbol>
      <symbol id="sm-50e">
         <name>DMA_INT3_IRQHandler</name>
         <value>0x13b3</value>
      </symbol>
      <symbol id="sm-50f">
         <name>DMA_INT2_IRQHandler</name>
         <value>0x13b3</value>
      </symbol>
      <symbol id="sm-510">
         <name>DMA_INT1_IRQHandler</name>
         <value>0x13b3</value>
      </symbol>
      <symbol id="sm-511">
         <name>DMA_INT0_IRQHandler</name>
         <value>0x13b3</value>
      </symbol>
      <symbol id="sm-512">
         <name>PORT1_IRQHandler</name>
         <value>0x1571</value>
      </symbol>
      <symbol id="sm-513">
         <name>PORT2_IRQHandler</name>
         <value>0x13b3</value>
      </symbol>
      <symbol id="sm-514">
         <name>PORT3_IRQHandler</name>
         <value>0x13b3</value>
      </symbol>
      <symbol id="sm-515">
         <name>PORT4_IRQHandler</name>
         <value>0x13b3</value>
      </symbol>
      <symbol id="sm-516">
         <name>PORT5_IRQHandler</name>
         <value>0xf65</value>
      </symbol>
      <symbol id="sm-517">
         <name>PORT6_IRQHandler</name>
         <value>0x13b3</value>
      </symbol>
   </symbol_table>
   <title>Link successful</title>
</link_info>
