******************************************************************************
                  TI ARM Linker PC v18.12.3                    
******************************************************************************
>> Linked Sat Nov 16 11:08:55 2019

OUTPUT FILE NAME:   <MEGATRON.out>
ENTRY POINT SYMBOL: "_c_int00_noargs"  address: 0000167d


MEMORY CONFIGURATION

         name            origin    length      used     unused   attr    fill
----------------------  --------  ---------  --------  --------  ----  --------
  MAIN                  00000000   00040000  000019ec  0003e614  R  X
  INFO                  00200000   00004000  00000000  00004000  R  X
  SRAM_CODE             01000000   00010000  00000277  0000fd89  RW X
  SRAM_DATA             20000000   00010000  00000277  0000fd89  RW  


SEGMENT ALLOCATION MAP

run origin  load origin   length   init length attrs members
----------  ----------- ---------- ----------- ----- -------
00000000    00000000    000019f0   000019f0    r-x
  00000000    00000000    000000e4   000000e4    r-- .intvecs
  000000e4    000000e4    0000186c   0000186c    r-x .text
  00001950    00001950    00000044   00000044    r-- .const
  00001998    00001998    00000058   00000058    r-- .cinit
20000000    20000000    00000077   00000000    rw-
  20000000    20000000    00000068   00000000    rw- .data
  20000068    20000068    0000000f   00000000    rw- .bss
2000fe00    2000fe00    00000200   00000000    rw-
  2000fe00    2000fe00    00000200   00000000    rw- .stack


SECTION ALLOCATION MAP

 output                                  attributes/
section   page    origin      length       input sections
--------  ----  ----------  ----------   ----------------
.intvecs   0    00000000    000000e4     
                  00000000    000000e4     startup_msp432p401r_ccs.obj (.intvecs:retain)

.text      0    000000e4    0000186c     
                  000000e4    00000898     main.obj (.text:main)
                  0000097c    0000017c     Clock.obj (.text:Clock_Init48MHz)
                  00000af8    000000d8     HAL_OPT3001.obj (.text:OPT3001_getLux)
                  00000bd0    000000bc     main.obj (.text:Initialize_System)
                  00000c8c    000000b4     Encoder.obj (.text:encoder_init)
                  00000d40    000000b0     Bump.obj (.text:Bump_Read)
                  00000df0    000000b0     Motor.obj (.text:motor_init)
                  00000ea0    0000009c     rtsv7M4_T_le_v4SPD16_eabi.lib : memcpy_t2.asm.obj (.text)
                  00000f3c    00000098     Encoder.obj (.text:PORT5_IRQHandler)
                  00000fd4    0000008c     HAL_I2C.obj (.text:I2C_read16)
                  00001060    0000008c     Button.obj (.text:button_init)
                  000010ec    00000088     msp432p4xx_driverlib.lib : gpio.o (.text:GPIO_setAsPeripheralModuleFunctionOutputPin)
                  00001174    00000078     system_msp432p401r.obj (.text:SystemInit)
                  000011ec    0000006c     msp432p4xx_driverlib.lib : i2c.o (.text:I2C_masterSendMultiByteFinish)
                  00001258    00000068                              : i2c.o (.text:I2C_masterSendMultiByteStart)
                  000012c0    00000068     rtsv7M4_T_le_v4SPD16_eabi.lib : copy_decompress_lzss.c.obj (.text:decompress:lzss:__TI_decompress_lzss)
                  00001328    00000062     msp432p4xx_driverlib.lib : i2c.o (.text:I2C_initMaster)
                  0000138a    00000002     startup_msp432p401r_ccs.obj (.text:Default_Handler)
                  0000138c    00000060     Motor.obj (.text:set_left_motor_pwm)
                  000013ec    00000060     Motor.obj (.text:set_right_motor_pwm)
                  0000144c    0000005c     Bump.obj (.text:Bump_Init)
                  000014a8    00000058     Reflectance.obj (.text:Reflectance_Init)
                  00001500    00000048     HAL_I2C.obj (.text:I2C_write16)
                  00001548    00000044     Button.obj (.text:PORT1_IRQHandler)
                  0000158c    00000044     rtsv7M4_T_le_v4SPD16_eabi.lib : autoinit.c.obj (.text:__TI_auto_init_nobinit_nopinit:__TI_auto_init_nobinit_nopinit)
                  000015d0    00000040     msp432p4xx_driverlib.lib : i2c.o (.text:I2C_masterReceiveMultiByteFinish)
                  00001610    00000038                              : i2c.o (.text:I2C_masterSendMultiByteStop)
                  00001648    00000034                              : i2c.o (.text:I2C_masterSendMultiByteNext)
                  0000167c    00000034     rtsv7M4_T_le_v4SPD16_eabi.lib : boot_cortex_m.c.obj (.text:_c_int00_noargs:_c_int00_noargs)
                  000016b0    00000034                                   : rand.c.obj (.text:rand)
                  000016e4    00000030     Motor.obj (.text:set_left_motor_direction)
                  00001714    00000030     Motor.obj (.text:set_right_motor_direction)
                  00001744    0000002c     Clock.obj (.text:Clock_Delay1ms)
                  00001770    00000020     HAL_I2C.obj (.text:I2C_init)
                  00001790    0000001c     msp432p4xx_driverlib.lib : i2c.o (.text:I2C_setMode)
                  000017ac    0000001c     HAL_I2C.obj (.text:I2C_setslave)
                  000017c8    0000001c     rtsv7M4_T_le_v4SPD16_eabi.lib : copy_zero_init.c.obj (.text:decompress:ZI:__TI_zero_init_nomemset:__TI_zero_init_nomemset)
                  000017e4    0000001a     msp432p4xx_driverlib.lib : i2c.o (.text:I2C_masterReceiveStart)
                  000017fe    00000018                              : i2c.o (.text:I2C_getInterruptStatus)
                  00001816    00000002     rtsv7M4_T_le_v4SPD16_eabi.lib : _lock.c.obj (.text:_nop)
                  00001818    00000018     msp432p4xx_driverlib.lib : i2c.o (.text:I2C_isBusBusy)
                  00001830    00000018     HAL_I2C.obj (.text:Init_I2C_GPIO)
                  00001848    00000018     Button.obj (.text:button_S1_pressed)
                  00001860    00000018     Button.obj (.text:button_S2_pressed)
                  00001878    00000016     msp432p4xx_driverlib.lib : i2c.o (.text:I2C_clearInterruptFlag)
                  0000188e    00000016                              : i2c.o (.text:I2C_disableModule)
                  000018a4    00000016                              : i2c.o (.text:I2C_enableModule)
                  000018ba    00000014                              : i2c.o (.text:I2C_masterReceiveMultiByteNext)
                  000018ce    00000014                              : i2c.o (.text:I2C_setSlaveAddress)
                  000018e2    00000014     HAL_OPT3001.obj (.text:OPT3001_init)
                  000018f6    00000002     --HOLE-- [fill = 0]
                  000018f8    00000010     main.obj (.text:SysTick_Handler)
                  00001908    0000000e     rtsv7M4_T_le_v4SPD16_eabi.lib : copy_decompress_none.c.obj (.text:decompress:none:__TI_decompress_none)
                  00001916    0000000e     Clock.obj (.text:delay)
                  00001924    0000000c     startup_msp432p401r_ccs.obj (.text:Reset_Handler)
                  00001930    0000000c     Encoder.obj (.text:get_left_motor_count)
                  0000193c    0000000c     Encoder.obj (.text:get_right_motor_count)
                  00001948    00000004     rtsv7M4_T_le_v4SPD16_eabi.lib : pre_init.c.obj (.text:_system_pre_init)
                  0000194c    00000004                                   : exit.c.obj (.text:abort:abort)

.const     0    00001950    00000044     
                  00001950    00000030     msp432p4xx_driverlib.lib : gpio.o (.const:GPIO_PORT_TO_BASE)
                  00001980    00000014     HAL_I2C.obj (.const:i2cConfig)

.cinit     0    00001998    00000058     
                  00001998    0000002d     (.cinit..data.load) [load image, compression = lzss]
                  000019c5    00000003     --HOLE-- [fill = 0]
                  000019c8    0000000c     (__TI_handler_table)
                  000019d4    00000004     --HOLE-- [fill = 0]
                  000019d8    00000008     (.cinit..bss.load) [load image, compression = zero_init]
                  000019e0    00000010     (__TI_cinit_table)

.init_array 
*          0    00000000    00000000     UNINITIALIZED

.binit     0    00000000    00000000     

.data      0    20000000    00000068     UNINITIALIZED
                  20000000    00000018     Clock.obj (.data)
                  20000018    00000018     Motor.obj (.data:left_motor_pwm_config)
                  20000030    00000018     Motor.obj (.data:right_motor_pwm_config)
                  20000048    00000009     main.obj (.data)
                  20000051    00000002     Button.obj (.data)
                  20000053    00000001     --HOLE--
                  20000054    00000008     rtsv7M4_T_le_v4SPD16_eabi.lib : _lock.c.obj (.data:$O1$$)
                  2000005c    00000008     Encoder.obj (.data)
                  20000064    00000004     rtsv7M4_T_le_v4SPD16_eabi.lib : rand.c.obj (.data)

.bss       0    20000068    0000000f     UNINITIALIZED
                  20000068    00000004     (.common:lux)
                  2000006c    00000004     (.common:mouse)
                  20000070    00000001     (.common:bump_data)
                  20000071    00000001     (.common:bump_data0)
                  20000072    00000001     (.common:bump_data1)
                  20000073    00000001     (.common:bump_data2)
                  20000074    00000001     (.common:bump_data3)
                  20000075    00000001     (.common:bump_data4)
                  20000076    00000001     (.common:bump_data5)

.stack     0    2000fe00    00000200     UNINITIALIZED
                  2000fe00    00000004     rtsv7M4_T_le_v4SPD16_eabi.lib : boot_cortex_m.c.obj (.stack)
                  2000fe04    000001fc     --HOLE--

MODULE SUMMARY

       Module                        code   ro data   rw data
       ------                        ----   -------   -------
    .\
       main.obj                      2404   0         48     
       system_msp432p401r.obj        120    0         0      
    +--+-----------------------------+------+---------+---------+
       Total:                        2524   0         48     
                                                             
    .\Library\
       Motor.obj                     464    0         96     
       Clock.obj                     438    0         48     
       Encoder.obj                   356    0         16     
       HAL_I2C.obj                   296    20        0      
       Bump.obj                      268    0         0      
       Button.obj                    256    0         4      
       HAL_OPT3001.obj               236    0         0      
       Reflectance.obj               88     0         0      
    +--+-----------------------------+------+---------+---------+
       Total:                        2402   20        164    
                                                             
    .\ccs\
       startup_msp432p401r_ccs.obj   14     228       0      
    +--+-----------------------------+------+---------+---------+
       Total:                        14     228       0      
                                                             
    C:/ti/simplelink_msp432p4_sdk_3_30_00_13/source/ti/devices/msp432p4xx/driverlib/ccs/msp432p4xx_driverlib.lib
       i2c.o                         690    0         0      
       gpio.o                        136    48        0      
    +--+-----------------------------+------+---------+---------+
       Total:                        826    48        0      
                                                             
    C:\ti\ccs920\ccs\tools\compiler\ti-cgt-arm_18.12.3.LTS\lib\rtsv7M4_T_le_v4SPD16_eabi.lib
       memcpy_t2.asm.obj             156    0         0      
       copy_decompress_lzss.c.obj    104    0         0      
       autoinit.c.obj                68     0         0      
       rand.c.obj                    52     0         8      
       boot_cortex_m.c.obj           52     0         0      
       copy_zero_init.c.obj          28     0         0      
       _lock.c.obj                   2      0         16     
       copy_decompress_none.c.obj    14     0         0      
       exit.c.obj                    4      0         0      
       pre_init.c.obj                4      0         0      
    +--+-----------------------------+------+---------+---------+
       Total:                        484    0         24     
                                                             
       Stack:                        0      0         1024   
       Linker Generated:             0      81        0      
    +--+-----------------------------+------+---------+---------+
       Grand Total:                  6250   377       1260   


LINKER GENERATED COPY TABLES

__TI_cinit_table @ 000019e0 records: 2, size/record: 8, table size: 16
	.data: load addr=00001998, load size=0000002d bytes, run addr=20000000, run size=00000068 bytes, compression=lzss
	.bss: load addr=000019d8, load size=00000008 bytes, run addr=20000068, run size=0000000f bytes, compression=zero_init


LINKER GENERATED HANDLER TABLE

__TI_handler_table @ 000019c8 records: 3, size/record: 4, table size: 12
	index: 0, handler: __TI_decompress_lzss
	index: 1, handler: __TI_decompress_none
	index: 2, handler: __TI_zero_init


GLOBAL SYMBOLS: SORTED ALPHABETICALLY BY Name 

address   name                                       
-------   ----                                       
0000138b  ADC14_IRQHandler                           
0000138b  AES256_IRQHandler                          
0000144d  Bump_Init                                  
00000d41  Bump_Read                                  
0000138b  BusFault_Handler                           
0000194d  C$$EXIT                                    
0000138b  COMP_E0_IRQHandler                         
0000138b  COMP_E1_IRQHandler                         
20000008  CPMwait                                    
0000138b  CS_IRQHandler                              
20000000  ClockFrequency                             
00001745  Clock_Delay1ms                             
0000097d  Clock_Init48MHz                            
20000014  Crystalstable                              
0000138b  DMA_ERR_IRQHandler                         
0000138b  DMA_INT0_IRQHandler                        
0000138b  DMA_INT1_IRQHandler                        
0000138b  DMA_INT2_IRQHandler                        
0000138b  DMA_INT3_IRQHandler                        
0000138b  DebugMon_Handler                           
0000138b  Default_Handler                            
0000138b  EUSCIA0_IRQHandler                         
0000138b  EUSCIA1_IRQHandler                         
0000138b  EUSCIA2_IRQHandler                         
0000138b  EUSCIA3_IRQHandler                         
0000138b  EUSCIB0_IRQHandler                         
0000138b  EUSCIB1_IRQHandler                         
0000138b  EUSCIB2_IRQHandler                         
0000138b  EUSCIB3_IRQHandler                         
0000138b  FLCTL_IRQHandler                           
0000138b  FPU_IRQHandler                             
000010ed  GPIO_setAsPeripheralModuleFunctionOutputPin
0000138b  HardFault_Handler                          
00001879  I2C_clearInterruptFlag                     
0000188f  I2C_disableModule                          
000018a5  I2C_enableModule                           
000017ff  I2C_getInterruptStatus                     
00001771  I2C_init                                   
00001329  I2C_initMaster                             
00001819  I2C_isBusBusy                              
000015d1  I2C_masterReceiveMultiByteFinish           
000018bb  I2C_masterReceiveMultiByteNext             
000017e5  I2C_masterReceiveStart                     
000011ed  I2C_masterSendMultiByteFinish              
00001649  I2C_masterSendMultiByteNext                
00001259  I2C_masterSendMultiByteStart               
00001611  I2C_masterSendMultiByteStop                
00000fd5  I2C_read16                                 
00001791  I2C_setMode                                
000018cf  I2C_setSlaveAddress                        
000017ad  I2C_setslave                               
00001501  I2C_write16                                
20000010  IFlags                                     
00001831  Init_I2C_GPIO                              
00000bd1  Initialize_System                          
0000138b  MemManage_Handler                          
0000138b  NMI_Handler                                
00000af9  OPT3001_getLux                             
000018e3  OPT3001_init                               
0000138b  PCM_IRQHandler                             
00001549  PORT1_IRQHandler                           
00001549  PORT1_IRQHandler                           
0000138b  PORT2_IRQHandler                           
0000138b  PORT3_IRQHandler                           
0000138b  PORT4_IRQHandler                           
00000f3d  PORT5_IRQHandler                           
00000f3d  PORT5_IRQHandler                           
0000138b  PORT6_IRQHandler                           
0000138b  PSS_IRQHandler                             
0000138b  PendSV_Handler                             
2000000c  Postwait                                   
20000004  Prewait                                    
0000138b  RTC_C_IRQHandler                           
000014a9  Reflectance_Init                           
00001925  Reset_Handler                              
0000138b  SVC_Handler                                
000018f9  SysTick_Handler                            
000018f9  SysTick_Handler                            
00001175  SystemInit                                 
0000138b  T32_INT1_IRQHandler                        
0000138b  T32_INT2_IRQHandler                        
0000138b  T32_INTC_IRQHandler                        
0000138b  TA0_0_IRQHandler                           
0000138b  TA0_N_IRQHandler                           
0000138b  TA1_0_IRQHandler                           
0000138b  TA1_N_IRQHandler                           
0000138b  TA2_0_IRQHandler                           
0000138b  TA2_N_IRQHandler                           
0000138b  TA3_0_IRQHandler                           
0000138b  TA3_N_IRQHandler                           
0000138b  UsageFault_Handler                         
4000480c  WDTCTL_SYM                                 
0000138b  WDT_A_IRQHandler                           
20010000  __STACK_END                                
00000200  __STACK_SIZE                               
000019e0  __TI_CINIT_Base                            
000019f0  __TI_CINIT_Limit                           
000019c8  __TI_Handler_Table_Base                    
000019d4  __TI_Handler_Table_Limit                   
0000158d  __TI_auto_init_nobinit_nopinit             
000012c1  __TI_decompress_lzss                       
00001909  __TI_decompress_none                       
ffffffff  __TI_pprof_out_hndl                        
ffffffff  __TI_prof_data_size                        
ffffffff  __TI_prof_data_start                       
00000000  __TI_static_base__                         
000017c9  __TI_zero_init_nomemset                    
00000ea1  __aeabi_memcpy                             
00000ea1  __aeabi_memcpy4                            
00000ea1  __aeabi_memcpy8                            
ffffffff  __binit__                                  
ffffffff  __c_args__                                 
UNDEFED   __mpu_init                                 
2000fe00  __stack                                    
0000167d  _c_int00_noargs                            
20000054  _lock                                      
00001817  _nop                                       
UNDEFED   _system_post_cinit                         
00001949  _system_pre_init                           
20000058  _unlock                                    
0000194d  abort                                      
ffffffff  binit                                      
20000070  bump_data                                  
20000071  bump_data0                                 
20000072  bump_data1                                 
20000073  bump_data2                                 
20000074  bump_data3                                 
20000075  bump_data4                                 
20000076  bump_data5                                 
00001849  button_S1_pressed                          
20000051  button_S1_pressed_flag                     
00001861  button_S2_pressed                          
20000052  button_S2_pressed_flag                     
00001061  button_init                                
00001917  delay                                      
00000c8d  encoder_init                               
00001931  get_left_motor_count                       
0000193d  get_right_motor_count                      
2000004c  i                                          
00001980  i2cConfig                                  
00000000  interruptVectors                           
2000005c  left_motor_count                           
20000018  left_motor_pwm_config                      
20000068  lux                                        
000000e5  main                                       
00000ea1  memcpy                                     
00000df1  motor_init                                 
2000006c  mouse                                      
000016b1  rand                                       
20000060  right_motor_count                          
20000030  right_motor_pwm_config                     
000016e5  set_left_motor_direction                   
0000138d  set_left_motor_pwm                         
00001715  set_right_motor_direction                  
000013ed  set_right_motor_pwm                        
20000050  state                                      
20000048  tick                                       


GLOBAL SYMBOLS: SORTED BY Symbol Address 

address   name                                       
-------   ----                                       
00000000  __TI_static_base__                         
00000000  interruptVectors                           
000000e5  main                                       
00000200  __STACK_SIZE                               
0000097d  Clock_Init48MHz                            
00000af9  OPT3001_getLux                             
00000bd1  Initialize_System                          
00000c8d  encoder_init                               
00000d41  Bump_Read                                  
00000df1  motor_init                                 
00000ea1  __aeabi_memcpy                             
00000ea1  __aeabi_memcpy4                            
00000ea1  __aeabi_memcpy8                            
00000ea1  memcpy                                     
00000f3d  PORT5_IRQHandler                           
00000f3d  PORT5_IRQHandler                           
00000fd5  I2C_read16                                 
00001061  button_init                                
000010ed  GPIO_setAsPeripheralModuleFunctionOutputPin
00001175  SystemInit                                 
000011ed  I2C_masterSendMultiByteFinish              
00001259  I2C_masterSendMultiByteStart               
000012c1  __TI_decompress_lzss                       
00001329  I2C_initMaster                             
0000138b  ADC14_IRQHandler                           
0000138b  AES256_IRQHandler                          
0000138b  BusFault_Handler                           
0000138b  COMP_E0_IRQHandler                         
0000138b  COMP_E1_IRQHandler                         
0000138b  CS_IRQHandler                              
0000138b  DMA_ERR_IRQHandler                         
0000138b  DMA_INT0_IRQHandler                        
0000138b  DMA_INT1_IRQHandler                        
0000138b  DMA_INT2_IRQHandler                        
0000138b  DMA_INT3_IRQHandler                        
0000138b  DebugMon_Handler                           
0000138b  Default_Handler                            
0000138b  EUSCIA0_IRQHandler                         
0000138b  EUSCIA1_IRQHandler                         
0000138b  EUSCIA2_IRQHandler                         
0000138b  EUSCIA3_IRQHandler                         
0000138b  EUSCIB0_IRQHandler                         
0000138b  EUSCIB1_IRQHandler                         
0000138b  EUSCIB2_IRQHandler                         
0000138b  EUSCIB3_IRQHandler                         
0000138b  FLCTL_IRQHandler                           
0000138b  FPU_IRQHandler                             
0000138b  HardFault_Handler                          
0000138b  MemManage_Handler                          
0000138b  NMI_Handler                                
0000138b  PCM_IRQHandler                             
0000138b  PORT2_IRQHandler                           
0000138b  PORT3_IRQHandler                           
0000138b  PORT4_IRQHandler                           
0000138b  PORT6_IRQHandler                           
0000138b  PSS_IRQHandler                             
0000138b  PendSV_Handler                             
0000138b  RTC_C_IRQHandler                           
0000138b  SVC_Handler                                
0000138b  T32_INT1_IRQHandler                        
0000138b  T32_INT2_IRQHandler                        
0000138b  T32_INTC_IRQHandler                        
0000138b  TA0_0_IRQHandler                           
0000138b  TA0_N_IRQHandler                           
0000138b  TA1_0_IRQHandler                           
0000138b  TA1_N_IRQHandler                           
0000138b  TA2_0_IRQHandler                           
0000138b  TA2_N_IRQHandler                           
0000138b  TA3_0_IRQHandler                           
0000138b  TA3_N_IRQHandler                           
0000138b  UsageFault_Handler                         
0000138b  WDT_A_IRQHandler                           
0000138d  set_left_motor_pwm                         
000013ed  set_right_motor_pwm                        
0000144d  Bump_Init                                  
000014a9  Reflectance_Init                           
00001501  I2C_write16                                
00001549  PORT1_IRQHandler                           
00001549  PORT1_IRQHandler                           
0000158d  __TI_auto_init_nobinit_nopinit             
000015d1  I2C_masterReceiveMultiByteFinish           
00001611  I2C_masterSendMultiByteStop                
00001649  I2C_masterSendMultiByteNext                
0000167d  _c_int00_noargs                            
000016b1  rand                                       
000016e5  set_left_motor_direction                   
00001715  set_right_motor_direction                  
00001745  Clock_Delay1ms                             
00001771  I2C_init                                   
00001791  I2C_setMode                                
000017ad  I2C_setslave                               
000017c9  __TI_zero_init_nomemset                    
000017e5  I2C_masterReceiveStart                     
000017ff  I2C_getInterruptStatus                     
00001817  _nop                                       
00001819  I2C_isBusBusy                              
00001831  Init_I2C_GPIO                              
00001849  button_S1_pressed                          
00001861  button_S2_pressed                          
00001879  I2C_clearInterruptFlag                     
0000188f  I2C_disableModule                          
000018a5  I2C_enableModule                           
000018bb  I2C_masterReceiveMultiByteNext             
000018cf  I2C_setSlaveAddress                        
000018e3  OPT3001_init                               
000018f9  SysTick_Handler                            
000018f9  SysTick_Handler                            
00001909  __TI_decompress_none                       
00001917  delay                                      
00001925  Reset_Handler                              
00001931  get_left_motor_count                       
0000193d  get_right_motor_count                      
00001949  _system_pre_init                           
0000194d  C$$EXIT                                    
0000194d  abort                                      
00001980  i2cConfig                                  
000019c8  __TI_Handler_Table_Base                    
000019d4  __TI_Handler_Table_Limit                   
000019e0  __TI_CINIT_Base                            
000019f0  __TI_CINIT_Limit                           
20000000  ClockFrequency                             
20000004  Prewait                                    
20000008  CPMwait                                    
2000000c  Postwait                                   
20000010  IFlags                                     
20000014  Crystalstable                              
20000018  left_motor_pwm_config                      
20000030  right_motor_pwm_config                     
20000048  tick                                       
2000004c  i                                          
20000050  state                                      
20000051  button_S1_pressed_flag                     
20000052  button_S2_pressed_flag                     
20000054  _lock                                      
20000058  _unlock                                    
2000005c  left_motor_count                           
20000060  right_motor_count                          
20000068  lux                                        
2000006c  mouse                                      
20000070  bump_data                                  
20000071  bump_data0                                 
20000072  bump_data1                                 
20000073  bump_data2                                 
20000074  bump_data3                                 
20000075  bump_data4                                 
20000076  bump_data5                                 
2000fe00  __stack                                    
20010000  __STACK_END                                
4000480c  WDTCTL_SYM                                 
ffffffff  __TI_pprof_out_hndl                        
ffffffff  __TI_prof_data_size                        
ffffffff  __TI_prof_data_start                       
ffffffff  __binit__                                  
ffffffff  __c_args__                                 
ffffffff  binit                                      
UNDEFED   __mpu_init                                 
UNDEFED   _system_post_cinit                         

[157 symbols]
