******************************************************************************
                  TI ARM Linker PC v18.12.2                    
******************************************************************************
>> Linked Sat Nov 16 13:16:59 2019

OUTPUT FILE NAME:   <JazzOne.out>
ENTRY POINT SYMBOL: "_c_int00_noargs"  address: 000013c9


MEMORY CONFIGURATION

         name            origin    length      used     unused   attr    fill
----------------------  --------  ---------  --------  --------  ----  --------
  MAIN                  00000000   00040000  000016f4  0003e90c  R  X
  INFO                  00200000   00004000  00000000  00004000  R  X
  SRAM_CODE             01000000   00010000  00000267  0000fd99  RW X
  SRAM_DATA             20000000   00010000  00000267  0000fd99  RW  


SEGMENT ALLOCATION MAP

run origin  load origin   length   init length attrs members
----------  ----------- ---------- ----------- ----- -------
00000000    00000000    000016f8   000016f8    r-x
  00000000    00000000    000000e4   000000e4    r-- .intvecs
  000000e4    000000e4    00001584   00001584    r-x .text
  00001668    00001668    00000044   00000044    r-- .const
  000016b0    000016b0    00000048   00000048    r-- .cinit
20000000    20000000    00000067   00000000    rw-
  20000000    20000000    0000005c   00000000    rw- .data
  2000005c    2000005c    0000000b   00000000    rw- .bss
2000fe00    2000fe00    00000200   00000000    rw-
  2000fe00    2000fe00    00000200   00000000    rw- .stack


SECTION ALLOCATION MAP

 output                                  attributes/
section   page    origin      length       input sections
--------  ----  ----------  ----------   ----------------
.intvecs   0    00000000    000000e4     
                  00000000    000000e4     startup_msp432p401r_ccs.obj (.intvecs:retain)

.text      0    000000e4    00001584     
                  000000e4    00000640     main.obj (.text:main)
                  00000724    0000017c     Clock.obj (.text:Clock_Init48MHz)
                  000008a0    000000d8     HAL_OPT3001.obj (.text:OPT3001_getLux)
                  00000978    000000b8     main.obj (.text:Initialize_System)
                  00000a30    000000b4     Encoder.obj (.text:encoder_init)
                  00000ae4    000000b0     Bump.obj (.text:Bump_Read)
                  00000b94    000000b0     Motor.obj (.text:motor_init)
                  00000c44    0000009c     rtsv7M4_T_le_v4SPD16_eabi.lib : memcpy_t2.asm.obj (.text)
                  00000ce0    00000098     Encoder.obj (.text:PORT5_IRQHandler)
                  00000d78    0000008c     HAL_I2C.obj (.text:I2C_read16)
                  00000e04    0000008c     Button.obj (.text:button_init)
                  00000e90    00000088     msp432p4xx_driverlib.lib : gpio.o (.text:GPIO_setAsPeripheralModuleFunctionOutputPin)
                  00000f18    00000078     system_msp432p401r.obj (.text:SystemInit)
                  00000f90    0000006c     msp432p4xx_driverlib.lib : i2c.o (.text:I2C_masterSendMultiByteFinish)
                  00000ffc    00000068                              : i2c.o (.text:I2C_masterSendMultiByteStart)
                  00001064    00000068     rtsv7M4_T_le_v4SPD16_eabi.lib : copy_decompress_lzss.c.obj (.text:decompress:lzss:__TI_decompress_lzss)
                  000010cc    00000062     msp432p4xx_driverlib.lib : i2c.o (.text:I2C_initMaster)
                  0000112e    00000002     startup_msp432p401r_ccs.obj (.text:Default_Handler)
                  00001130    00000060     Motor.obj (.text:set_left_motor_pwm)
                  00001190    00000060     Motor.obj (.text:set_right_motor_pwm)
                  000011f0    0000005c     Bump.obj (.text:Bump_Init)
                  0000124c    00000048     HAL_I2C.obj (.text:I2C_write16)
                  00001294    00000044     Button.obj (.text:PORT1_IRQHandler)
                  000012d8    00000044     rtsv7M4_T_le_v4SPD16_eabi.lib : autoinit.c.obj (.text:__TI_auto_init_nobinit_nopinit:__TI_auto_init_nobinit_nopinit)
                  0000131c    00000040     msp432p4xx_driverlib.lib : i2c.o (.text:I2C_masterReceiveMultiByteFinish)
                  0000135c    00000038                              : i2c.o (.text:I2C_masterSendMultiByteStop)
                  00001394    00000034                              : i2c.o (.text:I2C_masterSendMultiByteNext)
                  000013c8    00000034     rtsv7M4_T_le_v4SPD16_eabi.lib : boot_cortex_m.c.obj (.text:_c_int00_noargs:_c_int00_noargs)
                  000013fc    00000030     Motor.obj (.text:set_left_motor_direction)
                  0000142c    00000030     Motor.obj (.text:set_right_motor_direction)
                  0000145c    0000002c     Clock.obj (.text:Clock_Delay1ms)
                  00001488    00000020     HAL_I2C.obj (.text:I2C_init)
                  000014a8    0000001c     msp432p4xx_driverlib.lib : i2c.o (.text:I2C_setMode)
                  000014c4    0000001c     HAL_I2C.obj (.text:I2C_setslave)
                  000014e0    0000001c     rtsv7M4_T_le_v4SPD16_eabi.lib : copy_zero_init.c.obj (.text:decompress:ZI:__TI_zero_init_nomemset:__TI_zero_init_nomemset)
                  000014fc    0000001a     msp432p4xx_driverlib.lib : i2c.o (.text:I2C_masterReceiveStart)
                  00001516    00000018                              : i2c.o (.text:I2C_getInterruptStatus)
                  0000152e    00000002     --HOLE-- [fill = 0]
                  00001530    00000018                              : i2c.o (.text:I2C_isBusBusy)
                  00001548    00000018     HAL_I2C.obj (.text:Init_I2C_GPIO)
                  00001560    00000018     Button.obj (.text:button_S1_pressed)
                  00001578    00000018     Button.obj (.text:button_S2_pressed)
                  00001590    00000016     msp432p4xx_driverlib.lib : i2c.o (.text:I2C_clearInterruptFlag)
                  000015a6    00000016                              : i2c.o (.text:I2C_disableModule)
                  000015bc    00000016                              : i2c.o (.text:I2C_enableModule)
                  000015d2    00000014                              : i2c.o (.text:I2C_masterReceiveMultiByteNext)
                  000015e6    00000014                              : i2c.o (.text:I2C_setSlaveAddress)
                  000015fa    00000014     HAL_OPT3001.obj (.text:OPT3001_init)
                  0000160e    00000002     --HOLE-- [fill = 0]
                  00001610    00000010     main.obj (.text:SysTick_Handler)
                  00001620    0000000e     rtsv7M4_T_le_v4SPD16_eabi.lib : copy_decompress_none.c.obj (.text:decompress:none:__TI_decompress_none)
                  0000162e    0000000e     Clock.obj (.text:delay)
                  0000163c    0000000c     startup_msp432p401r_ccs.obj (.text:Reset_Handler)
                  00001648    0000000c     Encoder.obj (.text:get_left_motor_count)
                  00001654    0000000c     Encoder.obj (.text:get_right_motor_count)
                  00001660    00000004     rtsv7M4_T_le_v4SPD16_eabi.lib : pre_init.c.obj (.text:_system_pre_init)
                  00001664    00000004                                   : exit.c.obj (.text:abort:abort)

.const     0    00001668    00000044     
                  00001668    00000030     msp432p4xx_driverlib.lib : gpio.o (.const:GPIO_PORT_TO_BASE)
                  00001698    00000014     HAL_I2C.obj (.const:i2cConfig)

.cinit     0    000016b0    00000048     
                  000016b0    00000024     (.cinit..data.load) [load image, compression = lzss]
                  000016d4    0000000c     (__TI_handler_table)
                  000016e0    00000008     (.cinit..bss.load) [load image, compression = zero_init]
                  000016e8    00000010     (__TI_cinit_table)

.init_array 
*          0    00000000    00000000     UNINITIALIZED

.binit     0    00000000    00000000     

.data      0    20000000    0000005c     UNINITIALIZED
                  20000000    00000018     Clock.obj (.data)
                  20000018    00000018     Motor.obj (.data:left_motor_pwm_config)
                  20000030    00000018     Motor.obj (.data:right_motor_pwm_config)
                  20000048    00000009     main.obj (.data)
                  20000051    00000002     Button.obj (.data)
                  20000053    00000001     --HOLE--
                  20000054    00000008     Encoder.obj (.data)

.bss       0    2000005c    0000000b     UNINITIALIZED
                  2000005c    00000004     (.common:lux)
                  20000060    00000001     (.common:bump_data)
                  20000061    00000001     (.common:bump_data0)
                  20000062    00000001     (.common:bump_data1)
                  20000063    00000001     (.common:bump_data2)
                  20000064    00000001     (.common:bump_data3)
                  20000065    00000001     (.common:bump_data4)
                  20000066    00000001     (.common:bump_data5)

.stack     0    2000fe00    00000200     UNINITIALIZED
                  2000fe00    00000004     rtsv7M4_T_le_v4SPD16_eabi.lib : boot_cortex_m.c.obj (.stack)
                  2000fe04    000001fc     --HOLE--

MODULE SUMMARY

       Module                        code   ro data   rw data
       ------                        ----   -------   -------
    .\
       main.obj                      1800   0         40     
       system_msp432p401r.obj        120    0         0      
    +--+-----------------------------+------+---------+---------+
       Total:                        1920   0         40     
                                                             
    .\Library\
       Motor.obj                     464    0         96     
       Clock.obj                     438    0         48     
       Encoder.obj                   356    0         16     
       HAL_I2C.obj                   296    20        0      
       Bump.obj                      268    0         0      
       Button.obj                    256    0         4      
       HAL_OPT3001.obj               236    0         0      
    +--+-----------------------------+------+---------+---------+
       Total:                        2314   20        164    
                                                             
    .\ccs\
       startup_msp432p401r_ccs.obj   14     228       0      
    +--+-----------------------------+------+---------+---------+
       Total:                        14     228       0      
                                                             
    C:/ti/simplelink_msp432p4_sdk_3_30_00_13/source/ti/devices/msp432p4xx/driverlib/ccs/msp432p4xx_driverlib.lib
       i2c.o                         690    0         0      
       gpio.o                        136    48        0      
    +--+-----------------------------+------+---------+---------+
       Total:                        826    48        0      
                                                             
    C:\ti\ccs910\ccs\tools\compiler\ti-cgt-arm_18.12.2.LTS\lib\rtsv7M4_T_le_v4SPD16_eabi.lib
       memcpy_t2.asm.obj             156    0         0      
       copy_decompress_lzss.c.obj    104    0         0      
       autoinit.c.obj                68     0         0      
       boot_cortex_m.c.obj           52     0         0      
       copy_zero_init.c.obj          28     0         0      
       copy_decompress_none.c.obj    14     0         0      
       exit.c.obj                    4      0         0      
       pre_init.c.obj                4      0         0      
    +--+-----------------------------+------+---------+---------+
       Total:                        430    0         0      
                                                             
       Stack:                        0      0         1024   
       Linker Generated:             0      72        0      
    +--+-----------------------------+------+---------+---------+
       Grand Total:                  5504   368       1228   


LINKER GENERATED COPY TABLES

__TI_cinit_table @ 000016e8 records: 2, size/record: 8, table size: 16
	.data: load addr=000016b0, load size=00000024 bytes, run addr=20000000, run size=0000005c bytes, compression=lzss
	.bss: load addr=000016e0, load size=00000008 bytes, run addr=2000005c, run size=0000000b bytes, compression=zero_init


LINKER GENERATED HANDLER TABLE

__TI_handler_table @ 000016d4 records: 3, size/record: 4, table size: 12
	index: 0, handler: __TI_decompress_lzss
	index: 1, handler: __TI_decompress_none
	index: 2, handler: __TI_zero_init


GLOBAL SYMBOLS: SORTED ALPHABETICALLY BY Name 

address   name                                       
-------   ----                                       
0000112f  ADC14_IRQHandler                           
0000112f  AES256_IRQHandler                          
000011f1  Bump_Init                                  
00000ae5  Bump_Read                                  
0000112f  BusFault_Handler                           
00001665  C$$EXIT                                    
0000112f  COMP_E0_IRQHandler                         
0000112f  COMP_E1_IRQHandler                         
20000008  CPMwait                                    
0000112f  CS_IRQHandler                              
20000000  ClockFrequency                             
0000145d  Clock_Delay1ms                             
00000725  Clock_Init48MHz                            
20000014  Crystalstable                              
0000112f  DMA_ERR_IRQHandler                         
0000112f  DMA_INT0_IRQHandler                        
0000112f  DMA_INT1_IRQHandler                        
0000112f  DMA_INT2_IRQHandler                        
0000112f  DMA_INT3_IRQHandler                        
0000112f  DebugMon_Handler                           
0000112f  Default_Handler                            
0000112f  EUSCIA0_IRQHandler                         
0000112f  EUSCIA1_IRQHandler                         
0000112f  EUSCIA2_IRQHandler                         
0000112f  EUSCIA3_IRQHandler                         
0000112f  EUSCIB0_IRQHandler                         
0000112f  EUSCIB1_IRQHandler                         
0000112f  EUSCIB2_IRQHandler                         
0000112f  EUSCIB3_IRQHandler                         
0000112f  FLCTL_IRQHandler                           
0000112f  FPU_IRQHandler                             
00000e91  GPIO_setAsPeripheralModuleFunctionOutputPin
0000112f  HardFault_Handler                          
00001591  I2C_clearInterruptFlag                     
000015a7  I2C_disableModule                          
000015bd  I2C_enableModule                           
00001517  I2C_getInterruptStatus                     
00001489  I2C_init                                   
000010cd  I2C_initMaster                             
00001531  I2C_isBusBusy                              
0000131d  I2C_masterReceiveMultiByteFinish           
000015d3  I2C_masterReceiveMultiByteNext             
000014fd  I2C_masterReceiveStart                     
00000f91  I2C_masterSendMultiByteFinish              
00001395  I2C_masterSendMultiByteNext                
00000ffd  I2C_masterSendMultiByteStart               
0000135d  I2C_masterSendMultiByteStop                
00000d79  I2C_read16                                 
000014a9  I2C_setMode                                
000015e7  I2C_setSlaveAddress                        
000014c5  I2C_setslave                               
0000124d  I2C_write16                                
20000010  IFlags                                     
00001549  Init_I2C_GPIO                              
00000979  Initialize_System                          
0000112f  MemManage_Handler                          
0000112f  NMI_Handler                                
000008a1  OPT3001_getLux                             
000015fb  OPT3001_init                               
0000112f  PCM_IRQHandler                             
00001295  PORT1_IRQHandler                           
00001295  PORT1_IRQHandler                           
0000112f  PORT2_IRQHandler                           
0000112f  PORT3_IRQHandler                           
0000112f  PORT4_IRQHandler                           
00000ce1  PORT5_IRQHandler                           
00000ce1  PORT5_IRQHandler                           
0000112f  PORT6_IRQHandler                           
0000112f  PSS_IRQHandler                             
0000112f  PendSV_Handler                             
2000000c  Postwait                                   
20000004  Prewait                                    
0000112f  RTC_C_IRQHandler                           
0000163d  Reset_Handler                              
0000112f  SVC_Handler                                
00001611  SysTick_Handler                            
00001611  SysTick_Handler                            
00000f19  SystemInit                                 
0000112f  T32_INT1_IRQHandler                        
0000112f  T32_INT2_IRQHandler                        
0000112f  T32_INTC_IRQHandler                        
0000112f  TA0_0_IRQHandler                           
0000112f  TA0_N_IRQHandler                           
0000112f  TA1_0_IRQHandler                           
0000112f  TA1_N_IRQHandler                           
0000112f  TA2_0_IRQHandler                           
0000112f  TA2_N_IRQHandler                           
0000112f  TA3_0_IRQHandler                           
0000112f  TA3_N_IRQHandler                           
0000112f  UsageFault_Handler                         
4000480c  WDTCTL_SYM                                 
0000112f  WDT_A_IRQHandler                           
20010000  __STACK_END                                
00000200  __STACK_SIZE                               
000016e8  __TI_CINIT_Base                            
000016f8  __TI_CINIT_Limit                           
000016d4  __TI_Handler_Table_Base                    
000016e0  __TI_Handler_Table_Limit                   
000012d9  __TI_auto_init_nobinit_nopinit             
00001065  __TI_decompress_lzss                       
00001621  __TI_decompress_none                       
ffffffff  __TI_pprof_out_hndl                        
ffffffff  __TI_prof_data_size                        
ffffffff  __TI_prof_data_start                       
00000000  __TI_static_base__                         
000014e1  __TI_zero_init_nomemset                    
00000c45  __aeabi_memcpy                             
00000c45  __aeabi_memcpy4                            
00000c45  __aeabi_memcpy8                            
ffffffff  __binit__                                  
ffffffff  __c_args__                                 
UNDEFED   __mpu_init                                 
2000fe00  __stack                                    
000013c9  _c_int00_noargs                            
UNDEFED   _system_post_cinit                         
00001661  _system_pre_init                           
00001665  abort                                      
ffffffff  binit                                      
20000060  bump_data                                  
20000061  bump_data0                                 
20000062  bump_data1                                 
20000063  bump_data2                                 
20000064  bump_data3                                 
20000065  bump_data4                                 
20000066  bump_data5                                 
00001561  button_S1_pressed                          
20000051  button_S1_pressed_flag                     
00001579  button_S2_pressed                          
20000052  button_S2_pressed_flag                     
00000e05  button_init                                
0000162f  delay                                      
00000a31  encoder_init                               
00001649  get_left_motor_count                       
00001655  get_right_motor_count                      
2000004c  i                                          
00001698  i2cConfig                                  
00000000  interruptVectors                           
20000054  left_motor_count                           
20000018  left_motor_pwm_config                      
2000005c  lux                                        
000000e5  main                                       
00000c45  memcpy                                     
00000b95  motor_init                                 
20000058  right_motor_count                          
20000030  right_motor_pwm_config                     
000013fd  set_left_motor_direction                   
00001131  set_left_motor_pwm                         
0000142d  set_right_motor_direction                  
00001191  set_right_motor_pwm                        
20000050  state                                      
20000048  tick                                       


GLOBAL SYMBOLS: SORTED BY Symbol Address 

address   name                                       
-------   ----                                       
00000000  __TI_static_base__                         
00000000  interruptVectors                           
000000e5  main                                       
00000200  __STACK_SIZE                               
00000725  Clock_Init48MHz                            
000008a1  OPT3001_getLux                             
00000979  Initialize_System                          
00000a31  encoder_init                               
00000ae5  Bump_Read                                  
00000b95  motor_init                                 
00000c45  __aeabi_memcpy                             
00000c45  __aeabi_memcpy4                            
00000c45  __aeabi_memcpy8                            
00000c45  memcpy                                     
00000ce1  PORT5_IRQHandler                           
00000ce1  PORT5_IRQHandler                           
00000d79  I2C_read16                                 
00000e05  button_init                                
00000e91  GPIO_setAsPeripheralModuleFunctionOutputPin
00000f19  SystemInit                                 
00000f91  I2C_masterSendMultiByteFinish              
00000ffd  I2C_masterSendMultiByteStart               
00001065  __TI_decompress_lzss                       
000010cd  I2C_initMaster                             
0000112f  ADC14_IRQHandler                           
0000112f  AES256_IRQHandler                          
0000112f  BusFault_Handler                           
0000112f  COMP_E0_IRQHandler                         
0000112f  COMP_E1_IRQHandler                         
0000112f  CS_IRQHandler                              
0000112f  DMA_ERR_IRQHandler                         
0000112f  DMA_INT0_IRQHandler                        
0000112f  DMA_INT1_IRQHandler                        
0000112f  DMA_INT2_IRQHandler                        
0000112f  DMA_INT3_IRQHandler                        
0000112f  DebugMon_Handler                           
0000112f  Default_Handler                            
0000112f  EUSCIA0_IRQHandler                         
0000112f  EUSCIA1_IRQHandler                         
0000112f  EUSCIA2_IRQHandler                         
0000112f  EUSCIA3_IRQHandler                         
0000112f  EUSCIB0_IRQHandler                         
0000112f  EUSCIB1_IRQHandler                         
0000112f  EUSCIB2_IRQHandler                         
0000112f  EUSCIB3_IRQHandler                         
0000112f  FLCTL_IRQHandler                           
0000112f  FPU_IRQHandler                             
0000112f  HardFault_Handler                          
0000112f  MemManage_Handler                          
0000112f  NMI_Handler                                
0000112f  PCM_IRQHandler                             
0000112f  PORT2_IRQHandler                           
0000112f  PORT3_IRQHandler                           
0000112f  PORT4_IRQHandler                           
0000112f  PORT6_IRQHandler                           
0000112f  PSS_IRQHandler                             
0000112f  PendSV_Handler                             
0000112f  RTC_C_IRQHandler                           
0000112f  SVC_Handler                                
0000112f  T32_INT1_IRQHandler                        
0000112f  T32_INT2_IRQHandler                        
0000112f  T32_INTC_IRQHandler                        
0000112f  TA0_0_IRQHandler                           
0000112f  TA0_N_IRQHandler                           
0000112f  TA1_0_IRQHandler                           
0000112f  TA1_N_IRQHandler                           
0000112f  TA2_0_IRQHandler                           
0000112f  TA2_N_IRQHandler                           
0000112f  TA3_0_IRQHandler                           
0000112f  TA3_N_IRQHandler                           
0000112f  UsageFault_Handler                         
0000112f  WDT_A_IRQHandler                           
00001131  set_left_motor_pwm                         
00001191  set_right_motor_pwm                        
000011f1  Bump_Init                                  
0000124d  I2C_write16                                
00001295  PORT1_IRQHandler                           
00001295  PORT1_IRQHandler                           
000012d9  __TI_auto_init_nobinit_nopinit             
0000131d  I2C_masterReceiveMultiByteFinish           
0000135d  I2C_masterSendMultiByteStop                
00001395  I2C_masterSendMultiByteNext                
000013c9  _c_int00_noargs                            
000013fd  set_left_motor_direction                   
0000142d  set_right_motor_direction                  
0000145d  Clock_Delay1ms                             
00001489  I2C_init                                   
000014a9  I2C_setMode                                
000014c5  I2C_setslave                               
000014e1  __TI_zero_init_nomemset                    
000014fd  I2C_masterReceiveStart                     
00001517  I2C_getInterruptStatus                     
00001531  I2C_isBusBusy                              
00001549  Init_I2C_GPIO                              
00001561  button_S1_pressed                          
00001579  button_S2_pressed                          
00001591  I2C_clearInterruptFlag                     
000015a7  I2C_disableModule                          
000015bd  I2C_enableModule                           
000015d3  I2C_masterReceiveMultiByteNext             
000015e7  I2C_setSlaveAddress                        
000015fb  OPT3001_init                               
00001611  SysTick_Handler                            
00001611  SysTick_Handler                            
00001621  __TI_decompress_none                       
0000162f  delay                                      
0000163d  Reset_Handler                              
00001649  get_left_motor_count                       
00001655  get_right_motor_count                      
00001661  _system_pre_init                           
00001665  C$$EXIT                                    
00001665  abort                                      
00001698  i2cConfig                                  
000016d4  __TI_Handler_Table_Base                    
000016e0  __TI_Handler_Table_Limit                   
000016e8  __TI_CINIT_Base                            
000016f8  __TI_CINIT_Limit                           
20000000  ClockFrequency                             
20000004  Prewait                                    
20000008  CPMwait                                    
2000000c  Postwait                                   
20000010  IFlags                                     
20000014  Crystalstable                              
20000018  left_motor_pwm_config                      
20000030  right_motor_pwm_config                     
20000048  tick                                       
2000004c  i                                          
20000050  state                                      
20000051  button_S1_pressed_flag                     
20000052  button_S2_pressed_flag                     
20000054  left_motor_count                           
20000058  right_motor_count                          
2000005c  lux                                        
20000060  bump_data                                  
20000061  bump_data0                                 
20000062  bump_data1                                 
20000063  bump_data2                                 
20000064  bump_data3                                 
20000065  bump_data4                                 
20000066  bump_data5                                 
2000fe00  __stack                                    
20010000  __STACK_END                                
4000480c  WDTCTL_SYM                                 
ffffffff  __TI_pprof_out_hndl                        
ffffffff  __TI_prof_data_size                        
ffffffff  __TI_prof_data_start                       
ffffffff  __binit__                                  
ffffffff  __c_args__                                 
ffffffff  binit                                      
UNDEFED   __mpu_init                                 
UNDEFED   _system_post_cinit                         

[151 symbols]
