******************************************************************************
                  TI ARM Linker PC v18.12.2                    
******************************************************************************
>> Linked Fri Nov 15 20:07:50 2019

OUTPUT FILE NAME:   <Lab9.out>
ENTRY POINT SYMBOL: "_c_int00_noargs"  address: 000013c5


MEMORY CONFIGURATION

         name            origin    length      used     unused   attr    fill
----------------------  --------  ---------  --------  --------  ----  --------
  MAIN                  00000000   00040000  000016f0  0003e910  R  X
  INFO                  00200000   00004000  00000000  00004000  R  X
  SRAM_CODE             01000000   00010000  00000267  0000fd99  RW X
  SRAM_DATA             20000000   00010000  00000267  0000fd99  RW  


SEGMENT ALLOCATION MAP

run origin  load origin   length   init length attrs members
----------  ----------- ---------- ----------- ----- -------
00000000    00000000    000016f0   000016f0    r-x
  00000000    00000000    000000e4   000000e4    r-- .intvecs
  000000e4    000000e4    00001580   00001580    r-x .text
  00001664    00001664    00000044   00000044    r-- .const
  000016a8    000016a8    00000048   00000048    r-- .cinit
20000000    20000000    00000067   00000000    rw-
  20000000    20000000    0000005c   00000000    rw- .data
  2000005c    2000005c    0000000b   00000000    rw- .bss
2000fe00    2000fe00    00000200   00000000    rw-
  2000fe00    2000fe00    00000200   00000000    rw- .stack


SECTION ALLOCATION MAP

 output                                  attributes/
section   page    origin      length       input sections
--------  ----  ----------  ----------   ----------------
.intvecs   0    00000000    000000e4     
                  00000000    000000e4     startup_msp432p401r_ccs.obj (.intvecs:retain)

.text      0    000000e4    00001580     
                  000000e4    0000063c     main.obj (.text:main)
                  00000720    0000017c     Clock.obj (.text:Clock_Init48MHz)
                  0000089c    000000d8     HAL_OPT3001.obj (.text:OPT3001_getLux)
                  00000974    000000b8     main.obj (.text:Initialize_System)
                  00000a2c    000000b4     Encoder.obj (.text:encoder_init)
                  00000ae0    000000b0     Bump.obj (.text:Bump_Read)
                  00000b90    000000b0     Motor.obj (.text:motor_init)
                  00000c40    0000009c     rtsv7M4_T_le_v4SPD16_eabi.lib : memcpy_t2.asm.obj (.text)
                  00000cdc    00000098     Encoder.obj (.text:PORT5_IRQHandler)
                  00000d74    0000008c     HAL_I2C.obj (.text:I2C_read16)
                  00000e00    0000008c     Button.obj (.text:button_init)
                  00000e8c    00000088     msp432p4xx_driverlib.lib : gpio.o (.text:GPIO_setAsPeripheralModuleFunctionOutputPin)
                  00000f14    00000078     system_msp432p401r.obj (.text:SystemInit)
                  00000f8c    0000006c     msp432p4xx_driverlib.lib : i2c.o (.text:I2C_masterSendMultiByteFinish)
                  00000ff8    00000068                              : i2c.o (.text:I2C_masterSendMultiByteStart)
                  00001060    00000068     rtsv7M4_T_le_v4SPD16_eabi.lib : copy_decompress_lzss.c.obj (.text:decompress:lzss:__TI_decompress_lzss)
                  000010c8    00000062     msp432p4xx_driverlib.lib : i2c.o (.text:I2C_initMaster)
                  0000112a    00000002     startup_msp432p401r_ccs.obj (.text:Default_Handler)
                  0000112c    00000060     Motor.obj (.text:set_left_motor_pwm)
                  0000118c    00000060     Motor.obj (.text:set_right_motor_pwm)
                  000011ec    0000005c     Bump.obj (.text:Bump_Init)
                  00001248    00000048     HAL_I2C.obj (.text:I2C_write16)
                  00001290    00000044     Button.obj (.text:PORT1_IRQHandler)
                  000012d4    00000044     rtsv7M4_T_le_v4SPD16_eabi.lib : autoinit.c.obj (.text:__TI_auto_init_nobinit_nopinit:__TI_auto_init_nobinit_nopinit)
                  00001318    00000040     msp432p4xx_driverlib.lib : i2c.o (.text:I2C_masterReceiveMultiByteFinish)
                  00001358    00000038                              : i2c.o (.text:I2C_masterSendMultiByteStop)
                  00001390    00000034                              : i2c.o (.text:I2C_masterSendMultiByteNext)
                  000013c4    00000034     rtsv7M4_T_le_v4SPD16_eabi.lib : boot_cortex_m.c.obj (.text:_c_int00_noargs:_c_int00_noargs)
                  000013f8    00000030     Motor.obj (.text:set_left_motor_direction)
                  00001428    00000030     Motor.obj (.text:set_right_motor_direction)
                  00001458    0000002c     Clock.obj (.text:Clock_Delay1ms)
                  00001484    00000020     HAL_I2C.obj (.text:I2C_init)
                  000014a4    0000001c     msp432p4xx_driverlib.lib : i2c.o (.text:I2C_setMode)
                  000014c0    0000001c     HAL_I2C.obj (.text:I2C_setslave)
                  000014dc    0000001c     rtsv7M4_T_le_v4SPD16_eabi.lib : copy_zero_init.c.obj (.text:decompress:ZI:__TI_zero_init_nomemset:__TI_zero_init_nomemset)
                  000014f8    0000001a     msp432p4xx_driverlib.lib : i2c.o (.text:I2C_masterReceiveStart)
                  00001512    00000018                              : i2c.o (.text:I2C_getInterruptStatus)
                  0000152a    00000002     --HOLE-- [fill = 0]
                  0000152c    00000018                              : i2c.o (.text:I2C_isBusBusy)
                  00001544    00000018     HAL_I2C.obj (.text:Init_I2C_GPIO)
                  0000155c    00000018     Button.obj (.text:button_S1_pressed)
                  00001574    00000018     Button.obj (.text:button_S2_pressed)
                  0000158c    00000016     msp432p4xx_driverlib.lib : i2c.o (.text:I2C_clearInterruptFlag)
                  000015a2    00000016                              : i2c.o (.text:I2C_disableModule)
                  000015b8    00000016                              : i2c.o (.text:I2C_enableModule)
                  000015ce    00000014                              : i2c.o (.text:I2C_masterReceiveMultiByteNext)
                  000015e2    00000014                              : i2c.o (.text:I2C_setSlaveAddress)
                  000015f6    00000014     HAL_OPT3001.obj (.text:OPT3001_init)
                  0000160a    00000002     --HOLE-- [fill = 0]
                  0000160c    00000010     main.obj (.text:SysTick_Handler)
                  0000161c    0000000e     rtsv7M4_T_le_v4SPD16_eabi.lib : copy_decompress_none.c.obj (.text:decompress:none:__TI_decompress_none)
                  0000162a    0000000e     Clock.obj (.text:delay)
                  00001638    0000000c     startup_msp432p401r_ccs.obj (.text:Reset_Handler)
                  00001644    0000000c     Encoder.obj (.text:get_left_motor_count)
                  00001650    0000000c     Encoder.obj (.text:get_right_motor_count)
                  0000165c    00000004     rtsv7M4_T_le_v4SPD16_eabi.lib : pre_init.c.obj (.text:_system_pre_init)
                  00001660    00000004                                   : exit.c.obj (.text:abort:abort)

.const     0    00001664    00000044     
                  00001664    00000030     msp432p4xx_driverlib.lib : gpio.o (.const:GPIO_PORT_TO_BASE)
                  00001694    00000014     HAL_I2C.obj (.const:i2cConfig)

.cinit     0    000016a8    00000048     
                  000016a8    00000024     (.cinit..data.load) [load image, compression = lzss]
                  000016cc    0000000c     (__TI_handler_table)
                  000016d8    00000008     (.cinit..bss.load) [load image, compression = zero_init]
                  000016e0    00000010     (__TI_cinit_table)

.init_array 
*          0    00000000    00000000     UNINITIALIZED

.binit     0    00000000    00000000     

.data      0    20000000    0000005c     UNINITIALIZED
                  20000000    00000018     Clock.obj (.data)
                  20000018    00000018     Motor.obj (.data:left_motor_pwm_config)
                  20000030    00000018     Motor.obj (.data:right_motor_pwm_config)
                  20000048    00000009     main.obj (.data)
                  20000051    00000002     Button.obj (.data)
                  20000053    00000001     --HOLE--
                  20000054    00000008     Encoder.obj (.data)

.bss       0    2000005c    0000000b     UNINITIALIZED
                  2000005c    00000004     (.common:lux)
                  20000060    00000001     (.common:bump_data)
                  20000061    00000001     (.common:bump_data0)
                  20000062    00000001     (.common:bump_data1)
                  20000063    00000001     (.common:bump_data2)
                  20000064    00000001     (.common:bump_data3)
                  20000065    00000001     (.common:bump_data4)
                  20000066    00000001     (.common:bump_data5)

.stack     0    2000fe00    00000200     UNINITIALIZED
                  2000fe00    00000004     rtsv7M4_T_le_v4SPD16_eabi.lib : boot_cortex_m.c.obj (.stack)
                  2000fe04    000001fc     --HOLE--

MODULE SUMMARY

       Module                        code   ro data   rw data
       ------                        ----   -------   -------
    .\
       main.obj                      1796   0         40     
       system_msp432p401r.obj        120    0         0      
    +--+-----------------------------+------+---------+---------+
       Total:                        1916   0         40     
                                                             
    .\Library\
       Motor.obj                     464    0         96     
       Clock.obj                     438    0         48     
       Encoder.obj                   356    0         16     
       HAL_I2C.obj                   296    20        0      
       Bump.obj                      268    0         0      
       Button.obj                    256    0         4      
       HAL_OPT3001.obj               236    0         0      
    +--+-----------------------------+------+---------+---------+
       Total:                        2314   20        164    
                                                             
    .\ccs\
       startup_msp432p401r_ccs.obj   14     228       0      
    +--+-----------------------------+------+---------+---------+
       Total:                        14     228       0      
                                                             
    C:/ti/simplelink_msp432p4_sdk_3_30_00_13/source/ti/devices/msp432p4xx/driverlib/ccs/msp432p4xx_driverlib.lib
       i2c.o                         690    0         0      
       gpio.o                        136    48        0      
    +--+-----------------------------+------+---------+---------+
       Total:                        826    48        0      
                                                             
    C:\ti\ccs910\ccs\tools\compiler\ti-cgt-arm_18.12.2.LTS\lib\rtsv7M4_T_le_v4SPD16_eabi.lib
       memcpy_t2.asm.obj             156    0         0      
       copy_decompress_lzss.c.obj    104    0         0      
       autoinit.c.obj                68     0         0      
       boot_cortex_m.c.obj           52     0         0      
       copy_zero_init.c.obj          28     0         0      
       copy_decompress_none.c.obj    14     0         0      
       exit.c.obj                    4      0         0      
       pre_init.c.obj                4      0         0      
    +--+-----------------------------+------+---------+---------+
       Total:                        430    0         0      
                                                             
       Stack:                        0      0         1024   
       Linker Generated:             0      72        0      
    +--+-----------------------------+------+---------+---------+
       Grand Total:                  5500   368       1228   


LINKER GENERATED COPY TABLES

__TI_cinit_table @ 000016e0 records: 2, size/record: 8, table size: 16
	.data: load addr=000016a8, load size=00000024 bytes, run addr=20000000, run size=0000005c bytes, compression=lzss
	.bss: load addr=000016d8, load size=00000008 bytes, run addr=2000005c, run size=0000000b bytes, compression=zero_init


LINKER GENERATED HANDLER TABLE

__TI_handler_table @ 000016cc records: 3, size/record: 4, table size: 12
	index: 0, handler: __TI_decompress_lzss
	index: 1, handler: __TI_decompress_none
	index: 2, handler: __TI_zero_init


GLOBAL SYMBOLS: SORTED ALPHABETICALLY BY Name 

address   name                                       
-------   ----                                       
0000112b  ADC14_IRQHandler                           
0000112b  AES256_IRQHandler                          
000011ed  Bump_Init                                  
00000ae1  Bump_Read                                  
0000112b  BusFault_Handler                           
00001661  C$$EXIT                                    
0000112b  COMP_E0_IRQHandler                         
0000112b  COMP_E1_IRQHandler                         
20000008  CPMwait                                    
0000112b  CS_IRQHandler                              
20000000  ClockFrequency                             
00001459  Clock_Delay1ms                             
00000721  Clock_Init48MHz                            
20000014  Crystalstable                              
0000112b  DMA_ERR_IRQHandler                         
0000112b  DMA_INT0_IRQHandler                        
0000112b  DMA_INT1_IRQHandler                        
0000112b  DMA_INT2_IRQHandler                        
0000112b  DMA_INT3_IRQHandler                        
0000112b  DebugMon_Handler                           
0000112b  Default_Handler                            
0000112b  EUSCIA0_IRQHandler                         
0000112b  EUSCIA1_IRQHandler                         
0000112b  EUSCIA2_IRQHandler                         
0000112b  EUSCIA3_IRQHandler                         
0000112b  EUSCIB0_IRQHandler                         
0000112b  EUSCIB1_IRQHandler                         
0000112b  EUSCIB2_IRQHandler                         
0000112b  EUSCIB3_IRQHandler                         
0000112b  FLCTL_IRQHandler                           
0000112b  FPU_IRQHandler                             
00000e8d  GPIO_setAsPeripheralModuleFunctionOutputPin
0000112b  HardFault_Handler                          
0000158d  I2C_clearInterruptFlag                     
000015a3  I2C_disableModule                          
000015b9  I2C_enableModule                           
00001513  I2C_getInterruptStatus                     
00001485  I2C_init                                   
000010c9  I2C_initMaster                             
0000152d  I2C_isBusBusy                              
00001319  I2C_masterReceiveMultiByteFinish           
000015cf  I2C_masterReceiveMultiByteNext             
000014f9  I2C_masterReceiveStart                     
00000f8d  I2C_masterSendMultiByteFinish              
00001391  I2C_masterSendMultiByteNext                
00000ff9  I2C_masterSendMultiByteStart               
00001359  I2C_masterSendMultiByteStop                
00000d75  I2C_read16                                 
000014a5  I2C_setMode                                
000015e3  I2C_setSlaveAddress                        
000014c1  I2C_setslave                               
00001249  I2C_write16                                
20000010  IFlags                                     
00001545  Init_I2C_GPIO                              
00000975  Initialize_System                          
0000112b  MemManage_Handler                          
0000112b  NMI_Handler                                
0000089d  OPT3001_getLux                             
000015f7  OPT3001_init                               
0000112b  PCM_IRQHandler                             
00001291  PORT1_IRQHandler                           
00001291  PORT1_IRQHandler                           
0000112b  PORT2_IRQHandler                           
0000112b  PORT3_IRQHandler                           
0000112b  PORT4_IRQHandler                           
00000cdd  PORT5_IRQHandler                           
00000cdd  PORT5_IRQHandler                           
0000112b  PORT6_IRQHandler                           
0000112b  PSS_IRQHandler                             
0000112b  PendSV_Handler                             
2000000c  Postwait                                   
20000004  Prewait                                    
0000112b  RTC_C_IRQHandler                           
00001639  Reset_Handler                              
0000112b  SVC_Handler                                
0000160d  SysTick_Handler                            
0000160d  SysTick_Handler                            
00000f15  SystemInit                                 
0000112b  T32_INT1_IRQHandler                        
0000112b  T32_INT2_IRQHandler                        
0000112b  T32_INTC_IRQHandler                        
0000112b  TA0_0_IRQHandler                           
0000112b  TA0_N_IRQHandler                           
0000112b  TA1_0_IRQHandler                           
0000112b  TA1_N_IRQHandler                           
0000112b  TA2_0_IRQHandler                           
0000112b  TA2_N_IRQHandler                           
0000112b  TA3_0_IRQHandler                           
0000112b  TA3_N_IRQHandler                           
0000112b  UsageFault_Handler                         
4000480c  WDTCTL_SYM                                 
0000112b  WDT_A_IRQHandler                           
20010000  __STACK_END                                
00000200  __STACK_SIZE                               
000016e0  __TI_CINIT_Base                            
000016f0  __TI_CINIT_Limit                           
000016cc  __TI_Handler_Table_Base                    
000016d8  __TI_Handler_Table_Limit                   
000012d5  __TI_auto_init_nobinit_nopinit             
00001061  __TI_decompress_lzss                       
0000161d  __TI_decompress_none                       
ffffffff  __TI_pprof_out_hndl                        
ffffffff  __TI_prof_data_size                        
ffffffff  __TI_prof_data_start                       
00000000  __TI_static_base__                         
000014dd  __TI_zero_init_nomemset                    
00000c41  __aeabi_memcpy                             
00000c41  __aeabi_memcpy4                            
00000c41  __aeabi_memcpy8                            
ffffffff  __binit__                                  
ffffffff  __c_args__                                 
UNDEFED   __mpu_init                                 
2000fe00  __stack                                    
000013c5  _c_int00_noargs                            
UNDEFED   _system_post_cinit                         
0000165d  _system_pre_init                           
00001661  abort                                      
ffffffff  binit                                      
20000060  bump_data                                  
20000061  bump_data0                                 
20000062  bump_data1                                 
20000063  bump_data2                                 
20000064  bump_data3                                 
20000065  bump_data4                                 
20000066  bump_data5                                 
0000155d  button_S1_pressed                          
20000051  button_S1_pressed_flag                     
00001575  button_S2_pressed                          
20000052  button_S2_pressed_flag                     
00000e01  button_init                                
0000162b  delay                                      
00000a2d  encoder_init                               
00001645  get_left_motor_count                       
00001651  get_right_motor_count                      
2000004c  i                                          
00001694  i2cConfig                                  
00000000  interruptVectors                           
20000054  left_motor_count                           
20000018  left_motor_pwm_config                      
2000005c  lux                                        
000000e5  main                                       
00000c41  memcpy                                     
00000b91  motor_init                                 
20000058  right_motor_count                          
20000030  right_motor_pwm_config                     
000013f9  set_left_motor_direction                   
0000112d  set_left_motor_pwm                         
00001429  set_right_motor_direction                  
0000118d  set_right_motor_pwm                        
20000050  state                                      
20000048  tick                                       


GLOBAL SYMBOLS: SORTED BY Symbol Address 

address   name                                       
-------   ----                                       
00000000  __TI_static_base__                         
00000000  interruptVectors                           
000000e5  main                                       
00000200  __STACK_SIZE                               
00000721  Clock_Init48MHz                            
0000089d  OPT3001_getLux                             
00000975  Initialize_System                          
00000a2d  encoder_init                               
00000ae1  Bump_Read                                  
00000b91  motor_init                                 
00000c41  __aeabi_memcpy                             
00000c41  __aeabi_memcpy4                            
00000c41  __aeabi_memcpy8                            
00000c41  memcpy                                     
00000cdd  PORT5_IRQHandler                           
00000cdd  PORT5_IRQHandler                           
00000d75  I2C_read16                                 
00000e01  button_init                                
00000e8d  GPIO_setAsPeripheralModuleFunctionOutputPin
00000f15  SystemInit                                 
00000f8d  I2C_masterSendMultiByteFinish              
00000ff9  I2C_masterSendMultiByteStart               
00001061  __TI_decompress_lzss                       
000010c9  I2C_initMaster                             
0000112b  ADC14_IRQHandler                           
0000112b  AES256_IRQHandler                          
0000112b  BusFault_Handler                           
0000112b  COMP_E0_IRQHandler                         
0000112b  COMP_E1_IRQHandler                         
0000112b  CS_IRQHandler                              
0000112b  DMA_ERR_IRQHandler                         
0000112b  DMA_INT0_IRQHandler                        
0000112b  DMA_INT1_IRQHandler                        
0000112b  DMA_INT2_IRQHandler                        
0000112b  DMA_INT3_IRQHandler                        
0000112b  DebugMon_Handler                           
0000112b  Default_Handler                            
0000112b  EUSCIA0_IRQHandler                         
0000112b  EUSCIA1_IRQHandler                         
0000112b  EUSCIA2_IRQHandler                         
0000112b  EUSCIA3_IRQHandler                         
0000112b  EUSCIB0_IRQHandler                         
0000112b  EUSCIB1_IRQHandler                         
0000112b  EUSCIB2_IRQHandler                         
0000112b  EUSCIB3_IRQHandler                         
0000112b  FLCTL_IRQHandler                           
0000112b  FPU_IRQHandler                             
0000112b  HardFault_Handler                          
0000112b  MemManage_Handler                          
0000112b  NMI_Handler                                
0000112b  PCM_IRQHandler                             
0000112b  PORT2_IRQHandler                           
0000112b  PORT3_IRQHandler                           
0000112b  PORT4_IRQHandler                           
0000112b  PORT6_IRQHandler                           
0000112b  PSS_IRQHandler                             
0000112b  PendSV_Handler                             
0000112b  RTC_C_IRQHandler                           
0000112b  SVC_Handler                                
0000112b  T32_INT1_IRQHandler                        
0000112b  T32_INT2_IRQHandler                        
0000112b  T32_INTC_IRQHandler                        
0000112b  TA0_0_IRQHandler                           
0000112b  TA0_N_IRQHandler                           
0000112b  TA1_0_IRQHandler                           
0000112b  TA1_N_IRQHandler                           
0000112b  TA2_0_IRQHandler                           
0000112b  TA2_N_IRQHandler                           
0000112b  TA3_0_IRQHandler                           
0000112b  TA3_N_IRQHandler                           
0000112b  UsageFault_Handler                         
0000112b  WDT_A_IRQHandler                           
0000112d  set_left_motor_pwm                         
0000118d  set_right_motor_pwm                        
000011ed  Bump_Init                                  
00001249  I2C_write16                                
00001291  PORT1_IRQHandler                           
00001291  PORT1_IRQHandler                           
000012d5  __TI_auto_init_nobinit_nopinit             
00001319  I2C_masterReceiveMultiByteFinish           
00001359  I2C_masterSendMultiByteStop                
00001391  I2C_masterSendMultiByteNext                
000013c5  _c_int00_noargs                            
000013f9  set_left_motor_direction                   
00001429  set_right_motor_direction                  
00001459  Clock_Delay1ms                             
00001485  I2C_init                                   
000014a5  I2C_setMode                                
000014c1  I2C_setslave                               
000014dd  __TI_zero_init_nomemset                    
000014f9  I2C_masterReceiveStart                     
00001513  I2C_getInterruptStatus                     
0000152d  I2C_isBusBusy                              
00001545  Init_I2C_GPIO                              
0000155d  button_S1_pressed                          
00001575  button_S2_pressed                          
0000158d  I2C_clearInterruptFlag                     
000015a3  I2C_disableModule                          
000015b9  I2C_enableModule                           
000015cf  I2C_masterReceiveMultiByteNext             
000015e3  I2C_setSlaveAddress                        
000015f7  OPT3001_init                               
0000160d  SysTick_Handler                            
0000160d  SysTick_Handler                            
0000161d  __TI_decompress_none                       
0000162b  delay                                      
00001639  Reset_Handler                              
00001645  get_left_motor_count                       
00001651  get_right_motor_count                      
0000165d  _system_pre_init                           
00001661  C$$EXIT                                    
00001661  abort                                      
00001694  i2cConfig                                  
000016cc  __TI_Handler_Table_Base                    
000016d8  __TI_Handler_Table_Limit                   
000016e0  __TI_CINIT_Base                            
000016f0  __TI_CINIT_Limit                           
20000000  ClockFrequency                             
20000004  Prewait                                    
20000008  CPMwait                                    
2000000c  Postwait                                   
20000010  IFlags                                     
20000014  Crystalstable                              
20000018  left_motor_pwm_config                      
20000030  right_motor_pwm_config                     
20000048  tick                                       
2000004c  i                                          
20000050  state                                      
20000051  button_S1_pressed_flag                     
20000052  button_S2_pressed_flag                     
20000054  left_motor_count                           
20000058  right_motor_count                          
2000005c  lux                                        
20000060  bump_data                                  
20000061  bump_data0                                 
20000062  bump_data1                                 
20000063  bump_data2                                 
20000064  bump_data3                                 
20000065  bump_data4                                 
20000066  bump_data5                                 
2000fe00  __stack                                    
20010000  __STACK_END                                
4000480c  WDTCTL_SYM                                 
ffffffff  __TI_pprof_out_hndl                        
ffffffff  __TI_prof_data_size                        
ffffffff  __TI_prof_data_start                       
ffffffff  __binit__                                  
ffffffff  __c_args__                                 
ffffffff  binit                                      
UNDEFED   __mpu_init                                 
UNDEFED   _system_post_cinit                         

[151 symbols]
