******************************************************************************
                  TI ARM Linker PC v18.12.2                    
******************************************************************************
>> Linked Sat Nov 16 17:19:16 2019

OUTPUT FILE NAME:   <LnRBumblebee.out>
ENTRY POINT SYMBOL: "_c_int00_noargs"  address: 00001549


MEMORY CONFIGURATION

         name            origin    length      used     unused   attr    fill
----------------------  --------  ---------  --------  --------  ----  --------
  MAIN                  00000000   00040000  00001874  0003e78c  R  X
  INFO                  00200000   00004000  00000000  00004000  R  X
  SRAM_CODE             01000000   00010000  00000267  0000fd99  RW X
  SRAM_DATA             20000000   00010000  00000267  0000fd99  RW  


SEGMENT ALLOCATION MAP

run origin  load origin   length   init length attrs members
----------  ----------- ---------- ----------- ----- -------
00000000    00000000    00001878   00001878    r-x
  00000000    00000000    000000e4   000000e4    r-- .intvecs
  000000e4    000000e4    00001704   00001704    r-x .text
  000017e8    000017e8    00000044   00000044    r-- .const
  00001830    00001830    00000048   00000048    r-- .cinit
20000000    20000000    00000067   00000000    rw-
  20000000    20000000    0000005c   00000000    rw- .data
  2000005c    2000005c    0000000b   00000000    rw- .bss
2000fe00    2000fe00    00000200   00000000    rw-
  2000fe00    2000fe00    00000200   00000000    rw- .stack


SECTION ALLOCATION MAP

 output                                  attributes/
section   page    origin      length       input sections
--------  ----  ----------  ----------   ----------------
.intvecs   0    00000000    000000e4     
                  00000000    000000e4     startup_msp432p401r_ccs.obj (.intvecs:retain)

.text      0    000000e4    00001704     
                  000000e4    000007c0     main.obj (.text:main)
                  000008a4    0000017c     Clock.obj (.text:Clock_Init48MHz)
                  00000a20    000000d8     HAL_OPT3001.obj (.text:OPT3001_getLux)
                  00000af8    000000b8     main.obj (.text:Initialize_System)
                  00000bb0    000000b4     Encoder.obj (.text:encoder_init)
                  00000c64    000000b0     Bump.obj (.text:Bump_Read)
                  00000d14    000000b0     Motor.obj (.text:motor_init)
                  00000dc4    0000009c     rtsv7M4_T_le_v4SPD16_eabi.lib : memcpy_t2.asm.obj (.text)
                  00000e60    00000098     Encoder.obj (.text:PORT5_IRQHandler)
                  00000ef8    0000008c     HAL_I2C.obj (.text:I2C_read16)
                  00000f84    0000008c     Button.obj (.text:button_init)
                  00001010    00000088     msp432p4xx_driverlib.lib : gpio.o (.text:GPIO_setAsPeripheralModuleFunctionOutputPin)
                  00001098    00000078     system_msp432p401r.obj (.text:SystemInit)
                  00001110    0000006c     msp432p4xx_driverlib.lib : i2c.o (.text:I2C_masterSendMultiByteFinish)
                  0000117c    00000068                              : i2c.o (.text:I2C_masterSendMultiByteStart)
                  000011e4    00000068     rtsv7M4_T_le_v4SPD16_eabi.lib : copy_decompress_lzss.c.obj (.text:decompress:lzss:__TI_decompress_lzss)
                  0000124c    00000062     msp432p4xx_driverlib.lib : i2c.o (.text:I2C_initMaster)
                  000012ae    00000002     startup_msp432p401r_ccs.obj (.text:Default_Handler)
                  000012b0    00000060     Motor.obj (.text:set_left_motor_pwm)
                  00001310    00000060     Motor.obj (.text:set_right_motor_pwm)
                  00001370    0000005c     Bump.obj (.text:Bump_Init)
                  000013cc    00000048     HAL_I2C.obj (.text:I2C_write16)
                  00001414    00000044     Button.obj (.text:PORT1_IRQHandler)
                  00001458    00000044     rtsv7M4_T_le_v4SPD16_eabi.lib : autoinit.c.obj (.text:__TI_auto_init_nobinit_nopinit:__TI_auto_init_nobinit_nopinit)
                  0000149c    00000040     msp432p4xx_driverlib.lib : i2c.o (.text:I2C_masterReceiveMultiByteFinish)
                  000014dc    00000038                              : i2c.o (.text:I2C_masterSendMultiByteStop)
                  00001514    00000034                              : i2c.o (.text:I2C_masterSendMultiByteNext)
                  00001548    00000034     rtsv7M4_T_le_v4SPD16_eabi.lib : boot_cortex_m.c.obj (.text:_c_int00_noargs:_c_int00_noargs)
                  0000157c    00000030     Motor.obj (.text:set_left_motor_direction)
                  000015ac    00000030     Motor.obj (.text:set_right_motor_direction)
                  000015dc    0000002c     Clock.obj (.text:Clock_Delay1ms)
                  00001608    00000020     HAL_I2C.obj (.text:I2C_init)
                  00001628    0000001c     msp432p4xx_driverlib.lib : i2c.o (.text:I2C_setMode)
                  00001644    0000001c     HAL_I2C.obj (.text:I2C_setslave)
                  00001660    0000001c     rtsv7M4_T_le_v4SPD16_eabi.lib : copy_zero_init.c.obj (.text:decompress:ZI:__TI_zero_init_nomemset:__TI_zero_init_nomemset)
                  0000167c    0000001a     msp432p4xx_driverlib.lib : i2c.o (.text:I2C_masterReceiveStart)
                  00001696    00000018                              : i2c.o (.text:I2C_getInterruptStatus)
                  000016ae    00000002     --HOLE-- [fill = 0]
                  000016b0    00000018                              : i2c.o (.text:I2C_isBusBusy)
                  000016c8    00000018     HAL_I2C.obj (.text:Init_I2C_GPIO)
                  000016e0    00000018     Button.obj (.text:button_S1_pressed)
                  000016f8    00000018     Button.obj (.text:button_S2_pressed)
                  00001710    00000016     msp432p4xx_driverlib.lib : i2c.o (.text:I2C_clearInterruptFlag)
                  00001726    00000016                              : i2c.o (.text:I2C_disableModule)
                  0000173c    00000016                              : i2c.o (.text:I2C_enableModule)
                  00001752    00000014                              : i2c.o (.text:I2C_masterReceiveMultiByteNext)
                  00001766    00000014                              : i2c.o (.text:I2C_setSlaveAddress)
                  0000177a    00000014     HAL_OPT3001.obj (.text:OPT3001_init)
                  0000178e    00000002     --HOLE-- [fill = 0]
                  00001790    00000010     main.obj (.text:SysTick_Handler)
                  000017a0    0000000e     rtsv7M4_T_le_v4SPD16_eabi.lib : copy_decompress_none.c.obj (.text:decompress:none:__TI_decompress_none)
                  000017ae    0000000e     Clock.obj (.text:delay)
                  000017bc    0000000c     startup_msp432p401r_ccs.obj (.text:Reset_Handler)
                  000017c8    0000000c     Encoder.obj (.text:get_left_motor_count)
                  000017d4    0000000c     Encoder.obj (.text:get_right_motor_count)
                  000017e0    00000004     rtsv7M4_T_le_v4SPD16_eabi.lib : pre_init.c.obj (.text:_system_pre_init)
                  000017e4    00000004                                   : exit.c.obj (.text:abort:abort)

.const     0    000017e8    00000044     
                  000017e8    00000030     msp432p4xx_driverlib.lib : gpio.o (.const:GPIO_PORT_TO_BASE)
                  00001818    00000014     HAL_I2C.obj (.const:i2cConfig)

.cinit     0    00001830    00000048     
                  00001830    00000024     (.cinit..data.load) [load image, compression = lzss]
                  00001854    0000000c     (__TI_handler_table)
                  00001860    00000008     (.cinit..bss.load) [load image, compression = zero_init]
                  00001868    00000010     (__TI_cinit_table)

.init_array 
*          0    00000000    00000000     UNINITIALIZED

.binit     0    00000000    00000000     

.data      0    20000000    0000005c     UNINITIALIZED
                  20000000    00000018     Clock.obj (.data)
                  20000018    00000018     Motor.obj (.data:left_motor_pwm_config)
                  20000030    00000018     Motor.obj (.data:right_motor_pwm_config)
                  20000048    00000009     main.obj (.data)
                  20000051    00000002     Button.obj (.data)
                  20000053    00000001     --HOLE--
                  20000054    00000008     Encoder.obj (.data)

.bss       0    2000005c    0000000b     UNINITIALIZED
                  2000005c    00000004     (.common:lux)
                  20000060    00000001     (.common:bump_data)
                  20000061    00000001     (.common:bump_data0)
                  20000062    00000001     (.common:bump_data1)
                  20000063    00000001     (.common:bump_data2)
                  20000064    00000001     (.common:bump_data3)
                  20000065    00000001     (.common:bump_data4)
                  20000066    00000001     (.common:bump_data5)

.stack     0    2000fe00    00000200     UNINITIALIZED
                  2000fe00    00000004     rtsv7M4_T_le_v4SPD16_eabi.lib : boot_cortex_m.c.obj (.stack)
                  2000fe04    000001fc     --HOLE--

MODULE SUMMARY

       Module                        code   ro data   rw data
       ------                        ----   -------   -------
    .\
       main.obj                      2184   0         40     
       system_msp432p401r.obj        120    0         0      
    +--+-----------------------------+------+---------+---------+
       Total:                        2304   0         40     
                                                             
    .\Library\
       Motor.obj                     464    0         96     
       Clock.obj                     438    0         48     
       Encoder.obj                   356    0         16     
       HAL_I2C.obj                   296    20        0      
       Bump.obj                      268    0         0      
       Button.obj                    256    0         4      
       HAL_OPT3001.obj               236    0         0      
    +--+-----------------------------+------+---------+---------+
       Total:                        2314   20        164    
                                                             
    .\ccs\
       startup_msp432p401r_ccs.obj   14     228       0      
    +--+-----------------------------+------+---------+---------+
       Total:                        14     228       0      
                                                             
    C:/ti/simplelink_msp432p4_sdk_3_30_00_13/source/ti/devices/msp432p4xx/driverlib/ccs/msp432p4xx_driverlib.lib
       i2c.o                         690    0         0      
       gpio.o                        136    48        0      
    +--+-----------------------------+------+---------+---------+
       Total:                        826    48        0      
                                                             
    C:\ti\ccs910\ccs\tools\compiler\ti-cgt-arm_18.12.2.LTS\lib\rtsv7M4_T_le_v4SPD16_eabi.lib
       memcpy_t2.asm.obj             156    0         0      
       copy_decompress_lzss.c.obj    104    0         0      
       autoinit.c.obj                68     0         0      
       boot_cortex_m.c.obj           52     0         0      
       copy_zero_init.c.obj          28     0         0      
       copy_decompress_none.c.obj    14     0         0      
       exit.c.obj                    4      0         0      
       pre_init.c.obj                4      0         0      
    +--+-----------------------------+------+---------+---------+
       Total:                        430    0         0      
                                                             
       Stack:                        0      0         1024   
       Linker Generated:             0      72        0      
    +--+-----------------------------+------+---------+---------+
       Grand Total:                  5888   368       1228   


LINKER GENERATED COPY TABLES

__TI_cinit_table @ 00001868 records: 2, size/record: 8, table size: 16
	.data: load addr=00001830, load size=00000024 bytes, run addr=20000000, run size=0000005c bytes, compression=lzss
	.bss: load addr=00001860, load size=00000008 bytes, run addr=2000005c, run size=0000000b bytes, compression=zero_init


LINKER GENERATED HANDLER TABLE

__TI_handler_table @ 00001854 records: 3, size/record: 4, table size: 12
	index: 0, handler: __TI_decompress_lzss
	index: 1, handler: __TI_decompress_none
	index: 2, handler: __TI_zero_init


GLOBAL SYMBOLS: SORTED ALPHABETICALLY BY Name 

address   name                                       
-------   ----                                       
000012af  ADC14_IRQHandler                           
000012af  AES256_IRQHandler                          
00001371  Bump_Init                                  
00000c65  Bump_Read                                  
000012af  BusFault_Handler                           
000017e5  C$$EXIT                                    
000012af  COMP_E0_IRQHandler                         
000012af  COMP_E1_IRQHandler                         
20000008  CPMwait                                    
000012af  CS_IRQHandler                              
20000000  ClockFrequency                             
000015dd  Clock_Delay1ms                             
000008a5  Clock_Init48MHz                            
20000014  Crystalstable                              
000012af  DMA_ERR_IRQHandler                         
000012af  DMA_INT0_IRQHandler                        
000012af  DMA_INT1_IRQHandler                        
000012af  DMA_INT2_IRQHandler                        
000012af  DMA_INT3_IRQHandler                        
000012af  DebugMon_Handler                           
000012af  Default_Handler                            
000012af  EUSCIA0_IRQHandler                         
000012af  EUSCIA1_IRQHandler                         
000012af  EUSCIA2_IRQHandler                         
000012af  EUSCIA3_IRQHandler                         
000012af  EUSCIB0_IRQHandler                         
000012af  EUSCIB1_IRQHandler                         
000012af  EUSCIB2_IRQHandler                         
000012af  EUSCIB3_IRQHandler                         
000012af  FLCTL_IRQHandler                           
000012af  FPU_IRQHandler                             
00001011  GPIO_setAsPeripheralModuleFunctionOutputPin
000012af  HardFault_Handler                          
00001711  I2C_clearInterruptFlag                     
00001727  I2C_disableModule                          
0000173d  I2C_enableModule                           
00001697  I2C_getInterruptStatus                     
00001609  I2C_init                                   
0000124d  I2C_initMaster                             
000016b1  I2C_isBusBusy                              
0000149d  I2C_masterReceiveMultiByteFinish           
00001753  I2C_masterReceiveMultiByteNext             
0000167d  I2C_masterReceiveStart                     
00001111  I2C_masterSendMultiByteFinish              
00001515  I2C_masterSendMultiByteNext                
0000117d  I2C_masterSendMultiByteStart               
000014dd  I2C_masterSendMultiByteStop                
00000ef9  I2C_read16                                 
00001629  I2C_setMode                                
00001767  I2C_setSlaveAddress                        
00001645  I2C_setslave                               
000013cd  I2C_write16                                
20000010  IFlags                                     
000016c9  Init_I2C_GPIO                              
00000af9  Initialize_System                          
000012af  MemManage_Handler                          
000012af  NMI_Handler                                
00000a21  OPT3001_getLux                             
0000177b  OPT3001_init                               
000012af  PCM_IRQHandler                             
00001415  PORT1_IRQHandler                           
00001415  PORT1_IRQHandler                           
000012af  PORT2_IRQHandler                           
000012af  PORT3_IRQHandler                           
000012af  PORT4_IRQHandler                           
00000e61  PORT5_IRQHandler                           
00000e61  PORT5_IRQHandler                           
000012af  PORT6_IRQHandler                           
000012af  PSS_IRQHandler                             
000012af  PendSV_Handler                             
2000000c  Postwait                                   
20000004  Prewait                                    
000012af  RTC_C_IRQHandler                           
000017bd  Reset_Handler                              
000012af  SVC_Handler                                
00001791  SysTick_Handler                            
00001791  SysTick_Handler                            
00001099  SystemInit                                 
000012af  T32_INT1_IRQHandler                        
000012af  T32_INT2_IRQHandler                        
000012af  T32_INTC_IRQHandler                        
000012af  TA0_0_IRQHandler                           
000012af  TA0_N_IRQHandler                           
000012af  TA1_0_IRQHandler                           
000012af  TA1_N_IRQHandler                           
000012af  TA2_0_IRQHandler                           
000012af  TA2_N_IRQHandler                           
000012af  TA3_0_IRQHandler                           
000012af  TA3_N_IRQHandler                           
000012af  UsageFault_Handler                         
4000480c  WDTCTL_SYM                                 
000012af  WDT_A_IRQHandler                           
20010000  __STACK_END                                
00000200  __STACK_SIZE                               
00001868  __TI_CINIT_Base                            
00001878  __TI_CINIT_Limit                           
00001854  __TI_Handler_Table_Base                    
00001860  __TI_Handler_Table_Limit                   
00001459  __TI_auto_init_nobinit_nopinit             
000011e5  __TI_decompress_lzss                       
000017a1  __TI_decompress_none                       
ffffffff  __TI_pprof_out_hndl                        
ffffffff  __TI_prof_data_size                        
ffffffff  __TI_prof_data_start                       
00000000  __TI_static_base__                         
00001661  __TI_zero_init_nomemset                    
00000dc5  __aeabi_memcpy                             
00000dc5  __aeabi_memcpy4                            
00000dc5  __aeabi_memcpy8                            
ffffffff  __binit__                                  
ffffffff  __c_args__                                 
UNDEFED   __mpu_init                                 
2000fe00  __stack                                    
00001549  _c_int00_noargs                            
UNDEFED   _system_post_cinit                         
000017e1  _system_pre_init                           
000017e5  abort                                      
ffffffff  binit                                      
20000060  bump_data                                  
20000061  bump_data0                                 
20000062  bump_data1                                 
20000063  bump_data2                                 
20000064  bump_data3                                 
20000065  bump_data4                                 
20000066  bump_data5                                 
000016e1  button_S1_pressed                          
20000051  button_S1_pressed_flag                     
000016f9  button_S2_pressed                          
20000052  button_S2_pressed_flag                     
00000f85  button_init                                
000017af  delay                                      
00000bb1  encoder_init                               
000017c9  get_left_motor_count                       
000017d5  get_right_motor_count                      
2000004c  i                                          
00001818  i2cConfig                                  
00000000  interruptVectors                           
20000054  left_motor_count                           
20000018  left_motor_pwm_config                      
2000005c  lux                                        
000000e5  main                                       
00000dc5  memcpy                                     
00000d15  motor_init                                 
20000058  right_motor_count                          
20000030  right_motor_pwm_config                     
0000157d  set_left_motor_direction                   
000012b1  set_left_motor_pwm                         
000015ad  set_right_motor_direction                  
00001311  set_right_motor_pwm                        
20000050  state                                      
20000048  tick                                       


GLOBAL SYMBOLS: SORTED BY Symbol Address 

address   name                                       
-------   ----                                       
00000000  __TI_static_base__                         
00000000  interruptVectors                           
000000e5  main                                       
00000200  __STACK_SIZE                               
000008a5  Clock_Init48MHz                            
00000a21  OPT3001_getLux                             
00000af9  Initialize_System                          
00000bb1  encoder_init                               
00000c65  Bump_Read                                  
00000d15  motor_init                                 
00000dc5  __aeabi_memcpy                             
00000dc5  __aeabi_memcpy4                            
00000dc5  __aeabi_memcpy8                            
00000dc5  memcpy                                     
00000e61  PORT5_IRQHandler                           
00000e61  PORT5_IRQHandler                           
00000ef9  I2C_read16                                 
00000f85  button_init                                
00001011  GPIO_setAsPeripheralModuleFunctionOutputPin
00001099  SystemInit                                 
00001111  I2C_masterSendMultiByteFinish              
0000117d  I2C_masterSendMultiByteStart               
000011e5  __TI_decompress_lzss                       
0000124d  I2C_initMaster                             
000012af  ADC14_IRQHandler                           
000012af  AES256_IRQHandler                          
000012af  BusFault_Handler                           
000012af  COMP_E0_IRQHandler                         
000012af  COMP_E1_IRQHandler                         
000012af  CS_IRQHandler                              
000012af  DMA_ERR_IRQHandler                         
000012af  DMA_INT0_IRQHandler                        
000012af  DMA_INT1_IRQHandler                        
000012af  DMA_INT2_IRQHandler                        
000012af  DMA_INT3_IRQHandler                        
000012af  DebugMon_Handler                           
000012af  Default_Handler                            
000012af  EUSCIA0_IRQHandler                         
000012af  EUSCIA1_IRQHandler                         
000012af  EUSCIA2_IRQHandler                         
000012af  EUSCIA3_IRQHandler                         
000012af  EUSCIB0_IRQHandler                         
000012af  EUSCIB1_IRQHandler                         
000012af  EUSCIB2_IRQHandler                         
000012af  EUSCIB3_IRQHandler                         
000012af  FLCTL_IRQHandler                           
000012af  FPU_IRQHandler                             
000012af  HardFault_Handler                          
000012af  MemManage_Handler                          
000012af  NMI_Handler                                
000012af  PCM_IRQHandler                             
000012af  PORT2_IRQHandler                           
000012af  PORT3_IRQHandler                           
000012af  PORT4_IRQHandler                           
000012af  PORT6_IRQHandler                           
000012af  PSS_IRQHandler                             
000012af  PendSV_Handler                             
000012af  RTC_C_IRQHandler                           
000012af  SVC_Handler                                
000012af  T32_INT1_IRQHandler                        
000012af  T32_INT2_IRQHandler                        
000012af  T32_INTC_IRQHandler                        
000012af  TA0_0_IRQHandler                           
000012af  TA0_N_IRQHandler                           
000012af  TA1_0_IRQHandler                           
000012af  TA1_N_IRQHandler                           
000012af  TA2_0_IRQHandler                           
000012af  TA2_N_IRQHandler                           
000012af  TA3_0_IRQHandler                           
000012af  TA3_N_IRQHandler                           
000012af  UsageFault_Handler                         
000012af  WDT_A_IRQHandler                           
000012b1  set_left_motor_pwm                         
00001311  set_right_motor_pwm                        
00001371  Bump_Init                                  
000013cd  I2C_write16                                
00001415  PORT1_IRQHandler                           
00001415  PORT1_IRQHandler                           
00001459  __TI_auto_init_nobinit_nopinit             
0000149d  I2C_masterReceiveMultiByteFinish           
000014dd  I2C_masterSendMultiByteStop                
00001515  I2C_masterSendMultiByteNext                
00001549  _c_int00_noargs                            
0000157d  set_left_motor_direction                   
000015ad  set_right_motor_direction                  
000015dd  Clock_Delay1ms                             
00001609  I2C_init                                   
00001629  I2C_setMode                                
00001645  I2C_setslave                               
00001661  __TI_zero_init_nomemset                    
0000167d  I2C_masterReceiveStart                     
00001697  I2C_getInterruptStatus                     
000016b1  I2C_isBusBusy                              
000016c9  Init_I2C_GPIO                              
000016e1  button_S1_pressed                          
000016f9  button_S2_pressed                          
00001711  I2C_clearInterruptFlag                     
00001727  I2C_disableModule                          
0000173d  I2C_enableModule                           
00001753  I2C_masterReceiveMultiByteNext             
00001767  I2C_setSlaveAddress                        
0000177b  OPT3001_init                               
00001791  SysTick_Handler                            
00001791  SysTick_Handler                            
000017a1  __TI_decompress_none                       
000017af  delay                                      
000017bd  Reset_Handler                              
000017c9  get_left_motor_count                       
000017d5  get_right_motor_count                      
000017e1  _system_pre_init                           
000017e5  C$$EXIT                                    
000017e5  abort                                      
00001818  i2cConfig                                  
00001854  __TI_Handler_Table_Base                    
00001860  __TI_Handler_Table_Limit                   
00001868  __TI_CINIT_Base                            
00001878  __TI_CINIT_Limit                           
20000000  ClockFrequency                             
20000004  Prewait                                    
20000008  CPMwait                                    
2000000c  Postwait                                   
20000010  IFlags                                     
20000014  Crystalstable                              
20000018  left_motor_pwm_config                      
20000030  right_motor_pwm_config                     
20000048  tick                                       
2000004c  i                                          
20000050  state                                      
20000051  button_S1_pressed_flag                     
20000052  button_S2_pressed_flag                     
20000054  left_motor_count                           
20000058  right_motor_count                          
2000005c  lux                                        
20000060  bump_data                                  
20000061  bump_data0                                 
20000062  bump_data1                                 
20000063  bump_data2                                 
20000064  bump_data3                                 
20000065  bump_data4                                 
20000066  bump_data5                                 
2000fe00  __stack                                    
20010000  __STACK_END                                
4000480c  WDTCTL_SYM                                 
ffffffff  __TI_pprof_out_hndl                        
ffffffff  __TI_prof_data_size                        
ffffffff  __TI_prof_data_start                       
ffffffff  __binit__                                  
ffffffff  __c_args__                                 
ffffffff  binit                                      
UNDEFED   __mpu_init                                 
UNDEFED   _system_post_cinit                         

[151 symbols]
